MPLINK 5.00, LINKER
Linker Map File - Created Tue Jun 11 14:49:23 2019

                                 Section Info
                  Section       Type    Address   Location Size(Bytes)
                ---------  ---------  ---------  ---------  ---------
               _entry_scn       code   0x000000    program   0x000006
    HIGH_INTERRUPT_VECTOR       code   0x000008    program   0x000006
     LOW_INTERRUPT_VECTOR       code   0x000018    program   0x000006
    REMAPPED_RESET_VECTOR       code   0x001000    program   0x000006
           .code___init.o       code   0x001006    program   0x000002
REMAPPED_HIGH_INTERRUPT_VECTOR       code   0x001008    program   0x000006
REMAPPED_LOW_INTERRUPT_VECTOR       code   0x001018    program   0x000006
                   .cinit    romdata   0x00101e    program   0x00000e
             .code_main.o       code   0x00102c    program   0x001622
       .code_usb_device.o       code   0x00264e    program   0x001252
           .code_eeprom.o       code   0x0038a0    program   0x0001e4
.romdata_usb_descriptors.o    romdata   0x003a84    program   0x0001a1
        .romdata_eeprom.o    romdata   0x003c25    program   0x000000
        .idata_eeprom.o_i    romdata   0x003c25    program   0x000000
      .idata_fxd1616u.o_i    romdata   0x003c25    program   0x000000
      .romdata_fxd1616u.o    romdata   0x003c25    program   0x000000
        .idata___init.o_i    romdata   0x003c25    program   0x000000
        .romdata___init.o    romdata   0x003c25    program   0x000000
.romdata_usb_function_hid.o    romdata   0x003c25    program   0x000000
.idata_usb_function_hid.o_i    romdata   0x003c25    program   0x000000
    .romdata_usb_device.o    romdata   0x003c25    program   0x000000
    .idata_usb_device.o_i    romdata   0x003c25    program   0x000000
         .idata_c018i.o_i    romdata   0x003c25    program   0x000000
         .romdata_c018i.o    romdata   0x003c25    program   0x000000
.idata_usb_descriptors.o_i    romdata   0x003c25    program   0x000000
          .romdata_main.o    romdata   0x003c25    program   0x000000
             .stringtable    romdata   0x003c25    program   0x000000
            .code_c018i.o       code   0x003c26    program   0x000000
  .code_usb_descriptors.o       code   0x003c26    program   0x000000
 .code_usb_function_hid.o       code   0x003c26    program   0x000122
                     PROG       code   0x003d48    program   0x0000a6
               _cinit_scn       code   0x003dee    program   0x00009e
                   STRING       code   0x003e8c    program   0x000050
         .code_fxd1616u.o       code   0x003edc    program   0x00002c
                    .code       code   0x003f08    program   0x000020
             _startup_scn       code   0x003f28    program   0x00001c
          .idata_main.o_i    romdata   0x003f44    program   0x00003d
    .config_300000_main.o    romdata   0x300000    program   0x000001
    .config_300001_main.o    romdata   0x300001    program   0x000001
    .config_300002_main.o    romdata   0x300002    program   0x000001
    .config_300003_main.o    romdata   0x300003    program   0x000001
    .config_300005_main.o    romdata   0x300005    program   0x000001
    .config_300006_main.o    romdata   0x300006    program   0x000001
    .config_300008_main.o    romdata   0x300008    program   0x000001
    .config_300009_main.o    romdata   0x300009    program   0x000001
    .config_30000a_main.o    romdata   0x30000a    program   0x000001
    .config_30000b_main.o    romdata   0x30000b    program   0x000001
    .config_30000c_main.o    romdata   0x30000c    program   0x000001
    .config_30000d_main.o    romdata   0x30000d    program   0x000001
                MATH_DATA      udata   0x000000       data   0x000014
                 .tmpdata      udata   0x000014       data   0x00000b
      .udata_usb_device.o      udata   0x000060       data   0x000040
            .idata_main.o      idata   0x0000a0       data   0x00003d
           .udata_c018i.o      udata   0x0000dd       data   0x00000a
.udata_usb_function_hid.o      udata   0x0000e7       data   0x000002
           .idata_c018i.o      idata   0x0000e9       data   0x000000
 .udata_usb_descriptors.o      udata   0x0000e9       data   0x000000
 .idata_usb_descriptors.o      idata   0x0000e9       data   0x000000
          .idata___init.o      idata   0x0000e9       data   0x000000
      .idata_usb_device.o      idata   0x0000e9       data   0x000000
          .udata___init.o      udata   0x0000e9       data   0x000000
.idata_usb_function_hid.o      idata   0x0000e9       data   0x000000
          .udata_eeprom.o      udata   0x0000e9       data   0x000000
          .idata_eeprom.o      idata   0x0000e9       data   0x000000
        .idata_fxd1616u.o      idata   0x0000e9       data   0x000000
        .udata_fxd1616u.o      udata   0x0000e9       data   0x000000
                   .stack      udata   0x000100       data   0x000040
            .udata_main.o      udata   0x000140       data   0x000026
                  USB_BDT      udata   0x000200       data   0x000069
                  usbram2      udata   0x000269       data   0x000090
              SFR_BANKED0      udata   0x000f53       data   0x00000d
            SFR_UNBANKED0      udata   0x000f60       data   0x0000a0



                              Program Memory Usage 
                               Start         End      
                           ---------   ---------      
                            0x000000    0x000005      
                            0x000008    0x00000d      
                            0x000018    0x00001d      
                            0x001000    0x00100d      
                            0x001018    0x003c24      
                            0x003c26    0x003f80      
                            0x300000    0x300003      
                            0x300005    0x300006      
                            0x300008    0x30000d      
            12180 out of 16408 program addresses used, program memory utilization is 74%



                              Symbols - Sorted by Name
                     Name    Address   Location    Storage File                     
                ---------  ---------  ---------  --------- ---------                
                   D1616S   0x003d6a    program     static E:\3.46\pic18-lt\cxx-framework\src\traditional\math\fxd1616s.asm
                D1616SNEG   0x003d78    program     static E:\3.46\pic18-lt\cxx-framework\src\traditional\math\fxd1616s.asm
                 D1616SOK   0x003d74    program     static E:\3.46\pic18-lt\cxx-framework\src\traditional\math\fxd1616s.asm
                  D1616SX   0x003d8a    program     static E:\3.46\pic18-lt\cxx-framework\src\traditional\math\fxd1616s.asm
                  DA1616S   0x003d5a    program     static E:\3.46\pic18-lt\cxx-framework\src\traditional\math\fxd1616s.asm
                 FXD1616S   0x003d48    program     extern E:\3.46\pic18-lt\cxx-framework\src\traditional\math\fxd1616s.asm
                 FXD1616U   0x003edc    program     extern E:\3.46\pic18-lt\cxx-framework\src\traditional\math\fxd1616u.c
                 FXM1616S   0x003d94    program     extern E:\3.46\pic18-lt\cxx-framework\src\traditional\math\fxm1616s.asm
                 High_ISR   0x000008    program     extern C:\Users\ISSOU_Kitahara\Documents\_Revive_Mini\ReviveMicro_FW_ver001\ver001\main.c
         InitializeSystem   0x001066    program     static C:\Users\ISSOU_Kitahara\Documents\_Revive_Mini\ReviveMicro_FW_ver001\ver001\main.c
                  Low_ISR   0x000018    program     extern C:\Users\ISSOU_Kitahara\Documents\_Revive_Mini\ReviveMicro_FW_ver001\ver001\main.c
                ProcessIO   0x001332    program     extern C:\Users\ISSOU_Kitahara\Documents\_Revive_Mini\ReviveMicro_FW_ver001\ver001\main.c
               ReadEEPROM   0x0038a0    program     extern C:\Users\ISSOU_Kitahara\Documents\_Revive_Mini\ReviveMicro_FW_ver001\ver001\eeprom.c
         ReadEEPROM_Agree   0x0038fc    program     extern C:\Users\ISSOU_Kitahara\Documents\_Revive_Mini\ReviveMicro_FW_ver001\ver001\eeprom.c
        Remapped_High_ISR   0x001008    program     extern C:\Users\ISSOU_Kitahara\Documents\_Revive_Mini\ReviveMicro_FW_ver001\ver001\main.c
         Remapped_Low_ISR   0x001018    program     extern C:\Users\ISSOU_Kitahara\Documents\_Revive_Mini\ReviveMicro_FW_ver001\ver001\main.c
               TSIGN1616A   0x003de0    program     static E:\3.46\pic18-lt\cxx-framework\src\traditional\math\fxm1616s.asm
       USBCBCheckOtherReq   0x002554    program     extern C:\Users\ISSOU_Kitahara\Documents\_Revive_Mini\ReviveMicro_FW_ver001\ver001\main.c
        USBCBErrorHandler   0x002552    program     extern C:\Users\ISSOU_Kitahara\Documents\_Revive_Mini\ReviveMicro_FW_ver001\ver001\main.c
              USBCBInitEP   0x00255a    program     extern C:\Users\ISSOU_Kitahara\Documents\_Revive_Mini\ReviveMicro_FW_ver001\ver001\main.c
          USBCBSendResume   0x00259c    program     extern C:\Users\ISSOU_Kitahara\Documents\_Revive_Mini\ReviveMicro_FW_ver001\ver001\main.c
    USBCBStdSetDscHandler   0x002558    program     extern C:\Users\ISSOU_Kitahara\Documents\_Revive_Mini\ReviveMicro_FW_ver001\ver001\main.c
             USBCBSuspend   0x00254c    program     extern C:\Users\ISSOU_Kitahara\Documents\_Revive_Mini\ReviveMicro_FW_ver001\ver001\main.c
     USBCBWakeFromSuspend   0x00254e    program     extern C:\Users\ISSOU_Kitahara\Documents\_Revive_Mini\ReviveMicro_FW_ver001\ver001\main.c
        USBCB_SOF_Handler   0x002550    program     extern C:\Users\ISSOU_Kitahara\Documents\_Revive_Mini\ReviveMicro_FW_ver001\ver001\main.c
              USBCancelIO   0x002b28    program     extern C:\Users\ISSOU_Kitahara\Documents\_Revive_Mini\ReviveMicro_FW_ver001\ver001\Microchip\USB\usb_device.c
       USBCheckHIDRequest   0x003c26    program     extern C:\Users\ISSOU_Kitahara\Documents\_Revive_Mini\ReviveMicro_FW_ver001\ver001\Microchip\USB\HID Device Driver\usb_function_hid.c
       USBCheckStdRequest   0x003572    program     static C:\Users\ISSOU_Kitahara\Documents\_Revive_Mini\ReviveMicro_FW_ver001\ver001\Microchip\USB\usb_device.c
     USBConfigureEndpoint   0x002cf6    program     static C:\Users\ISSOU_Kitahara\Documents\_Revive_Mini\ReviveMicro_FW_ver001\ver001\Microchip\USB\usb_device.c
  USBCtrlEPAllowDataStage   0x002c7a    program     extern C:\Users\ISSOU_Kitahara\Documents\_Revive_Mini\ReviveMicro_FW_ver001\ver001\Microchip\USB\usb_device.c
USBCtrlEPAllowStatusStage   0x002bd8    program     extern C:\Users\ISSOU_Kitahara\Documents\_Revive_Mini\ReviveMicro_FW_ver001\ver001\Microchip\USB\usb_device.c
         USBCtrlEPService   0x00334a    program     static C:\Users\ISSOU_Kitahara\Documents\_Revive_Mini\ReviveMicro_FW_ver001\ver001\Microchip\USB\usb_device.c
 USBCtrlEPServiceComplete   0x002da2    program     static C:\Users\ISSOU_Kitahara\Documents\_Revive_Mini\ReviveMicro_FW_ver001\ver001\Microchip\USB\usb_device.c
      USBCtrlTrfInHandler   0x0034be    program     static C:\Users\ISSOU_Kitahara\Documents\_Revive_Mini\ReviveMicro_FW_ver001\ver001\Microchip\USB\usb_device.c
     USBCtrlTrfOutHandler   0x003474    program     static C:\Users\ISSOU_Kitahara\Documents\_Revive_Mini\ReviveMicro_FW_ver001\ver001\Microchip\USB\usb_device.c
      USBCtrlTrfRxService   0x002f22    program     static C:\Users\ISSOU_Kitahara\Documents\_Revive_Mini\ReviveMicro_FW_ver001\ver001\Microchip\USB\usb_device.c
   USBCtrlTrfSetupHandler   0x003416    program     static C:\Users\ISSOU_Kitahara\Documents\_Revive_Mini\ReviveMicro_FW_ver001\ver001\Microchip\USB\usb_device.c
      USBCtrlTrfTxService   0x002e64    program     static C:\Users\ISSOU_Kitahara\Documents\_Revive_Mini\ReviveMicro_FW_ver001\ver001\Microchip\USB\usb_device.c
            USBDeviceInit   0x00264e    program     extern C:\Users\ISSOU_Kitahara\Documents\_Revive_Mini\ReviveMicro_FW_ver001\ver001\Microchip\USB\usb_device.c
           USBDeviceTasks   0x00276e    program     extern C:\Users\ISSOU_Kitahara\Documents\_Revive_Mini\ReviveMicro_FW_ver001\ver001\Microchip\USB\usb_device.c
        USBEnableEndpoint   0x0028ec    program     extern C:\Users\ISSOU_Kitahara\Documents\_Revive_Mini\ReviveMicro_FW_ver001\ver001\Microchip\USB\usb_device.c
         USBStallEndpoint   0x002a4c    program     extern C:\Users\ISSOU_Kitahara\Documents\_Revive_Mini\ReviveMicro_FW_ver001\ver001\Microchip\USB\usb_device.c
          USBStallHandler   0x0032be    program     static C:\Users\ISSOU_Kitahara\Documents\_Revive_Mini\ReviveMicro_FW_ver001\ver001\Microchip\USB\usb_device.c
  USBStdFeatureReqHandler   0x003630    program     static C:\Users\ISSOU_Kitahara\Documents\_Revive_Mini\ReviveMicro_FW_ver001\ver001\Microchip\USB\usb_device.c
      USBStdGetDscHandler   0x003142    program     static C:\Users\ISSOU_Kitahara\Documents\_Revive_Mini\ReviveMicro_FW_ver001\ver001\Microchip\USB\usb_device.c
   USBStdGetStatusHandler   0x0031fc    program     static C:\Users\ISSOU_Kitahara\Documents\_Revive_Mini\ReviveMicro_FW_ver001\ver001\Microchip\USB\usb_device.c
      USBStdSetCfgHandler   0x003060    program     static C:\Users\ISSOU_Kitahara\Documents\_Revive_Mini\ReviveMicro_FW_ver001\ver001\Microchip\USB\usb_device.c
               USBSuspend   0x0032f2    program     static C:\Users\ISSOU_Kitahara\Documents\_Revive_Mini\ReviveMicro_FW_ver001\ver001\Microchip\USB\usb_device.c
     USBTransferOnePacket   0x00295a    program     extern C:\Users\ISSOU_Kitahara\Documents\_Revive_Mini\ReviveMicro_FW_ver001\ver001\Microchip\USB\usb_device.c
       USBWakeFromSuspend   0x00331c    program     static C:\Users\ISSOU_Kitahara\Documents\_Revive_Mini\ReviveMicro_FW_ver001\ver001\Microchip\USB\usb_device.c
               USB_CD_Ptr   0x003c1d    program     extern C:\Users\ISSOU_Kitahara\Documents\_Revive_Mini\ReviveMicro_FW_ver001\ver001\usb_descriptors.c
               USB_SD_Ptr   0x003c1f    program     extern C:\Users\ISSOU_Kitahara\Documents\_Revive_Mini\ReviveMicro_FW_ver001\ver001\usb_descriptors.c
USER_USB_CALLBACK_EVENT_HANDLER   0x0025b8    program     extern C:\Users\ISSOU_Kitahara\Documents\_Revive_Mini\ReviveMicro_FW_ver001\ver001\main.c
                 UserInit   0x001070    program     extern C:\Users\ISSOU_Kitahara\Documents\_Revive_Mini\ReviveMicro_FW_ver001\ver001\main.c
              WriteEEPROM   0x0038bc    program     extern C:\Users\ISSOU_Kitahara\Documents\_Revive_Mini\ReviveMicro_FW_ver001\ver001\eeprom.c
        WriteEEPROM_Agree   0x003a08    program     extern C:\Users\ISSOU_Kitahara\Documents\_Revive_Mini\ReviveMicro_FW_ver001\ver001\eeprom.c
  YourHighPriorityISRCode   0x00102c    program     extern C:\Users\ISSOU_Kitahara\Documents\_Revive_Mini\ReviveMicro_FW_ver001\ver001\main.c
   YourLowPriorityISRCode   0x00103a    program     extern C:\Users\ISSOU_Kitahara\Documents\_Revive_Mini\ReviveMicro_FW_ver001\ver001\main.c
              _2jContinue   0x003eac    program     static E:\3.46\pic18-lt\cxx-framework\src\traditional\stdclib\memset.asm
                   _3jEnd   0x003eb6    program     static E:\3.46\pic18-lt\cxx-framework\src\traditional\stdclib\memset.asm
           ___?:_lbl00032   0x0014b0    program     static                          
           ___?:_lbl00033   0x0014ae    program     static                          
           ___?:_lbl00034   0x0014e8    program     static                          
           ___?:_lbl00035   0x0014e6    program     static                          
           ___?:_lbl00075   0x001b80    program     static                          
           ___?:_lbl00076   0x001b70    program     static                          
           ___?:_lbl00097   0x001ef2    program     static                          
           ___?:_lbl00098   0x001ee2    program     static                          
           ___?:_lbl00101   0x001f86    program     static                          
           ___?:_lbl00102   0x001f76    program     static                          
           ___?:_lbl00104   0x001fcc    program     static                          
           ___?:_lbl00105   0x001fbc    program     static                          
           ___?:_lbl00108   0x002044    program     static                          
           ___?:_lbl00109   0x002034    program     static                          
           ___?:_lbl00124   0x002242    program     static                          
           ___?:_lbl00125   0x002232    program     static                          
           ___?:_lbl00127   0x00228c    program     static                          
           ___?:_lbl00128   0x00227c    program     static                          
           ___?:_lbl00135   0x002384    program     static                          
           ___?:_lbl00136   0x002374    program     static                          
           ___?:_lbl00153   0x0024e4    program     static                          
           ___?:_lbl00154   0x0024d4    program     static                          
       ___case_0_lbl00063   0x001528    program     static                          
     ___case_114_lbl00177   0x00263c    program     static                          
     ___case_115_lbl00173   0x00262c    program     static                          
     ___case_116_lbl00175   0x002634    program     static                          
     ___case_117_lbl00174   0x002630    program     static                          
     ___case_128_lbl00122   0x00206c    program     static                          
     ___case_129_lbl00123   0x002212    program     static                          
       ___case_1_lbl00066   0x001962    program     static                          
       ___case_1_lbl00170   0x002620    program     static                          
       ___case_2_lbl00072   0x001a0a    program     static                          
       ___case_2_lbl00171   0x002624    program     static                          
   ___case_32767_lbl00176   0x002638    program     static                          
       ___case_3_lbl00172   0x002628    program     static                          
      ___case_55_lbl00139   0x002270    program     static                          
      ___case_85_lbl00140   0x0023b2    program     static                          
      ___case_86_lbl00146   0x0023ee    program     static                          
      ___default_lbl00073   0x001b58    program     static                          
      ___default_lbl00178   0x002640    program     static                          
         ___else_lbl00037   0x0014ba    program     static                          
         ___else_lbl00045   0x001868    program     static                          
         ___else_lbl00047   0x0017fe    program     static                          
         ___else_lbl00049   0x001794    program     static                          
         ___else_lbl00051   0x001724    program     static                          
         ___else_lbl00053   0x0016b4    program     static                          
         ___else_lbl00055   0x001644    program     static                          
         ___else_lbl00057   0x0015d4    program     static                          
         ___else_lbl00059   0x00159c    program     static                          
         ___else_lbl00061   0x001566    program     static                          
         ___else_lbl00079   0x001c0a    program     static                          
         ___else_lbl00082   0x001c7c    program     static                          
         ___else_lbl00085   0x001d06    program     static                          
         ___else_lbl00088   0x001d78    program     static                          
         ___else_lbl00091   0x001dee    program     static                          
         ___else_lbl00094   0x001e7c    program     static                          
         ___else_lbl00152   0x0024c4    program     static                          
          ___for_lbl00030   0x001b5a    program     static                          
          ___for_lbl00031   0x001b64    program     static                          
          ___for_lbl00074   0x001460    program     static                          
          ___for_lbl00115   0x002206    program     static                          
          ___for_lbl00116   0x002210    program     static                          
          ___for_lbl00117   0x0021fa    program     static                          
          ___for_lbl00118   0x002206    program     static                          
          ___for_lbl00119   0x0020c4    program     static                          
          ___for_lbl00120   0x0020a2    program     static                          
          ___for_lbl00129   0x00235e    program     static                          
          ___for_lbl00130   0x002368    program     static                          
          ___for_lbl00131   0x002352    program     static                          
          ___for_lbl00132   0x00235e    program     static                          
          ___for_lbl00133   0x0022bc    program     static                          
          ___for_lbl00134   0x00229c    program     static                          
          ___for_lbl00141   0x0023e0    program     static                          
          ___for_lbl00142   0x0023ea    program     static                          
          ___for_lbl00145   0x0023ba    program     static                          
          ___for_lbl00148   0x00249e    program     static                          
          ___for_lbl00149   0x0024a8    program     static                          
          ___for_lbl00150   0x002442    program     static                          
           ___if_lbl00029   0x00135e    program     static                          
           ___if_lbl00036   0x0014f0    program     static                          
           ___if_lbl00039   0x001642    program     static                          
           ___if_lbl00040   0x0016b2    program     static                          
           ___if_lbl00041   0x001722    program     static                          
           ___if_lbl00042   0x001792    program     static                          
           ___if_lbl00043   0x00195a    program     static                          
           ___if_lbl00044   0x00195a    program     static                          
           ___if_lbl00046   0x00195a    program     static                          
           ___if_lbl00048   0x00195a    program     static                          
           ___if_lbl00050   0x00195a    program     static                          
           ___if_lbl00052   0x00195a    program     static                          
           ___if_lbl00054   0x00195a    program     static                          
           ___if_lbl00056   0x00195a    program     static                          
           ___if_lbl00058   0x00195a    program     static                          
           ___if_lbl00060   0x00195a    program     static                          
           ___if_lbl00062   0x001960    program     static                          
           ___if_lbl00064   0x001a02    program     static                          
           ___if_lbl00065   0x001a08    program     static                          
           ___if_lbl00067   0x001a48    program     static                          
           ___if_lbl00068   0x001a7e    program     static                          
           ___if_lbl00069   0x001ab4    program     static                          
           ___if_lbl00070   0x001aea    program     static                          
           ___if_lbl00071   0x001b56    program     static                          
           ___if_lbl00077   0x001c08    program     static                          
           ___if_lbl00078   0x001c10    program     static                          
           ___if_lbl00080   0x001c7a    program     static                          
           ___if_lbl00081   0x001c82    program     static                          
           ___if_lbl00083   0x001d04    program     static                          
           ___if_lbl00084   0x001d0c    program     static                          
           ___if_lbl00086   0x001d76    program     static                          
           ___if_lbl00087   0x001d7e    program     static                          
           ___if_lbl00089   0x001dec    program     static                          
           ___if_lbl00090   0x001df4    program     static                          
           ___if_lbl00092   0x001e7a    program     static                          
           ___if_lbl00093   0x001e82    program     static                          
           ___if_lbl00095   0x001ed6    program     static                          
           ___if_lbl00096   0x001ed6    program     static                          
           ___if_lbl00099   0x001f6a    program     static                          
           ___if_lbl00100   0x001f6a    program     static                          
           ___if_lbl00103   0x001fb0    program     static                          
           ___if_lbl00106   0x002028    program     static                          
           ___if_lbl00107   0x002028    program     static                          
           ___if_lbl00121   0x002210    program     static                          
           ___if_lbl00126   0x00226e    program     static                          
           ___if_lbl00137   0x0023b0    program     static                          
           ___if_lbl00138   0x0023b0    program     static                          
           ___if_lbl00151   0x0024c8    program     static                          
           ___if_lbl00155   0x002510    program     static                          
           ___if_lbl00156   0x002538    program     static                          
       ___return_lbl00000   0x000004    program     static                          
       ___return_lbl00000   0x003f06    program     static                          
       ___return_lbl00000   0x001004    program     static                          
       ___return_lbl00001   0x00100c    program     static                          
       ___return_lbl00001   0x003f42    program     static                          
       ___return_lbl00002   0x003e8a    program     static                          
       ___return_lbl00002   0x00101c    program     static                          
       ___return_lbl00003   0x00000c    program     static                          
       ___return_lbl00004   0x00001c    program     static                          
       ___return_lbl00027   0x002538    program     static                          
       ___return_lbl00168   0x002646    program     static                          
   ___switchexit_lbl00038   0x001b5a    program     static                          
   ___switchexit_lbl00110   0x002512    program     static                          
   ___switchexit_lbl00169   0x002642    program     static                          
        ___while_lbl00143   0x0023d4    program     static                          
        ___while_lbl00144   0x0023e0    program     static                          
               __config_0   0x300000    program     static C:\Users\ISSOU_Kitahara\Documents\_Revive_Mini\ReviveMicro_FW_ver001\ver001\main.c
               __config_1   0x300001    program     static C:\Users\ISSOU_Kitahara\Documents\_Revive_Mini\ReviveMicro_FW_ver001\ver001\main.c
              __config_10   0x30000c    program     static C:\Users\ISSOU_Kitahara\Documents\_Revive_Mini\ReviveMicro_FW_ver001\ver001\main.c
              __config_11   0x30000d    program     static C:\Users\ISSOU_Kitahara\Documents\_Revive_Mini\ReviveMicro_FW_ver001\ver001\main.c
               __config_2   0x300002    program     static C:\Users\ISSOU_Kitahara\Documents\_Revive_Mini\ReviveMicro_FW_ver001\ver001\main.c
               __config_3   0x300003    program     static C:\Users\ISSOU_Kitahara\Documents\_Revive_Mini\ReviveMicro_FW_ver001\ver001\main.c
               __config_4   0x300005    program     static C:\Users\ISSOU_Kitahara\Documents\_Revive_Mini\ReviveMicro_FW_ver001\ver001\main.c
               __config_5   0x300006    program     static C:\Users\ISSOU_Kitahara\Documents\_Revive_Mini\ReviveMicro_FW_ver001\ver001\main.c
               __config_6   0x300008    program     static C:\Users\ISSOU_Kitahara\Documents\_Revive_Mini\ReviveMicro_FW_ver001\ver001\main.c
               __config_7   0x300009    program     static C:\Users\ISSOU_Kitahara\Documents\_Revive_Mini\ReviveMicro_FW_ver001\ver001\main.c
               __config_8   0x30000a    program     static C:\Users\ISSOU_Kitahara\Documents\_Revive_Mini\ReviveMicro_FW_ver001\ver001\main.c
               __config_9   0x30000b    program     static C:\Users\ISSOU_Kitahara\Documents\_Revive_Mini\ReviveMicro_FW_ver001\ver001\main.c
                   __init   0x001006    program     extern E:\3.46\pic18-lt\cxx-framework\src\traditional\stdclib\__init.c
              __tmplbl_10   0x00243e    program     static                          
              __tmplbl_11   0x002422    program     static                          
              __tmplbl_12   0x0025d4    program     static                          
              __tmplbl_13   0x0025e0    program     static                          
              __tmplbl_14   0x0025ea    program     static                          
              __tmplbl_15   0x0025f4    program     static                          
              __tmplbl_16   0x0025fe    program     static                          
              __tmplbl_17   0x002608    program     static                          
              __tmplbl_18   0x002612    program     static                          
              __tmplbl_19   0x00261c    program     static                          
              __tmplbl_23   0x00134e    program     static                          
              __tmplbl_24   0x00241c    program     static                          
              __tmplbl_25   0x002436    program     static                          
              __tmplbl_26   0x002462    program     static                          
               __tmplbl_3   0x00135a    program     static                          
               __tmplbl_4   0x001354    program     static                          
               __tmplbl_5   0x00209e    program     static                          
               __tmplbl_6   0x002094    program     static                          
               __tmplbl_7   0x00208a    program     static                          
               __tmplbl_8   0x002080    program     static                          
               __tmplbl_9   0x002076    program     static                          
            __zero_memory   0x003f08    program     extern E:\3.46\pic18-lt\cxx-framework\src\traditional\proc\p18f14k50.asm
                _do_cinit   0x003dee    program     extern E:\3.46\pic18-lt\cxx-framework\src\traditional\startup\c018i.c
                   _entry   0x000000    program     extern E:\3.46\pic18-lt\cxx-framework\src\traditional\startup\c018i.c
                   _reset   0x001000    program     extern C:\Users\ISSOU_Kitahara\Documents\_Revive_Mini\ReviveMicro_FW_ver001\ver001\main.c
                 _startup   0x003f28    program     extern E:\3.46\pic18-lt\cxx-framework\src\traditional\startup\c018i.c
                compare_l   0x003f1e    program     static E:\3.46\pic18-lt\cxx-framework\src\traditional\proc\p18f14k50.asm
        configDescriptor1   0x003a96    program     extern C:\Users\ISSOU_Kitahara\Documents\_Revive_Mini\ReviveMicro_FW_ver001\ver001\usb_descriptors.c
                copy_loop   0x003e60    program     static                          
            copy_one_byte   0x003e66    program     static                          
               device_dsc   0x003a84    program     extern C:\Users\ISSOU_Kitahara\Documents\_Revive_Mini\ReviveMicro_FW_ver001\ver001\usb_descriptors.c
                     done   0x003e8a    program     static                          
             done_copying   0x003e74    program     static                          
                  endloop   0x003f02    program     static                          
                hid_rpt01   0x003b18    program     extern C:\Users\ISSOU_Kitahara\Documents\_Revive_Mini\ReviveMicro_FW_ver001\ver001\usb_descriptors.c
                hid_rpt02   0x003b4c    program     extern C:\Users\ISSOU_Kitahara\Documents\_Revive_Mini\ReviveMicro_FW_ver001\ver001\usb_descriptors.c
                hid_rpt03   0x003b7d    program     extern C:\Users\ISSOU_Kitahara\Documents\_Revive_Mini\ReviveMicro_FW_ver001\ver001\usb_descriptors.c
                hid_rpt04   0x003bbc    program     extern C:\Users\ISSOU_Kitahara\Documents\_Revive_Mini\ReviveMicro_FW_ver001\ver001\usb_descriptors.c
                     jEnd   0x003ebe    program     static E:\3.46\pic18-lt\cxx-framework\src\traditional\stdclib\memset.asm
                     jEnd   0x003eda    program     static E:\3.46\pic18-lt\cxx-framework\src\traditional\stdclib\strlen.asm
                    jLoop   0x003ea0    program     static E:\3.46\pic18-lt\cxx-framework\src\traditional\stdclib\memset.asm
                    jLoop   0x003ed0    program     static E:\3.46\pic18-lt\cxx-framework\src\traditional\stdclib\strlen.asm
                     loop   0x003ee6    program     static                          
                     loop   0x003f38    program     static                          
                   loop_h   0x003f16    program     static E:\3.46\pic18-lt\cxx-framework\src\traditional\proc\p18f14k50.asm
                   loop_l   0x003f20    program     static E:\3.46\pic18-lt\cxx-framework\src\traditional\proc\p18f14k50.asm
                     main   0x00105c    program     extern C:\Users\ISSOU_Kitahara\Documents\_Revive_Mini\ReviveMicro_FW_ver001\ver001\main.c
                   memset   0x003e8c    program     extern E:\3.46\pic18-lt\cxx-framework\src\traditional\stdclib\memset.asm
                    sd000   0x003bd9    program     extern C:\Users\ISSOU_Kitahara\Documents\_Revive_Mini\ReviveMicro_FW_ver001\ver001\usb_descriptors.c
                    sd001   0x003bdd    program     extern C:\Users\ISSOU_Kitahara\Documents\_Revive_Mini\ReviveMicro_FW_ver001\ver001\usb_descriptors.c
                    sd002   0x003c03    program     extern C:\Users\ISSOU_Kitahara\Documents\_Revive_Mini\ReviveMicro_FW_ver001\ver001\usb_descriptors.c
                   strlen   0x003ec0    program     extern E:\3.46\pic18-lt\cxx-framework\src\traditional\stdclib\strlen.asm
                     test   0x003e08    program     static                          
               zero_block   0x003f16    program     static E:\3.46\pic18-lt\cxx-framework\src\traditional\proc\p18f14k50.asm
                   ADCON0   0x000fc2       data     extern E:\3.46\pic18-lt\cxx-framework\src\traditional\proc\p18f14k50.asm
               ADCON0bits   0x000fc2       data     extern E:\3.46\pic18-lt\cxx-framework\src\traditional\proc\p18f14k50.asm
                   ADCON1   0x000fc1       data     extern E:\3.46\pic18-lt\cxx-framework\src\traditional\proc\p18f14k50.asm
               ADCON1bits   0x000fc1       data     extern E:\3.46\pic18-lt\cxx-framework\src\traditional\proc\p18f14k50.asm
                   ADCON2   0x000fc0       data     extern E:\3.46\pic18-lt\cxx-framework\src\traditional\proc\p18f14k50.asm
               ADCON2bits   0x000fc0       data     extern E:\3.46\pic18-lt\cxx-framework\src\traditional\proc\p18f14k50.asm
                    ADRES   0x000fc3       data     extern E:\3.46\pic18-lt\cxx-framework\src\traditional\proc\p18f14k50.asm
                   ADRESH   0x000fc4       data     extern E:\3.46\pic18-lt\cxx-framework\src\traditional\proc\p18f14k50.asm
                   ADRESL   0x000fc3       data     extern E:\3.46\pic18-lt\cxx-framework\src\traditional\proc\p18f14k50.asm
                    ANSEL   0x000f7e       data     extern E:\3.46\pic18-lt\cxx-framework\src\traditional\proc\p18f14k50.asm
                   ANSELH   0x000f7f       data     extern E:\3.46\pic18-lt\cxx-framework\src\traditional\proc\p18f14k50.asm
               ANSELHbits   0x000f7f       data     extern E:\3.46\pic18-lt\cxx-framework\src\traditional\proc\p18f14k50.asm
                ANSELbits   0x000f7e       data     extern E:\3.46\pic18-lt\cxx-framework\src\traditional\proc\p18f14k50.asm
                  BAUDCON   0x000fb8       data     extern E:\3.46\pic18-lt\cxx-framework\src\traditional\proc\p18f14k50.asm
              BAUDCONbits   0x000fb8       data     extern E:\3.46\pic18-lt\cxx-framework\src\traditional\proc\p18f14k50.asm
                  BAUDCTL   0x000fb8       data     extern E:\3.46\pic18-lt\cxx-framework\src\traditional\proc\p18f14k50.asm
              BAUDCTLbits   0x000fb8       data     extern E:\3.46\pic18-lt\cxx-framework\src\traditional\proc\p18f14k50.asm
                      BDT   0x000200       data     extern C:\Users\ISSOU_Kitahara\Documents\_Revive_Mini\ReviveMicro_FW_ver001\ver001\Microchip\USB\usb_device.c
                      BSR   0x000fe0       data     extern E:\3.46\pic18-lt\cxx-framework\src\traditional\proc\p18f14k50.asm
       BothEP0OutUOWNsSet   0x00008f       data     extern C:\Users\ISSOU_Kitahara\Documents\_Revive_Mini\ReviveMicro_FW_ver001\ver001\Microchip\USB\usb_device.c
                  CCP1CON   0x000fbd       data     extern E:\3.46\pic18-lt\cxx-framework\src\traditional\proc\p18f14k50.asm
              CCP1CONbits   0x000fbd       data     extern E:\3.46\pic18-lt\cxx-framework\src\traditional\proc\p18f14k50.asm
                    CCPR1   0x000fbe       data     extern E:\3.46\pic18-lt\cxx-framework\src\traditional\proc\p18f14k50.asm
                   CCPR1H   0x000fbf       data     extern E:\3.46\pic18-lt\cxx-framework\src\traditional\proc\p18f14k50.asm
                   CCPR1L   0x000fbe       data     extern E:\3.46\pic18-lt\cxx-framework\src\traditional\proc\p18f14k50.asm
                  CM1CON0   0x000f6d       data     extern E:\3.46\pic18-lt\cxx-framework\src\traditional\proc\p18f14k50.asm
              CM1CON0bits   0x000f6d       data     extern E:\3.46\pic18-lt\cxx-framework\src\traditional\proc\p18f14k50.asm
                  CM2CON0   0x000f6b       data     extern E:\3.46\pic18-lt\cxx-framework\src\traditional\proc\p18f14k50.asm
              CM2CON0bits   0x000f6b       data     extern E:\3.46\pic18-lt\cxx-framework\src\traditional\proc\p18f14k50.asm
                  CM2CON1   0x000f6c       data     extern E:\3.46\pic18-lt\cxx-framework\src\traditional\proc\p18f14k50.asm
              CM2CON1bits   0x000f6c       data     extern E:\3.46\pic18-lt\cxx-framework\src\traditional\proc\p18f14k50.asm
              CtrlTrfData   0x000258       data     extern C:\Users\ISSOU_Kitahara\Documents\_Revive_Mini\ReviveMicro_FW_ver001\ver001\Microchip\USB\usb_device.c
                     DDRA   0x000f92       data     extern E:\3.46\pic18-lt\cxx-framework\src\traditional\proc\p18f14k50.asm
                 DDRAbits   0x000f92       data     extern E:\3.46\pic18-lt\cxx-framework\src\traditional\proc\p18f14k50.asm
                     DDRB   0x000f93       data     extern E:\3.46\pic18-lt\cxx-framework\src\traditional\proc\p18f14k50.asm
                 DDRBbits   0x000f93       data     extern E:\3.46\pic18-lt\cxx-framework\src\traditional\proc\p18f14k50.asm
                     DDRC   0x000f94       data     extern E:\3.46\pic18-lt\cxx-framework\src\traditional\proc\p18f14k50.asm
                 DDRCbits   0x000f94       data     extern E:\3.46\pic18-lt\cxx-framework\src\traditional\proc\p18f14k50.asm
                  ECCP1AS   0x000fb6       data     extern E:\3.46\pic18-lt\cxx-framework\src\traditional\proc\p18f14k50.asm
              ECCP1ASbits   0x000fb6       data     extern E:\3.46\pic18-lt\cxx-framework\src\traditional\proc\p18f14k50.asm
                    EEADR   0x000fa9       data     extern E:\3.46\pic18-lt\cxx-framework\src\traditional\proc\p18f14k50.asm
                EEADRbits   0x000fa9       data     extern E:\3.46\pic18-lt\cxx-framework\src\traditional\proc\p18f14k50.asm
                   EECON1   0x000fa6       data     extern E:\3.46\pic18-lt\cxx-framework\src\traditional\proc\p18f14k50.asm
               EECON1bits   0x000fa6       data     extern E:\3.46\pic18-lt\cxx-framework\src\traditional\proc\p18f14k50.asm
                   EECON2   0x000fa7       data     extern E:\3.46\pic18-lt\cxx-framework\src\traditional\proc\p18f14k50.asm
                   EEDATA   0x000fa8       data     extern E:\3.46\pic18-lt\cxx-framework\src\traditional\proc\p18f14k50.asm
                     FSR0   0x000fe9       data     extern E:\3.46\pic18-lt\cxx-framework\src\traditional\proc\p18f14k50.asm
                    FSR0H   0x000fea       data     extern E:\3.46\pic18-lt\cxx-framework\src\traditional\proc\p18f14k50.asm
                    FSR0L   0x000fe9       data     extern E:\3.46\pic18-lt\cxx-framework\src\traditional\proc\p18f14k50.asm
                     FSR1   0x000fe1       data     extern E:\3.46\pic18-lt\cxx-framework\src\traditional\proc\p18f14k50.asm
                    FSR1H   0x000fe2       data     extern E:\3.46\pic18-lt\cxx-framework\src\traditional\proc\p18f14k50.asm
                    FSR1L   0x000fe1       data     extern E:\3.46\pic18-lt\cxx-framework\src\traditional\proc\p18f14k50.asm
                     FSR2   0x000fd9       data     extern E:\3.46\pic18-lt\cxx-framework\src\traditional\proc\p18f14k50.asm
                    FSR2H   0x000fda       data     extern E:\3.46\pic18-lt\cxx-framework\src\traditional\proc\p18f14k50.asm
                    FSR2L   0x000fd9       data     extern E:\3.46\pic18-lt\cxx-framework\src\traditional\proc\p18f14k50.asm
                    INDF0   0x000fef       data     extern E:\3.46\pic18-lt\cxx-framework\src\traditional\proc\p18f14k50.asm
                    INDF1   0x000fe7       data     extern E:\3.46\pic18-lt\cxx-framework\src\traditional\proc\p18f14k50.asm
                    INDF2   0x000fdf       data     extern E:\3.46\pic18-lt\cxx-framework\src\traditional\proc\p18f14k50.asm
                   INTCON   0x000ff2       data     extern E:\3.46\pic18-lt\cxx-framework\src\traditional\proc\p18f14k50.asm
                  INTCON2   0x000ff1       data     extern E:\3.46\pic18-lt\cxx-framework\src\traditional\proc\p18f14k50.asm
              INTCON2bits   0x000ff1       data     extern E:\3.46\pic18-lt\cxx-framework\src\traditional\proc\p18f14k50.asm
                  INTCON3   0x000ff0       data     extern E:\3.46\pic18-lt\cxx-framework\src\traditional\proc\p18f14k50.asm
              INTCON3bits   0x000ff0       data     extern E:\3.46\pic18-lt\cxx-framework\src\traditional\proc\p18f14k50.asm
               INTCONbits   0x000ff2       data     extern E:\3.46\pic18-lt\cxx-framework\src\traditional\proc\p18f14k50.asm
                     IOCA   0x000f79       data     extern E:\3.46\pic18-lt\cxx-framework\src\traditional\proc\p18f14k50.asm
                 IOCAbits   0x000f79       data     extern E:\3.46\pic18-lt\cxx-framework\src\traditional\proc\p18f14k50.asm
                     IOCB   0x000f7a       data     extern E:\3.46\pic18-lt\cxx-framework\src\traditional\proc\p18f14k50.asm
                 IOCBbits   0x000f7a       data     extern E:\3.46\pic18-lt\cxx-framework\src\traditional\proc\p18f14k50.asm
                     IPR1   0x000f9f       data     extern E:\3.46\pic18-lt\cxx-framework\src\traditional\proc\p18f14k50.asm
                 IPR1bits   0x000f9f       data     extern E:\3.46\pic18-lt\cxx-framework\src\traditional\proc\p18f14k50.asm
                     IPR2   0x000fa2       data     extern E:\3.46\pic18-lt\cxx-framework\src\traditional\proc\p18f14k50.asm
                 IPR2bits   0x000fa2       data     extern E:\3.46\pic18-lt\cxx-framework\src\traditional\proc\p18f14k50.asm
                     LATA   0x000f89       data     extern E:\3.46\pic18-lt\cxx-framework\src\traditional\proc\p18f14k50.asm
                 LATAbits   0x000f89       data     extern E:\3.46\pic18-lt\cxx-framework\src\traditional\proc\p18f14k50.asm
                     LATB   0x000f8a       data     extern E:\3.46\pic18-lt\cxx-framework\src\traditional\proc\p18f14k50.asm
                 LATBbits   0x000f8a       data     extern E:\3.46\pic18-lt\cxx-framework\src\traditional\proc\p18f14k50.asm
                     LATC   0x000f8b       data     extern E:\3.46\pic18-lt\cxx-framework\src\traditional\proc\p18f14k50.asm
                 LATCbits   0x000f8b       data     extern E:\3.46\pic18-lt\cxx-framework\src\traditional\proc\p18f14k50.asm
                   OSCCON   0x000fd3       data     extern E:\3.46\pic18-lt\cxx-framework\src\traditional\proc\p18f14k50.asm
                  OSCCON2   0x000fd2       data     extern E:\3.46\pic18-lt\cxx-framework\src\traditional\proc\p18f14k50.asm
              OSCCON2bits   0x000fd2       data     extern E:\3.46\pic18-lt\cxx-framework\src\traditional\proc\p18f14k50.asm
               OSCCONbits   0x000fd3       data     extern E:\3.46\pic18-lt\cxx-framework\src\traditional\proc\p18f14k50.asm
                  OSCTUNE   0x000f9b       data     extern E:\3.46\pic18-lt\cxx-framework\src\traditional\proc\p18f14k50.asm
              OSCTUNEbits   0x000f9b       data     extern E:\3.46\pic18-lt\cxx-framework\src\traditional\proc\p18f14k50.asm
                       PC   0x000ff9       data     extern E:\3.46\pic18-lt\cxx-framework\src\traditional\proc\p18f14k50.asm
                      PCL   0x000ff9       data     extern E:\3.46\pic18-lt\cxx-framework\src\traditional\proc\p18f14k50.asm
                   PCLATH   0x000ffa       data     extern E:\3.46\pic18-lt\cxx-framework\src\traditional\proc\p18f14k50.asm
                   PCLATU   0x000ffb       data     extern E:\3.46\pic18-lt\cxx-framework\src\traditional\proc\p18f14k50.asm
                     PIE1   0x000f9d       data     extern E:\3.46\pic18-lt\cxx-framework\src\traditional\proc\p18f14k50.asm
                 PIE1bits   0x000f9d       data     extern E:\3.46\pic18-lt\cxx-framework\src\traditional\proc\p18f14k50.asm
                     PIE2   0x000fa0       data     extern E:\3.46\pic18-lt\cxx-framework\src\traditional\proc\p18f14k50.asm
                 PIE2bits   0x000fa0       data     extern E:\3.46\pic18-lt\cxx-framework\src\traditional\proc\p18f14k50.asm
                     PIR1   0x000f9e       data     extern E:\3.46\pic18-lt\cxx-framework\src\traditional\proc\p18f14k50.asm
                 PIR1bits   0x000f9e       data     extern E:\3.46\pic18-lt\cxx-framework\src\traditional\proc\p18f14k50.asm
                     PIR2   0x000fa1       data     extern E:\3.46\pic18-lt\cxx-framework\src\traditional\proc\p18f14k50.asm
                 PIR2bits   0x000fa1       data     extern E:\3.46\pic18-lt\cxx-framework\src\traditional\proc\p18f14k50.asm
                   PLUSW0   0x000feb       data     extern E:\3.46\pic18-lt\cxx-framework\src\traditional\proc\p18f14k50.asm
                   PLUSW1   0x000fe3       data     extern E:\3.46\pic18-lt\cxx-framework\src\traditional\proc\p18f14k50.asm
                   PLUSW2   0x000fdb       data     extern E:\3.46\pic18-lt\cxx-framework\src\traditional\proc\p18f14k50.asm
                    PORTA   0x000f80       data     extern E:\3.46\pic18-lt\cxx-framework\src\traditional\proc\p18f14k50.asm
                PORTAbits   0x000f80       data     extern E:\3.46\pic18-lt\cxx-framework\src\traditional\proc\p18f14k50.asm
                    PORTB   0x000f81       data     extern E:\3.46\pic18-lt\cxx-framework\src\traditional\proc\p18f14k50.asm
                PORTBbits   0x000f81       data     extern E:\3.46\pic18-lt\cxx-framework\src\traditional\proc\p18f14k50.asm
                    PORTC   0x000f82       data     extern E:\3.46\pic18-lt\cxx-framework\src\traditional\proc\p18f14k50.asm
                PORTCbits   0x000f82       data     extern E:\3.46\pic18-lt\cxx-framework\src\traditional\proc\p18f14k50.asm
                 POSTDEC0   0x000fed       data     extern E:\3.46\pic18-lt\cxx-framework\src\traditional\proc\p18f14k50.asm
                 POSTDEC1   0x000fe5       data     extern E:\3.46\pic18-lt\cxx-framework\src\traditional\proc\p18f14k50.asm
                 POSTDEC2   0x000fdd       data     extern E:\3.46\pic18-lt\cxx-framework\src\traditional\proc\p18f14k50.asm
                 POSTINC0   0x000fee       data     extern E:\3.46\pic18-lt\cxx-framework\src\traditional\proc\p18f14k50.asm
                 POSTINC1   0x000fe6       data     extern E:\3.46\pic18-lt\cxx-framework\src\traditional\proc\p18f14k50.asm
                 POSTINC2   0x000fde       data     extern E:\3.46\pic18-lt\cxx-framework\src\traditional\proc\p18f14k50.asm
                      PR2   0x000fcb       data     extern E:\3.46\pic18-lt\cxx-framework\src\traditional\proc\p18f14k50.asm
                  PREINC0   0x000fec       data     extern E:\3.46\pic18-lt\cxx-framework\src\traditional\proc\p18f14k50.asm
                  PREINC1   0x000fe4       data     extern E:\3.46\pic18-lt\cxx-framework\src\traditional\proc\p18f14k50.asm
                  PREINC2   0x000fdc       data     extern E:\3.46\pic18-lt\cxx-framework\src\traditional\proc\p18f14k50.asm
                     PROD   0x000ff3       data     extern E:\3.46\pic18-lt\cxx-framework\src\traditional\proc\p18f14k50.asm
                    PRODH   0x000ff4       data     extern E:\3.46\pic18-lt\cxx-framework\src\traditional\proc\p18f14k50.asm
                    PRODL   0x000ff3       data     extern E:\3.46\pic18-lt\cxx-framework\src\traditional\proc\p18f14k50.asm
                  PSTRCON   0x000fb9       data     extern E:\3.46\pic18-lt\cxx-framework\src\traditional\proc\p18f14k50.asm
              PSTRCONbits   0x000fb9       data     extern E:\3.46\pic18-lt\cxx-framework\src\traditional\proc\p18f14k50.asm
                  PWM1CON   0x000fb7       data     extern E:\3.46\pic18-lt\cxx-framework\src\traditional\proc\p18f14k50.asm
              PWM1CONbits   0x000fb7       data     extern E:\3.46\pic18-lt\cxx-framework\src\traditional\proc\p18f14k50.asm
                     RCON   0x000fd0       data     extern E:\3.46\pic18-lt\cxx-framework\src\traditional\proc\p18f14k50.asm
                 RCONbits   0x000fd0       data     extern E:\3.46\pic18-lt\cxx-framework\src\traditional\proc\p18f14k50.asm
                    RCREG   0x000fae       data     extern E:\3.46\pic18-lt\cxx-framework\src\traditional\proc\p18f14k50.asm
                    RCSTA   0x000fab       data     extern E:\3.46\pic18-lt\cxx-framework\src\traditional\proc\p18f14k50.asm
                RCSTAbits   0x000fab       data     extern E:\3.46\pic18-lt\cxx-framework\src\traditional\proc\p18f14k50.asm
                  REFCON0   0x000fba       data     extern E:\3.46\pic18-lt\cxx-framework\src\traditional\proc\p18f14k50.asm
              REFCON0bits   0x000fba       data     extern E:\3.46\pic18-lt\cxx-framework\src\traditional\proc\p18f14k50.asm
                  REFCON1   0x000fbb       data     extern E:\3.46\pic18-lt\cxx-framework\src\traditional\proc\p18f14k50.asm
              REFCON1bits   0x000fbb       data     extern E:\3.46\pic18-lt\cxx-framework\src\traditional\proc\p18f14k50.asm
                  REFCON2   0x000fbc       data     extern E:\3.46\pic18-lt\cxx-framework\src\traditional\proc\p18f14k50.asm
              REFCON2bits   0x000fbc       data     extern E:\3.46\pic18-lt\cxx-framework\src\traditional\proc\p18f14k50.asm
       ReceivedDataBuffer   0x000279       data     extern C:\Users\ISSOU_Kitahara\Documents\_Revive_Mini\ReviveMicro_FW_ver001\ver001\main.c
             RemoteWakeup   0x00008b       data     extern C:\Users\ISSOU_Kitahara\Documents\_Revive_Mini\ReviveMicro_FW_ver001\ver001\Microchip\USB\usb_device.c
                     SIGN   0x000000       data     extern E:\3.46\pic18-lt\cxx-framework\src\traditional\math\cmath18.asm
                   SLRCON   0x000f76       data     extern E:\3.46\pic18-lt\cxx-framework\src\traditional\proc\p18f14k50.asm
               SLRCONbits   0x000f76       data     extern E:\3.46\pic18-lt\cxx-framework\src\traditional\proc\p18f14k50.asm
                    SPBRG   0x000faf       data     extern E:\3.46\pic18-lt\cxx-framework\src\traditional\proc\p18f14k50.asm
                   SPBRGH   0x000fb0       data     extern E:\3.46\pic18-lt\cxx-framework\src\traditional\proc\p18f14k50.asm
                   SRCON0   0x000f68       data     extern E:\3.46\pic18-lt\cxx-framework\src\traditional\proc\p18f14k50.asm
               SRCON0bits   0x000f68       data     extern E:\3.46\pic18-lt\cxx-framework\src\traditional\proc\p18f14k50.asm
                   SRCON1   0x000f69       data     extern E:\3.46\pic18-lt\cxx-framework\src\traditional\proc\p18f14k50.asm
               SRCON1bits   0x000f69       data     extern E:\3.46\pic18-lt\cxx-framework\src\traditional\proc\p18f14k50.asm
                   SSPADD   0x000fc8       data     extern E:\3.46\pic18-lt\cxx-framework\src\traditional\proc\p18f14k50.asm
                   SSPBUF   0x000fc9       data     extern E:\3.46\pic18-lt\cxx-framework\src\traditional\proc\p18f14k50.asm
                  SSPCON1   0x000fc6       data     extern E:\3.46\pic18-lt\cxx-framework\src\traditional\proc\p18f14k50.asm
              SSPCON1bits   0x000fc6       data     extern E:\3.46\pic18-lt\cxx-framework\src\traditional\proc\p18f14k50.asm
                  SSPCON2   0x000fc5       data     extern E:\3.46\pic18-lt\cxx-framework\src\traditional\proc\p18f14k50.asm
              SSPCON2bits   0x000fc5       data     extern E:\3.46\pic18-lt\cxx-framework\src\traditional\proc\p18f14k50.asm
                   SSPMSK   0x000f6f       data     extern E:\3.46\pic18-lt\cxx-framework\src\traditional\proc\p18f14k50.asm
               SSPMSKbits   0x000f6f       data     extern E:\3.46\pic18-lt\cxx-framework\src\traditional\proc\p18f14k50.asm
                  SSPSTAT   0x000fc7       data     extern E:\3.46\pic18-lt\cxx-framework\src\traditional\proc\p18f14k50.asm
              SSPSTATbits   0x000fc7       data     extern E:\3.46\pic18-lt\cxx-framework\src\traditional\proc\p18f14k50.asm
                   STATUS   0x000fd8       data     extern E:\3.46\pic18-lt\cxx-framework\src\traditional\proc\p18f14k50.asm
               STATUSbits   0x000fd8       data     extern E:\3.46\pic18-lt\cxx-framework\src\traditional\proc\p18f14k50.asm
                   STKPTR   0x000ffc       data     extern E:\3.46\pic18-lt\cxx-framework\src\traditional\proc\p18f14k50.asm
               STKPTRbits   0x000ffc       data     extern E:\3.46\pic18-lt\cxx-framework\src\traditional\proc\p18f14k50.asm
                 SetupPkt   0x000250       data     extern C:\Users\ISSOU_Kitahara\Documents\_Revive_Mini\ReviveMicro_FW_ver001\ver001\Microchip\USB\usb_device.c
                    T0CON   0x000fd5       data     extern E:\3.46\pic18-lt\cxx-framework\src\traditional\proc\p18f14k50.asm
                T0CONbits   0x000fd5       data     extern E:\3.46\pic18-lt\cxx-framework\src\traditional\proc\p18f14k50.asm
                    T1CON   0x000fcd       data     extern E:\3.46\pic18-lt\cxx-framework\src\traditional\proc\p18f14k50.asm
                T1CONbits   0x000fcd       data     extern E:\3.46\pic18-lt\cxx-framework\src\traditional\proc\p18f14k50.asm
                    T2CON   0x000fca       data     extern E:\3.46\pic18-lt\cxx-framework\src\traditional\proc\p18f14k50.asm
                T2CONbits   0x000fca       data     extern E:\3.46\pic18-lt\cxx-framework\src\traditional\proc\p18f14k50.asm
                    T3CON   0x000fb1       data     extern E:\3.46\pic18-lt\cxx-framework\src\traditional\proc\p18f14k50.asm
                T3CONbits   0x000fb1       data     extern E:\3.46\pic18-lt\cxx-framework\src\traditional\proc\p18f14k50.asm
                   TABLAT   0x000ff5       data     extern E:\3.46\pic18-lt\cxx-framework\src\traditional\proc\p18f14k50.asm
                   TBLPTR   0x000ff6       data     extern E:\3.46\pic18-lt\cxx-framework\src\traditional\proc\p18f14k50.asm
                  TBLPTRH   0x000ff7       data     extern E:\3.46\pic18-lt\cxx-framework\src\traditional\proc\p18f14k50.asm
                  TBLPTRL   0x000ff6       data     extern E:\3.46\pic18-lt\cxx-framework\src\traditional\proc\p18f14k50.asm
                  TBLPTRU   0x000ff8       data     extern E:\3.46\pic18-lt\cxx-framework\src\traditional\proc\p18f14k50.asm
                    TMR0H   0x000fd7       data     extern E:\3.46\pic18-lt\cxx-framework\src\traditional\proc\p18f14k50.asm
                    TMR0L   0x000fd6       data     extern E:\3.46\pic18-lt\cxx-framework\src\traditional\proc\p18f14k50.asm
                    TMR1H   0x000fcf       data     extern E:\3.46\pic18-lt\cxx-framework\src\traditional\proc\p18f14k50.asm
                    TMR1L   0x000fce       data     extern E:\3.46\pic18-lt\cxx-framework\src\traditional\proc\p18f14k50.asm
                     TMR2   0x000fcc       data     extern E:\3.46\pic18-lt\cxx-framework\src\traditional\proc\p18f14k50.asm
                    TMR3H   0x000fb3       data     extern E:\3.46\pic18-lt\cxx-framework\src\traditional\proc\p18f14k50.asm
                    TMR3L   0x000fb2       data     extern E:\3.46\pic18-lt\cxx-framework\src\traditional\proc\p18f14k50.asm
                      TOS   0x000ffd       data     extern E:\3.46\pic18-lt\cxx-framework\src\traditional\proc\p18f14k50.asm
                     TOSH   0x000ffe       data     extern E:\3.46\pic18-lt\cxx-framework\src\traditional\proc\p18f14k50.asm
                     TOSL   0x000ffd       data     extern E:\3.46\pic18-lt\cxx-framework\src\traditional\proc\p18f14k50.asm
                     TOSU   0x000fff       data     extern E:\3.46\pic18-lt\cxx-framework\src\traditional\proc\p18f14k50.asm
                    TRISA   0x000f92       data     extern E:\3.46\pic18-lt\cxx-framework\src\traditional\proc\p18f14k50.asm
                TRISAbits   0x000f92       data     extern E:\3.46\pic18-lt\cxx-framework\src\traditional\proc\p18f14k50.asm
                    TRISB   0x000f93       data     extern E:\3.46\pic18-lt\cxx-framework\src\traditional\proc\p18f14k50.asm
                TRISBbits   0x000f93       data     extern E:\3.46\pic18-lt\cxx-framework\src\traditional\proc\p18f14k50.asm
                    TRISC   0x000f94       data     extern E:\3.46\pic18-lt\cxx-framework\src\traditional\proc\p18f14k50.asm
                TRISCbits   0x000f94       data     extern E:\3.46\pic18-lt\cxx-framework\src\traditional\proc\p18f14k50.asm
                    TXREG   0x000fad       data     extern E:\3.46\pic18-lt\cxx-framework\src\traditional\proc\p18f14k50.asm
                    TXSTA   0x000fac       data     extern E:\3.46\pic18-lt\cxx-framework\src\traditional\proc\p18f14k50.asm
                TXSTAbits   0x000fac       data     extern E:\3.46\pic18-lt\cxx-framework\src\traditional\proc\p18f14k50.asm
         ToSendDataBuffer   0x0002b9       data     extern C:\Users\ISSOU_Kitahara\Documents\_Revive_Mini\ReviveMicro_FW_ver001\ver001\main.c
                    UADDR   0x000f5c       data     extern E:\3.46\pic18-lt\cxx-framework\src\traditional\proc\p18f14k50.asm
                UADDRbits   0x000f5c       data     extern E:\3.46\pic18-lt\cxx-framework\src\traditional\proc\p18f14k50.asm
                     UCFG   0x000f61       data     extern E:\3.46\pic18-lt\cxx-framework\src\traditional\proc\p18f14k50.asm
                 UCFGbits   0x000f61       data     extern E:\3.46\pic18-lt\cxx-framework\src\traditional\proc\p18f14k50.asm
                     UCON   0x000f64       data     extern E:\3.46\pic18-lt\cxx-framework\src\traditional\proc\p18f14k50.asm
                 UCONbits   0x000f64       data     extern E:\3.46\pic18-lt\cxx-framework\src\traditional\proc\p18f14k50.asm
                     UEIE   0x000f5b       data     extern E:\3.46\pic18-lt\cxx-framework\src\traditional\proc\p18f14k50.asm
                 UEIEbits   0x000f5b       data     extern E:\3.46\pic18-lt\cxx-framework\src\traditional\proc\p18f14k50.asm
                     UEIR   0x000f5f       data     extern E:\3.46\pic18-lt\cxx-framework\src\traditional\proc\p18f14k50.asm
                 UEIRbits   0x000f5f       data     extern E:\3.46\pic18-lt\cxx-framework\src\traditional\proc\p18f14k50.asm
                     UEP0   0x000f53       data     extern E:\3.46\pic18-lt\cxx-framework\src\traditional\proc\p18f14k50.asm
                 UEP0bits   0x000f53       data     extern E:\3.46\pic18-lt\cxx-framework\src\traditional\proc\p18f14k50.asm
                     UEP1   0x000f54       data     extern E:\3.46\pic18-lt\cxx-framework\src\traditional\proc\p18f14k50.asm
                 UEP1bits   0x000f54       data     extern E:\3.46\pic18-lt\cxx-framework\src\traditional\proc\p18f14k50.asm
                     UEP2   0x000f55       data     extern E:\3.46\pic18-lt\cxx-framework\src\traditional\proc\p18f14k50.asm
                 UEP2bits   0x000f55       data     extern E:\3.46\pic18-lt\cxx-framework\src\traditional\proc\p18f14k50.asm
                     UEP3   0x000f56       data     extern E:\3.46\pic18-lt\cxx-framework\src\traditional\proc\p18f14k50.asm
                 UEP3bits   0x000f56       data     extern E:\3.46\pic18-lt\cxx-framework\src\traditional\proc\p18f14k50.asm
                     UEP4   0x000f57       data     extern E:\3.46\pic18-lt\cxx-framework\src\traditional\proc\p18f14k50.asm
                 UEP4bits   0x000f57       data     extern E:\3.46\pic18-lt\cxx-framework\src\traditional\proc\p18f14k50.asm
                     UEP5   0x000f58       data     extern E:\3.46\pic18-lt\cxx-framework\src\traditional\proc\p18f14k50.asm
                 UEP5bits   0x000f58       data     extern E:\3.46\pic18-lt\cxx-framework\src\traditional\proc\p18f14k50.asm
                     UEP6   0x000f59       data     extern E:\3.46\pic18-lt\cxx-framework\src\traditional\proc\p18f14k50.asm
                 UEP6bits   0x000f59       data     extern E:\3.46\pic18-lt\cxx-framework\src\traditional\proc\p18f14k50.asm
                     UEP7   0x000f5a       data     extern E:\3.46\pic18-lt\cxx-framework\src\traditional\proc\p18f14k50.asm
                 UEP7bits   0x000f5a       data     extern E:\3.46\pic18-lt\cxx-framework\src\traditional\proc\p18f14k50.asm
                    UFRMH   0x000f5e       data     extern E:\3.46\pic18-lt\cxx-framework\src\traditional\proc\p18f14k50.asm
                UFRMHbits   0x000f5e       data     extern E:\3.46\pic18-lt\cxx-framework\src\traditional\proc\p18f14k50.asm
                    UFRML   0x000f5d       data     extern E:\3.46\pic18-lt\cxx-framework\src\traditional\proc\p18f14k50.asm
                UFRMLbits   0x000f5d       data     extern E:\3.46\pic18-lt\cxx-framework\src\traditional\proc\p18f14k50.asm
                      UIE   0x000f60       data     extern E:\3.46\pic18-lt\cxx-framework\src\traditional\proc\p18f14k50.asm
                  UIEbits   0x000f60       data     extern E:\3.46\pic18-lt\cxx-framework\src\traditional\proc\p18f14k50.asm
                      UIR   0x000f62       data     extern E:\3.46\pic18-lt\cxx-framework\src\traditional\proc\p18f14k50.asm
                  UIRbits   0x000f62       data     extern E:\3.46\pic18-lt\cxx-framework\src\traditional\proc\p18f14k50.asm
   USBActiveConfiguration   0x000061       data     extern C:\Users\ISSOU_Kitahara\Documents\_Revive_Mini\ReviveMicro_FW_ver001\ver001\Microchip\USB\usb_device.c
    USBAlternateInterface   0x000062       data     extern C:\Users\ISSOU_Kitahara\Documents\_Revive_Mini\ReviveMicro_FW_ver001\ver001\Microchip\USB\usb_device.c
        USBBusIsSuspended   0x00008c       data     extern C:\Users\ISSOU_Kitahara\Documents\_Revive_Mini\ReviveMicro_FW_ver001\ver001\Microchip\USB\usb_device.c
USBDeferINDataStagePackets   0x00009e       data     extern C:\Users\ISSOU_Kitahara\Documents\_Revive_Mini\ReviveMicro_FW_ver001\ver001\Microchip\USB\usb_device.c
USBDeferOUTDataStagePackets   0x00009f       data     extern C:\Users\ISSOU_Kitahara\Documents\_Revive_Mini\ReviveMicro_FW_ver001\ver001\Microchip\USB\usb_device.c
USBDeferStatusStagePacket   0x00009b       data     extern C:\Users\ISSOU_Kitahara\Documents\_Revive_Mini\ReviveMicro_FW_ver001\ver001\Microchip\USB\usb_device.c
           USBDeviceState   0x000060       data     extern C:\Users\ISSOU_Kitahara\Documents\_Revive_Mini\ReviveMicro_FW_ver001\ver001\Microchip\USB\usb_device.c
              USBInHandle   0x0000a6       data     extern C:\Users\ISSOU_Kitahara\Documents\_Revive_Mini\ReviveMicro_FW_ver001\ver001\main.c
             USBOutHandle   0x0000a4       data     extern C:\Users\ISSOU_Kitahara\Documents\_Revive_Mini\ReviveMicro_FW_ver001\ver001\main.c
USBStatusStageEnabledFlag1   0x00009c       data     extern C:\Users\ISSOU_Kitahara\Documents\_Revive_Mini\ReviveMicro_FW_ver001\ver001\Microchip\USB\usb_device.c
USBStatusStageEnabledFlag2   0x00009d       data     extern C:\Users\ISSOU_Kitahara\Documents\_Revive_Mini\ReviveMicro_FW_ver001\ver001\Microchip\USB\usb_device.c
USBStatusStageTimeoutCounter   0x00009a       data     extern C:\Users\ISSOU_Kitahara\Documents\_Revive_Mini\ReviveMicro_FW_ver001\ver001\Microchip\USB\usb_device.c
                    USTAT   0x000f63       data     extern E:\3.46\pic18-lt\cxx-framework\src\traditional\proc\p18f14k50.asm
                USTATbits   0x000f63       data     extern E:\3.46\pic18-lt\cxx-framework\src\traditional\proc\p18f14k50.asm
                USTATcopy   0x00008d       data     extern C:\Users\ISSOU_Kitahara\Documents\_Revive_Mini\ReviveMicro_FW_ver001\ver001\Microchip\USB\usb_device.c
                 VREFCON0   0x000fba       data     extern E:\3.46\pic18-lt\cxx-framework\src\traditional\proc\p18f14k50.asm
             VREFCON0bits   0x000fba       data     extern E:\3.46\pic18-lt\cxx-framework\src\traditional\proc\p18f14k50.asm
                 VREFCON1   0x000fbb       data     extern E:\3.46\pic18-lt\cxx-framework\src\traditional\proc\p18f14k50.asm
             VREFCON1bits   0x000fbb       data     extern E:\3.46\pic18-lt\cxx-framework\src\traditional\proc\p18f14k50.asm
                 VREFCON2   0x000fbc       data     extern E:\3.46\pic18-lt\cxx-framework\src\traditional\proc\p18f14k50.asm
             VREFCON2bits   0x000fbc       data     extern E:\3.46\pic18-lt\cxx-framework\src\traditional\proc\p18f14k50.asm
                        W   0x000fe8       data     extern E:\3.46\pic18-lt\cxx-framework\src\traditional\proc\p18f14k50.asm
                   WDTCON   0x000fd1       data     extern E:\3.46\pic18-lt\cxx-framework\src\traditional\proc\p18f14k50.asm
               WDTCONbits   0x000fd1       data     extern E:\3.46\pic18-lt\cxx-framework\src\traditional\proc\p18f14k50.asm
                     WPUA   0x000f77       data     extern E:\3.46\pic18-lt\cxx-framework\src\traditional\proc\p18f14k50.asm
                 WPUAbits   0x000f77       data     extern E:\3.46\pic18-lt\cxx-framework\src\traditional\proc\p18f14k50.asm
                     WPUB   0x000f78       data     extern E:\3.46\pic18-lt\cxx-framework\src\traditional\proc\p18f14k50.asm
                 WPUBbits   0x000f78       data     extern E:\3.46\pic18-lt\cxx-framework\src\traditional\proc\p18f14k50.asm
                     WREG   0x000fe8       data     extern E:\3.46\pic18-lt\cxx-framework\src\traditional\proc\p18f14k50.asm
                 __AARGB0   0x000009       data     extern E:\3.46\pic18-lt\cxx-framework\src\traditional\math\aarg.asm
                 __AARGB1   0x000008       data     extern E:\3.46\pic18-lt\cxx-framework\src\traditional\math\aarg.asm
                 __AARGB2   0x000007       data     extern E:\3.46\pic18-lt\cxx-framework\src\traditional\math\aarg.asm
                 __AARGB3   0x000006       data     extern E:\3.46\pic18-lt\cxx-framework\src\traditional\math\aarg.asm
                 __AARGB4   0x000005       data     extern E:\3.46\pic18-lt\cxx-framework\src\traditional\math\aarg.asm
                 __AARGB5   0x000004       data     extern E:\3.46\pic18-lt\cxx-framework\src\traditional\math\aarg.asm
                 __AARGB6   0x000003       data     extern E:\3.46\pic18-lt\cxx-framework\src\traditional\math\aarg.asm
                 __AARGB7   0x000002       data     extern E:\3.46\pic18-lt\cxx-framework\src\traditional\math\aarg.asm
                   __AEXP   0x00000a       data     extern E:\3.46\pic18-lt\cxx-framework\src\traditional\math\aarg.asm
                 __BARGB0   0x00000e       data     extern E:\3.46\pic18-lt\cxx-framework\src\traditional\math\barg.asm
                 __BARGB1   0x00000d       data     extern E:\3.46\pic18-lt\cxx-framework\src\traditional\math\barg.asm
                 __BARGB2   0x00000c       data     extern E:\3.46\pic18-lt\cxx-framework\src\traditional\math\barg.asm
                 __BARGB3   0x00000b       data     extern E:\3.46\pic18-lt\cxx-framework\src\traditional\math\barg.asm
                   __BEXP   0x00000f       data     extern E:\3.46\pic18-lt\cxx-framework\src\traditional\math\barg.asm
                __FPFLAGS   0x000001       data     extern E:\3.46\pic18-lt\cxx-framework\src\traditional\math\cmath18.asm
            __FPFLAGSbits   0x000001       data     extern E:\3.46\pic18-lt\cxx-framework\src\traditional\math\cmath18.asm
                  __REMB0   0x000005       data     extern E:\3.46\pic18-lt\cxx-framework\src\traditional\math\aarg.asm
                  __REMB1   0x000004       data     extern E:\3.46\pic18-lt\cxx-framework\src\traditional\math\aarg.asm
                  __REMB2   0x000003       data     extern E:\3.46\pic18-lt\cxx-framework\src\traditional\math\aarg.asm
                  __REMB3   0x000002       data     extern E:\3.46\pic18-lt\cxx-framework\src\traditional\math\aarg.asm
                   __TEMP   0x000013       data     extern E:\3.46\pic18-lt\cxx-framework\src\traditional\math\temparg.asm
                 __TEMPB0   0x000013       data     extern E:\3.46\pic18-lt\cxx-framework\src\traditional\math\temparg.asm
                 __TEMPB1   0x000012       data     extern E:\3.46\pic18-lt\cxx-framework\src\traditional\math\temparg.asm
                 __TEMPB2   0x000011       data     extern E:\3.46\pic18-lt\cxx-framework\src\traditional\math\temparg.asm
                 __TEMPB3   0x000010       data     extern E:\3.46\pic18-lt\cxx-framework\src\traditional\math\temparg.asm
                  __tmp_0   0x000014       data     static C:\Users\ISSOU_Kitahara\Documents\_Revive_Mini\ReviveMicro_FW_ver001\ver001\main.c
                  __tmp_0   0x000014       data     static C:\Users\ISSOU_Kitahara\Documents\_Revive_Mini\ReviveMicro_FW_ver001\ver001\Microchip\USB\usb_device.c
                  __tmp_0   0x000014       data     static C:\Users\ISSOU_Kitahara\Documents\_Revive_Mini\ReviveMicro_FW_ver001\ver001\eeprom.c
          active_protocol   0x0000e8       data     extern C:\Users\ISSOU_Kitahara\Documents\_Revive_Mini\ReviveMicro_FW_ver001\ver001\Microchip\USB\HID Device Driver\usb_function_hid.c
                c_version   0x0000a0       data     extern C:\Users\ISSOU_Kitahara\Documents\_Revive_Mini\ReviveMicro_FW_ver001\ver001\main.c
     controlTransferState   0x00007c       data     extern C:\Users\ISSOU_Kitahara\Documents\_Revive_Mini\ReviveMicro_FW_ver001\ver001\Microchip\USB\usb_device.c
                curr_byte   0x0000e0       data     static E:\3.46\pic18-lt\cxx-framework\src\traditional\startup\c018i.c
               curr_entry   0x0000e2       data     static E:\3.46\pic18-lt\cxx-framework\src\traditional\startup\c018i.c
                 data_ptr   0x0000e4       data     static E:\3.46\pic18-lt\cxx-framework\src\traditional\startup\c018i.c
              delay_count   0x000164       data     static C:\Users\ISSOU_Kitahara\Documents\_Revive_Mini\ReviveMicro_FW_ver001\ver001\main.c
              eeprom_data   0x0000b6       data     extern C:\Users\ISSOU_Kitahara\Documents\_Revive_Mini\ReviveMicro_FW_ver001\ver001\main.c
          endpoint_number   0x00008e       data     extern C:\Users\ISSOU_Kitahara\Documents\_Revive_Mini\ReviveMicro_FW_ver001\ver001\Microchip\USB\usb_device.c
               ep_data_in   0x000090       data     extern C:\Users\ISSOU_Kitahara\Documents\_Revive_Mini\ReviveMicro_FW_ver001\ver001\Microchip\USB\usb_device.c
              ep_data_out   0x000095       data     extern C:\Users\ISSOU_Kitahara\Documents\_Revive_Mini\ReviveMicro_FW_ver001\ver001\Microchip\USB\usb_device.c
               hid_report   0x000271       data     extern C:\Users\ISSOU_Kitahara\Documents\_Revive_Mini\ReviveMicro_FW_ver001\ver001\main.c
            hid_report_in   0x000261       data     extern C:\Users\ISSOU_Kitahara\Documents\_Revive_Mini\ReviveMicro_FW_ver001\ver001\Microchip\USB\usb_device.c
           hid_report_out   0x000260       data     extern C:\Users\ISSOU_Kitahara\Documents\_Revive_Mini\ReviveMicro_FW_ver001\ver001\Microchip\USB\usb_device.c
      hid_report_out_flag   0x0000dc       data     extern C:\Users\ISSOU_Kitahara\Documents\_Revive_Mini\ReviveMicro_FW_ver001\ver001\main.c
                idle_rate   0x0000e7       data     extern C:\Users\ISSOU_Kitahara\Documents\_Revive_Mini\ReviveMicro_FW_ver001\ver001\Microchip\USB\HID Device Driver\usb_function_hid.c
                  inPipes   0x00007d       data     extern C:\Users\ISSOU_Kitahara\Documents\_Revive_Mini\ReviveMicro_FW_ver001\ver001\Microchip\USB\usb_device.c
          joystick_buffer   0x000144       data     extern C:\Users\ISSOU_Kitahara\Documents\_Revive_Mini\ReviveMicro_FW_ver001\ver001\main.c
           joystick_input   0x000269       data     extern C:\Users\ISSOU_Kitahara\Documents\_Revive_Mini\ReviveMicro_FW_ver001\ver001\main.c
  joystick_input_out_flag   0x0000da       data     extern C:\Users\ISSOU_Kitahara\Documents\_Revive_Mini\ReviveMicro_FW_ver001\ver001\main.c
          keyboard_buffer   0x000148       data     extern C:\Users\ISSOU_Kitahara\Documents\_Revive_Mini\ReviveMicro_FW_ver001\ver001\main.c
lastINTransmissionKeyboard   0x000154       data     extern C:\Users\ISSOU_Kitahara\Documents\_Revive_Mini\ReviveMicro_FW_ver001\ver001\main.c
lastOUTTransmissionKeyboard   0x000156       data     extern C:\Users\ISSOU_Kitahara\Documents\_Revive_Mini\ReviveMicro_FW_ver001\ver001\main.c
         lastTransmission   0x000150       data     extern C:\Users\ISSOU_Kitahara\Documents\_Revive_Mini\ReviveMicro_FW_ver001\ver001\main.c
        lastTransmission2   0x000152       data     extern C:\Users\ISSOU_Kitahara\Documents\_Revive_Mini\ReviveMicro_FW_ver001\ver001\main.c
             mouse_buffer   0x000140       data     extern C:\Users\ISSOU_Kitahara\Documents\_Revive_Mini\ReviveMicro_FW_ver001\ver001\main.c
              mouse_input   0x00026d       data     extern C:\Users\ISSOU_Kitahara\Documents\_Revive_Mini\ReviveMicro_FW_ver001\ver001\main.c
     mouse_input_out_flag   0x0000db       data     extern C:\Users\ISSOU_Kitahara\Documents\_Revive_Mini\ReviveMicro_FW_ver001\ver001\main.c
          mouse_move_down   0x000159       data     extern C:\Users\ISSOU_Kitahara\Documents\_Revive_Mini\ReviveMicro_FW_ver001\ver001\main.c
          mouse_move_left   0x00015a       data     extern C:\Users\ISSOU_Kitahara\Documents\_Revive_Mini\ReviveMicro_FW_ver001\ver001\main.c
         mouse_move_right   0x00015b       data     extern C:\Users\ISSOU_Kitahara\Documents\_Revive_Mini\ReviveMicro_FW_ver001\ver001\main.c
            mouse_move_up   0x000158       data     extern C:\Users\ISSOU_Kitahara\Documents\_Revive_Mini\ReviveMicro_FW_ver001\ver001\main.c
         mouse_wheel_down   0x00015d       data     extern C:\Users\ISSOU_Kitahara\Documents\_Revive_Mini\ReviveMicro_FW_ver001\ver001\main.c
           mouse_wheel_up   0x00015c       data     extern C:\Users\ISSOU_Kitahara\Documents\_Revive_Mini\ReviveMicro_FW_ver001\ver001\main.c
                 outPipes   0x000082       data     extern C:\Users\ISSOU_Kitahara\Documents\_Revive_Mini\ReviveMicro_FW_ver001\ver001\Microchip\USB\usb_device.c
   pBDTEntryEP0OutCurrent   0x000063       data     extern C:\Users\ISSOU_Kitahara\Documents\_Revive_Mini\ReviveMicro_FW_ver001\ver001\Microchip\USB\usb_device.c
      pBDTEntryEP0OutNext   0x000065       data     extern C:\Users\ISSOU_Kitahara\Documents\_Revive_Mini\ReviveMicro_FW_ver001\ver001\Microchip\USB\usb_device.c
              pBDTEntryIn   0x000071       data     extern C:\Users\ISSOU_Kitahara\Documents\_Revive_Mini\ReviveMicro_FW_ver001\ver001\Microchip\USB\usb_device.c
             pBDTEntryOut   0x000067       data     extern C:\Users\ISSOU_Kitahara\Documents\_Revive_Mini\ReviveMicro_FW_ver001\ver001\Microchip\USB\usb_device.c
                     pDst   0x000089       data     extern C:\Users\ISSOU_Kitahara\Documents\_Revive_Mini\ReviveMicro_FW_ver001\ver001\Microchip\USB\usb_device.c
                     prom   0x0000dd       data     static E:\3.46\pic18-lt\cxx-framework\src\traditional\startup\c018i.c
  result_button_press_set   0x0000a8       data     extern C:\Users\ISSOU_Kitahara\Documents\_Revive_Mini\ReviveMicro_FW_ver001\ver001\main.c
 result_button_press_set2   0x0000a9       data     extern C:\Users\ISSOU_Kitahara\Documents\_Revive_Mini\ReviveMicro_FW_ver001\ver001\main.c
        shortPacketStatus   0x00007b       data     extern C:\Users\ISSOU_Kitahara\Documents\_Revive_Mini\ReviveMicro_FW_ver001\ver001\Microchip\USB\usb_device.c
    speed_mouse_move_down   0x00015f       data     extern C:\Users\ISSOU_Kitahara\Documents\_Revive_Mini\ReviveMicro_FW_ver001\ver001\main.c
    speed_mouse_move_left   0x000160       data     extern C:\Users\ISSOU_Kitahara\Documents\_Revive_Mini\ReviveMicro_FW_ver001\ver001\main.c
   speed_mouse_move_right   0x000161       data     extern C:\Users\ISSOU_Kitahara\Documents\_Revive_Mini\ReviveMicro_FW_ver001\ver001\main.c
      speed_mouse_move_up   0x00015e       data     extern C:\Users\ISSOU_Kitahara\Documents\_Revive_Mini\ReviveMicro_FW_ver001\ver001\main.c
   speed_mouse_wheel_down   0x000163       data     extern C:\Users\ISSOU_Kitahara\Documents\_Revive_Mini\ReviveMicro_FW_ver001\ver001\main.c
     speed_mouse_wheel_up   0x000162       data     extern C:\Users\ISSOU_Kitahara\Documents\_Revive_Mini\ReviveMicro_FW_ver001\ver001\main.c
     temp_mouse_move_down   0x0000ac       data     extern C:\Users\ISSOU_Kitahara\Documents\_Revive_Mini\ReviveMicro_FW_ver001\ver001\main.c
     temp_mouse_move_left   0x0000ae       data     extern C:\Users\ISSOU_Kitahara\Documents\_Revive_Mini\ReviveMicro_FW_ver001\ver001\main.c
    temp_mouse_move_right   0x0000b0       data     extern C:\Users\ISSOU_Kitahara\Documents\_Revive_Mini\ReviveMicro_FW_ver001\ver001\main.c
       temp_mouse_move_up   0x0000aa       data     extern C:\Users\ISSOU_Kitahara\Documents\_Revive_Mini\ReviveMicro_FW_ver001\ver001\main.c
[...]
                TRISAbits   0x000f92       data     extern E:\3.46\pic18-lt\cxx-framework\src\traditional\proc\p18f14k50.asm
                 DDRBbits   0x000f93       data     extern E:\3.46\pic18-lt\cxx-framework\src\traditional\proc\p18f14k50.asm
                     DDRB   0x000f93       data     extern E:\3.46\pic18-lt\cxx-framework\src\traditional\proc\p18f14k50.asm
                    TRISB   0x000f93       data     extern E:\3.46\pic18-lt\cxx-framework\src\traditional\proc\p18f14k50.asm
                TRISBbits   0x000f93       data     extern E:\3.46\pic18-lt\cxx-framework\src\traditional\proc\p18f14k50.asm
                TRISCbits   0x000f94       data     extern E:\3.46\pic18-lt\cxx-framework\src\traditional\proc\p18f14k50.asm
                 DDRCbits   0x000f94       data     extern E:\3.46\pic18-lt\cxx-framework\src\traditional\proc\p18f14k50.asm
                     DDRC   0x000f94       data     extern E:\3.46\pic18-lt\cxx-framework\src\traditional\proc\p18f14k50.asm
                    TRISC   0x000f94       data     extern E:\3.46\pic18-lt\cxx-framework\src\traditional\proc\p18f14k50.asm
              OSCTUNEbits   0x000f9b       data     extern E:\3.46\pic18-lt\cxx-framework\src\traditional\proc\p18f14k50.asm
                  OSCTUNE   0x000f9b       data     extern E:\3.46\pic18-lt\cxx-framework\src\traditional\proc\p18f14k50.asm
                 PIE1bits   0x000f9d       data     extern E:\3.46\pic18-lt\cxx-framework\src\traditional\proc\p18f14k50.asm
                     PIE1   0x000f9d       data     extern E:\3.46\pic18-lt\cxx-framework\src\traditional\proc\p18f14k50.asm
                 PIR1bits   0x000f9e       data     extern E:\3.46\pic18-lt\cxx-framework\src\traditional\proc\p18f14k50.asm
                     PIR1   0x000f9e       data     extern E:\3.46\pic18-lt\cxx-framework\src\traditional\proc\p18f14k50.asm
                     IPR1   0x000f9f       data     extern E:\3.46\pic18-lt\cxx-framework\src\traditional\proc\p18f14k50.asm
                 IPR1bits   0x000f9f       data     extern E:\3.46\pic18-lt\cxx-framework\src\traditional\proc\p18f14k50.asm
                 PIE2bits   0x000fa0       data     extern E:\3.46\pic18-lt\cxx-framework\src\traditional\proc\p18f14k50.asm
                     PIE2   0x000fa0       data     extern E:\3.46\pic18-lt\cxx-framework\src\traditional\proc\p18f14k50.asm
                 PIR2bits   0x000fa1       data     extern E:\3.46\pic18-lt\cxx-framework\src\traditional\proc\p18f14k50.asm
                     PIR2   0x000fa1       data     extern E:\3.46\pic18-lt\cxx-framework\src\traditional\proc\p18f14k50.asm
                     IPR2   0x000fa2       data     extern E:\3.46\pic18-lt\cxx-framework\src\traditional\proc\p18f14k50.asm
                 IPR2bits   0x000fa2       data     extern E:\3.46\pic18-lt\cxx-framework\src\traditional\proc\p18f14k50.asm
                   EECON1   0x000fa6       data     extern E:\3.46\pic18-lt\cxx-framework\src\traditional\proc\p18f14k50.asm
               EECON1bits   0x000fa6       data     extern E:\3.46\pic18-lt\cxx-framework\src\traditional\proc\p18f14k50.asm
                   EECON2   0x000fa7       data     extern E:\3.46\pic18-lt\cxx-framework\src\traditional\proc\p18f14k50.asm
                   EEDATA   0x000fa8       data     extern E:\3.46\pic18-lt\cxx-framework\src\traditional\proc\p18f14k50.asm
                EEADRbits   0x000fa9       data     extern E:\3.46\pic18-lt\cxx-framework\src\traditional\proc\p18f14k50.asm
                    EEADR   0x000fa9       data     extern E:\3.46\pic18-lt\cxx-framework\src\traditional\proc\p18f14k50.asm
                    RCSTA   0x000fab       data     extern E:\3.46\pic18-lt\cxx-framework\src\traditional\proc\p18f14k50.asm
                RCSTAbits   0x000fab       data     extern E:\3.46\pic18-lt\cxx-framework\src\traditional\proc\p18f14k50.asm
                TXSTAbits   0x000fac       data     extern E:\3.46\pic18-lt\cxx-framework\src\traditional\proc\p18f14k50.asm
                    TXSTA   0x000fac       data     extern E:\3.46\pic18-lt\cxx-framework\src\traditional\proc\p18f14k50.asm
                    TXREG   0x000fad       data     extern E:\3.46\pic18-lt\cxx-framework\src\traditional\proc\p18f14k50.asm
                    RCREG   0x000fae       data     extern E:\3.46\pic18-lt\cxx-framework\src\traditional\proc\p18f14k50.asm
                    SPBRG   0x000faf       data     extern E:\3.46\pic18-lt\cxx-framework\src\traditional\proc\p18f14k50.asm
                   SPBRGH   0x000fb0       data     extern E:\3.46\pic18-lt\cxx-framework\src\traditional\proc\p18f14k50.asm
                T3CONbits   0x000fb1       data     extern E:\3.46\pic18-lt\cxx-framework\src\traditional\proc\p18f14k50.asm
                    T3CON   0x000fb1       data     extern E:\3.46\pic18-lt\cxx-framework\src\traditional\proc\p18f14k50.asm
                    TMR3L   0x000fb2       data     extern E:\3.46\pic18-lt\cxx-framework\src\traditional\proc\p18f14k50.asm
                    TMR3H   0x000fb3       data     extern E:\3.46\pic18-lt\cxx-framework\src\traditional\proc\p18f14k50.asm
              ECCP1ASbits   0x000fb6       data     extern E:\3.46\pic18-lt\cxx-framework\src\traditional\proc\p18f14k50.asm
                  ECCP1AS   0x000fb6       data     extern E:\3.46\pic18-lt\cxx-framework\src\traditional\proc\p18f14k50.asm
                  PWM1CON   0x000fb7       data     extern E:\3.46\pic18-lt\cxx-framework\src\traditional\proc\p18f14k50.asm
              PWM1CONbits   0x000fb7       data     extern E:\3.46\pic18-lt\cxx-framework\src\traditional\proc\p18f14k50.asm
                  BAUDCON   0x000fb8       data     extern E:\3.46\pic18-lt\cxx-framework\src\traditional\proc\p18f14k50.asm
              BAUDCONbits   0x000fb8       data     extern E:\3.46\pic18-lt\cxx-framework\src\traditional\proc\p18f14k50.asm
                  BAUDCTL   0x000fb8       data     extern E:\3.46\pic18-lt\cxx-framework\src\traditional\proc\p18f14k50.asm
              BAUDCTLbits   0x000fb8       data     extern E:\3.46\pic18-lt\cxx-framework\src\traditional\proc\p18f14k50.asm
                  PSTRCON   0x000fb9       data     extern E:\3.46\pic18-lt\cxx-framework\src\traditional\proc\p18f14k50.asm
              PSTRCONbits   0x000fb9       data     extern E:\3.46\pic18-lt\cxx-framework\src\traditional\proc\p18f14k50.asm
              REFCON0bits   0x000fba       data     extern E:\3.46\pic18-lt\cxx-framework\src\traditional\proc\p18f14k50.asm
                  REFCON0   0x000fba       data     extern E:\3.46\pic18-lt\cxx-framework\src\traditional\proc\p18f14k50.asm
                 VREFCON0   0x000fba       data     extern E:\3.46\pic18-lt\cxx-framework\src\traditional\proc\p18f14k50.asm
             VREFCON0bits   0x000fba       data     extern E:\3.46\pic18-lt\cxx-framework\src\traditional\proc\p18f14k50.asm
                  REFCON1   0x000fbb       data     extern E:\3.46\pic18-lt\cxx-framework\src\traditional\proc\p18f14k50.asm
              REFCON1bits   0x000fbb       data     extern E:\3.46\pic18-lt\cxx-framework\src\traditional\proc\p18f14k50.asm
                 VREFCON1   0x000fbb       data     extern E:\3.46\pic18-lt\cxx-framework\src\traditional\proc\p18f14k50.asm
             VREFCON1bits   0x000fbb       data     extern E:\3.46\pic18-lt\cxx-framework\src\traditional\proc\p18f14k50.asm
              REFCON2bits   0x000fbc       data     extern E:\3.46\pic18-lt\cxx-framework\src\traditional\proc\p18f14k50.asm
             VREFCON2bits   0x000fbc       data     extern E:\3.46\pic18-lt\cxx-framework\src\traditional\proc\p18f14k50.asm
                  REFCON2   0x000fbc       data     extern E:\3.46\pic18-lt\cxx-framework\src\traditional\proc\p18f14k50.asm
                 VREFCON2   0x000fbc       data     extern E:\3.46\pic18-lt\cxx-framework\src\traditional\proc\p18f14k50.asm
              CCP1CONbits   0x000fbd       data     extern E:\3.46\pic18-lt\cxx-framework\src\traditional\proc\p18f14k50.asm
                  CCP1CON   0x000fbd       data     extern E:\3.46\pic18-lt\cxx-framework\src\traditional\proc\p18f14k50.asm
                    CCPR1   0x000fbe       data     extern E:\3.46\pic18-lt\cxx-framework\src\traditional\proc\p18f14k50.asm
                   CCPR1L   0x000fbe       data     extern E:\3.46\pic18-lt\cxx-framework\src\traditional\proc\p18f14k50.asm
                   CCPR1H   0x000fbf       data     extern E:\3.46\pic18-lt\cxx-framework\src\traditional\proc\p18f14k50.asm
               ADCON2bits   0x000fc0       data     extern E:\3.46\pic18-lt\cxx-framework\src\traditional\proc\p18f14k50.asm
                   ADCON2   0x000fc0       data     extern E:\3.46\pic18-lt\cxx-framework\src\traditional\proc\p18f14k50.asm
               ADCON1bits   0x000fc1       data     extern E:\3.46\pic18-lt\cxx-framework\src\traditional\proc\p18f14k50.asm
                   ADCON1   0x000fc1       data     extern E:\3.46\pic18-lt\cxx-framework\src\traditional\proc\p18f14k50.asm
                   ADCON0   0x000fc2       data     extern E:\3.46\pic18-lt\cxx-framework\src\traditional\proc\p18f14k50.asm
               ADCON0bits   0x000fc2       data     extern E:\3.46\pic18-lt\cxx-framework\src\traditional\proc\p18f14k50.asm
                    ADRES   0x000fc3       data     extern E:\3.46\pic18-lt\cxx-framework\src\traditional\proc\p18f14k50.asm
                   ADRESL   0x000fc3       data     extern E:\3.46\pic18-lt\cxx-framework\src\traditional\proc\p18f14k50.asm
                   ADRESH   0x000fc4       data     extern E:\3.46\pic18-lt\cxx-framework\src\traditional\proc\p18f14k50.asm
              SSPCON2bits   0x000fc5       data     extern E:\3.46\pic18-lt\cxx-framework\src\traditional\proc\p18f14k50.asm
                  SSPCON2   0x000fc5       data     extern E:\3.46\pic18-lt\cxx-framework\src\traditional\proc\p18f14k50.asm
              SSPCON1bits   0x000fc6       data     extern E:\3.46\pic18-lt\cxx-framework\src\traditional\proc\p18f14k50.asm
                  SSPCON1   0x000fc6       data     extern E:\3.46\pic18-lt\cxx-framework\src\traditional\proc\p18f14k50.asm
              SSPSTATbits   0x000fc7       data     extern E:\3.46\pic18-lt\cxx-framework\src\traditional\proc\p18f14k50.asm
                  SSPSTAT   0x000fc7       data     extern E:\3.46\pic18-lt\cxx-framework\src\traditional\proc\p18f14k50.asm
                   SSPADD   0x000fc8       data     extern E:\3.46\pic18-lt\cxx-framework\src\traditional\proc\p18f14k50.asm
                   SSPBUF   0x000fc9       data     extern E:\3.46\pic18-lt\cxx-framework\src\traditional\proc\p18f14k50.asm
                T2CONbits   0x000fca       data     extern E:\3.46\pic18-lt\cxx-framework\src\traditional\proc\p18f14k50.asm
                    T2CON   0x000fca       data     extern E:\3.46\pic18-lt\cxx-framework\src\traditional\proc\p18f14k50.asm
                      PR2   0x000fcb       data     extern E:\3.46\pic18-lt\cxx-framework\src\traditional\proc\p18f14k50.asm
                     TMR2   0x000fcc       data     extern E:\3.46\pic18-lt\cxx-framework\src\traditional\proc\p18f14k50.asm
                T1CONbits   0x000fcd       data     extern E:\3.46\pic18-lt\cxx-framework\src\traditional\proc\p18f14k50.asm
                    T1CON   0x000fcd       data     extern E:\3.46\pic18-lt\cxx-framework\src\traditional\proc\p18f14k50.asm
                    TMR1L   0x000fce       data     extern E:\3.46\pic18-lt\cxx-framework\src\traditional\proc\p18f14k50.asm
                    TMR1H   0x000fcf       data     extern E:\3.46\pic18-lt\cxx-framework\src\traditional\proc\p18f14k50.asm
                 RCONbits   0x000fd0       data     extern E:\3.46\pic18-lt\cxx-framework\src\traditional\proc\p18f14k50.asm
                     RCON   0x000fd0       data     extern E:\3.46\pic18-lt\cxx-framework\src\traditional\proc\p18f14k50.asm
               WDTCONbits   0x000fd1       data     extern E:\3.46\pic18-lt\cxx-framework\src\traditional\proc\p18f14k50.asm
                   WDTCON   0x000fd1       data     extern E:\3.46\pic18-lt\cxx-framework\src\traditional\proc\p18f14k50.asm
                  OSCCON2   0x000fd2       data     extern E:\3.46\pic18-lt\cxx-framework\src\traditional\proc\p18f14k50.asm
              OSCCON2bits   0x000fd2       data     extern E:\3.46\pic18-lt\cxx-framework\src\traditional\proc\p18f14k50.asm
                   OSCCON   0x000fd3       data     extern E:\3.46\pic18-lt\cxx-framework\src\traditional\proc\p18f14k50.asm
               OSCCONbits   0x000fd3       data     extern E:\3.46\pic18-lt\cxx-framework\src\traditional\proc\p18f14k50.asm
                T0CONbits   0x000fd5       data     extern E:\3.46\pic18-lt\cxx-framework\src\traditional\proc\p18f14k50.asm
                    T0CON   0x000fd5       data     extern E:\3.46\pic18-lt\cxx-framework\src\traditional\proc\p18f14k50.asm
                    TMR0L   0x000fd6       data     extern E:\3.46\pic18-lt\cxx-framework\src\traditional\proc\p18f14k50.asm
                    TMR0H   0x000fd7       data     extern E:\3.46\pic18-lt\cxx-framework\src\traditional\proc\p18f14k50.asm
                   STATUS   0x000fd8       data     extern E:\3.46\pic18-lt\cxx-framework\src\traditional\proc\p18f14k50.asm
               STATUSbits   0x000fd8       data     extern E:\3.46\pic18-lt\cxx-framework\src\traditional\proc\p18f14k50.asm
                     FSR2   0x000fd9       data     extern E:\3.46\pic18-lt\cxx-framework\src\traditional\proc\p18f14k50.asm
                    FSR2L   0x000fd9       data     extern E:\3.46\pic18-lt\cxx-framework\src\traditional\proc\p18f14k50.asm
                    FSR2H   0x000fda       data     extern E:\3.46\pic18-lt\cxx-framework\src\traditional\proc\p18f14k50.asm
                   PLUSW2   0x000fdb       data     extern E:\3.46\pic18-lt\cxx-framework\src\traditional\proc\p18f14k50.asm
                  PREINC2   0x000fdc       data     extern E:\3.46\pic18-lt\cxx-framework\src\traditional\proc\p18f14k50.asm
                 POSTDEC2   0x000fdd       data     extern E:\3.46\pic18-lt\cxx-framework\src\traditional\proc\p18f14k50.asm
                 POSTINC2   0x000fde       data     extern E:\3.46\pic18-lt\cxx-framework\src\traditional\proc\p18f14k50.asm
                    INDF2   0x000fdf       data     extern E:\3.46\pic18-lt\cxx-framework\src\traditional\proc\p18f14k50.asm
                      BSR   0x000fe0       data     extern E:\3.46\pic18-lt\cxx-framework\src\traditional\proc\p18f14k50.asm
                    FSR1L   0x000fe1       data     extern E:\3.46\pic18-lt\cxx-framework\src\traditional\proc\p18f14k50.asm
                     FSR1   0x000fe1       data     extern E:\3.46\pic18-lt\cxx-framework\src\traditional\proc\p18f14k50.asm
                    FSR1H   0x000fe2       data     extern E:\3.46\pic18-lt\cxx-framework\src\traditional\proc\p18f14k50.asm
                   PLUSW1   0x000fe3       data     extern E:\3.46\pic18-lt\cxx-framework\src\traditional\proc\p18f14k50.asm
                  PREINC1   0x000fe4       data     extern E:\3.46\pic18-lt\cxx-framework\src\traditional\proc\p18f14k50.asm
                 POSTDEC1   0x000fe5       data     extern E:\3.46\pic18-lt\cxx-framework\src\traditional\proc\p18f14k50.asm
                 POSTINC1   0x000fe6       data     extern E:\3.46\pic18-lt\cxx-framework\src\traditional\proc\p18f14k50.asm
                    INDF1   0x000fe7       data     extern E:\3.46\pic18-lt\cxx-framework\src\traditional\proc\p18f14k50.asm
                        W   0x000fe8       data     extern E:\3.46\pic18-lt\cxx-framework\src\traditional\proc\p18f14k50.asm
                     WREG   0x000fe8       data     extern E:\3.46\pic18-lt\cxx-framework\src\traditional\proc\p18f14k50.asm
                    FSR0L   0x000fe9       data     extern E:\3.46\pic18-lt\cxx-framework\src\traditional\proc\p18f14k50.asm
                     FSR0   0x000fe9       data     extern E:\3.46\pic18-lt\cxx-framework\src\traditional\proc\p18f14k50.asm
                    FSR0H   0x000fea       data     extern E:\3.46\pic18-lt\cxx-framework\src\traditional\proc\p18f14k50.asm
                   PLUSW0   0x000feb       data     extern E:\3.46\pic18-lt\cxx-framework\src\traditional\proc\p18f14k50.asm
                  PREINC0   0x000fec       data     extern E:\3.46\pic18-lt\cxx-framework\src\traditional\proc\p18f14k50.asm
                 POSTDEC0   0x000fed       data     extern E:\3.46\pic18-lt\cxx-framework\src\traditional\proc\p18f14k50.asm
                 POSTINC0   0x000fee       data     extern E:\3.46\pic18-lt\cxx-framework\src\traditional\proc\p18f14k50.asm
                    INDF0   0x000fef       data     extern E:\3.46\pic18-lt\cxx-framework\src\traditional\proc\p18f14k50.asm
              INTCON3bits   0x000ff0       data     extern E:\3.46\pic18-lt\cxx-framework\src\traditional\proc\p18f14k50.asm
                  INTCON3   0x000ff0       data     extern E:\3.46\pic18-lt\cxx-framework\src\traditional\proc\p18f14k50.asm
              INTCON2bits   0x000ff1       data     extern E:\3.46\pic18-lt\cxx-framework\src\traditional\proc\p18f14k50.asm
                  INTCON2   0x000ff1       data     extern E:\3.46\pic18-lt\cxx-framework\src\traditional\proc\p18f14k50.asm
               INTCONbits   0x000ff2       data     extern E:\3.46\pic18-lt\cxx-framework\src\traditional\proc\p18f14k50.asm
                   INTCON   0x000ff2       data     extern E:\3.46\pic18-lt\cxx-framework\src\traditional\proc\p18f14k50.asm
                     PROD   0x000ff3       data     extern E:\3.46\pic18-lt\cxx-framework\src\traditional\proc\p18f14k50.asm
                    PRODL   0x000ff3       data     extern E:\3.46\pic18-lt\cxx-framework\src\traditional\proc\p18f14k50.asm
                    PRODH   0x000ff4       data     extern E:\3.46\pic18-lt\cxx-framework\src\traditional\proc\p18f14k50.asm
                   TABLAT   0x000ff5       data     extern E:\3.46\pic18-lt\cxx-framework\src\traditional\proc\p18f14k50.asm
                  TBLPTRL   0x000ff6       data     extern E:\3.46\pic18-lt\cxx-framework\src\traditional\proc\p18f14k50.asm
                   TBLPTR   0x000ff6       data     extern E:\3.46\pic18-lt\cxx-framework\src\traditional\proc\p18f14k50.asm
                  TBLPTRH   0x000ff7       data     extern E:\3.46\pic18-lt\cxx-framework\src\traditional\proc\p18f14k50.asm
                  TBLPTRU   0x000ff8       data     extern E:\3.46\pic18-lt\cxx-framework\src\traditional\proc\p18f14k50.asm
                       PC   0x000ff9       data     extern E:\3.46\pic18-lt\cxx-framework\src\traditional\proc\p18f14k50.asm
                      PCL   0x000ff9       data     extern E:\3.46\pic18-lt\cxx-framework\src\traditional\proc\p18f14k50.asm
                   PCLATH   0x000ffa       data     extern E:\3.46\pic18-lt\cxx-framework\src\traditional\proc\p18f14k50.asm
                   PCLATU   0x000ffb       data     extern E:\3.46\pic18-lt\cxx-framework\src\traditional\proc\p18f14k50.asm
                   STKPTR   0x000ffc       data     extern E:\3.46\pic18-lt\cxx-framework\src\traditional\proc\p18f14k50.asm
               STKPTRbits   0x000ffc       data     extern E:\3.46\pic18-lt\cxx-framework\src\traditional\proc\p18f14k50.asm
                     TOSL   0x000ffd       data     extern E:\3.46\pic18-lt\cxx-framework\src\traditional\proc\p18f14k50.asm
                      TOS   0x000ffd       data     extern E:\3.46\pic18-lt\cxx-framework\src\traditional\proc\p18f14k50.asm
                     TOSH   0x000ffe       data     extern E:\3.46\pic18-lt\cxx-framework\src\traditional\proc\p18f14k50.asm
                     TOSU   0x000fff       data     extern E:\3.46\pic18-lt\cxx-framework\src\traditional\proc\p18f14k50.asm


