MPLINK 5.00, LINKER
Linker Map File - Created Thu Jun 20 13:16:41 2019

                                 Section Info
                  Section       Type    Address   Location Size(Bytes)
                ---------  ---------  ---------  ---------  ---------
               _entry_scn       code   0x000000    program   0x000006
    HIGH_INTERRUPT_VECTOR       code   0x000008    program   0x000006
     LOW_INTERRUPT_VECTOR       code   0x000018    program   0x000006
    REMAPPED_RESET_VECTOR       code   0x001000    program   0x000006
           .code___init.o       code   0x001006    program   0x000002
REMAPPED_HIGH_INTERRUPT_VECTOR       code   0x001008    program   0x000006
REMAPPED_LOW_INTERRUPT_VECTOR       code   0x001018    program   0x000006
                   .cinit    romdata   0x00101e    program   0x00000e
             .code_main.o       code   0x00102c    program   0x0017de
       .code_usb_device.o       code   0x00280a    program   0x0010f6
.romdata_usb_descriptors.o    romdata   0x003900    program   0x00019d
    .idata_usb_device.o_i    romdata   0x003a9d    program   0x000000
    .romdata_usb_device.o    romdata   0x003a9d    program   0x000000
.idata_usb_function_hid.o_i    romdata   0x003a9d    program   0x000000
.romdata_usb_function_hid.o    romdata   0x003a9d    program   0x000000
        .idata_eeprom.o_i    romdata   0x003a9d    program   0x000000
        .romdata_eeprom.o    romdata   0x003a9d    program   0x000000
      .idata_fxd1616u.o_i    romdata   0x003a9d    program   0x000000
      .romdata_fxd1616u.o    romdata   0x003a9d    program   0x000000
        .idata___init.o_i    romdata   0x003a9d    program   0x000000
        .romdata___init.o    romdata   0x003a9d    program   0x000000
         .idata_c018i.o_i    romdata   0x003a9d    program   0x000000
         .romdata_c018i.o    romdata   0x003a9d    program   0x000000
.idata_usb_descriptors.o_i    romdata   0x003a9d    program   0x000000
          .romdata_main.o    romdata   0x003a9d    program   0x000000
             .stringtable    romdata   0x003a9d    program   0x000000
            .code_c018i.o       code   0x003a9e    program   0x000000
  .code_usb_descriptors.o       code   0x003a9e    program   0x000000
 .code_usb_function_hid.o       code   0x003a9e    program   0x00017e
                     PROG       code   0x003c1c    program   0x0000a6
               _cinit_scn       code   0x003cc2    program   0x00009e
                   STRING       code   0x003d60    program   0x000050
           .code_eeprom.o       code   0x003db0    program   0x00004c
         .code_fxd1616u.o       code   0x003dfc    program   0x00002c
                    .code       code   0x003e28    program   0x000020
             _startup_scn       code   0x003e48    program   0x00001c
          .idata_main.o_i    romdata   0x003e64    program   0x00008c
    .config_300000_main.o    romdata   0x300000    program   0x000001
    .config_300001_main.o    romdata   0x300001    program   0x000001
    .config_300002_main.o    romdata   0x300002    program   0x000001
    .config_300003_main.o    romdata   0x300003    program   0x000001
    .config_300005_main.o    romdata   0x300005    program   0x000001
    .config_300006_main.o    romdata   0x300006    program   0x000001
    .config_300008_main.o    romdata   0x300008    program   0x000001
    .config_300009_main.o    romdata   0x300009    program   0x000001
    .config_30000a_main.o    romdata   0x30000a    program   0x000001
    .config_30000b_main.o    romdata   0x30000b    program   0x000001
    .config_30000c_main.o    romdata   0x30000c    program   0x000001
    .config_30000d_main.o    romdata   0x30000d    program   0x000001
                MATH_DATA      udata   0x000000       data   0x000014
                 .tmpdata      udata   0x000014       data   0x000006
            .idata_main.o      idata   0x000060       data   0x00008c
           .udata_c018i.o      udata   0x0000ec       data   0x00000a
.udata_usb_function_hid.o      udata   0x0000f6       data   0x000002
        .udata_fxd1616u.o      udata   0x0000f8       data   0x000000
          .idata_eeprom.o      idata   0x0000f8       data   0x000000
          .udata_eeprom.o      udata   0x0000f8       data   0x000000
.idata_usb_function_hid.o      idata   0x0000f8       data   0x000000
        .idata_fxd1616u.o      idata   0x0000f8       data   0x000000
      .idata_usb_device.o      idata   0x0000f8       data   0x000000
          .udata___init.o      udata   0x0000f8       data   0x000000
          .idata___init.o      idata   0x0000f8       data   0x000000
 .idata_usb_descriptors.o      idata   0x0000f8       data   0x000000
 .udata_usb_descriptors.o      udata   0x0000f8       data   0x000000
           .idata_c018i.o      idata   0x0000f8       data   0x000000
                   .stack      udata   0x000100       data   0x000040
      .udata_usb_device.o      udata   0x000140       data   0x00003e
            .udata_main.o      udata   0x00017e       data   0x000026
                  USB_BDT      udata   0x000200       data   0x000069
                  usbram2      udata   0x000269       data   0x000090
              SFR_BANKED0      udata   0x000f53       data   0x00000d
            SFR_UNBANKED0      udata   0x000f60       data   0x0000a0



                              Program Memory Usage 
                               Start         End      
                           ---------   ---------      
                            0x000000    0x000005      
                            0x000008    0x00000d      
                            0x000018    0x00001d      
                            0x001000    0x00100d      
                            0x001018    0x003a9c      
                            0x003a9e    0x003eef      
                            0x300000    0x300003      
                            0x300005    0x300006      
                            0x300008    0x30000d      
            12035 out of 16408 program addresses used, program memory utilization is 73%



                              Symbols - Sorted by Name
                     Name    Address   Location    Storage File                     
                ---------  ---------  ---------  --------- ---------                
                   D1616S   0x003c3e    program     static E:\3.46\pic18-lt\cxx-framework\src\traditional\math\fxd1616s.asm
                D1616SNEG   0x003c4c    program     static E:\3.46\pic18-lt\cxx-framework\src\traditional\math\fxd1616s.asm
                 D1616SOK   0x003c48    program     static E:\3.46\pic18-lt\cxx-framework\src\traditional\math\fxd1616s.asm
                  D1616SX   0x003c5e    program     static E:\3.46\pic18-lt\cxx-framework\src\traditional\math\fxd1616s.asm
                  DA1616S   0x003c2e    program     static E:\3.46\pic18-lt\cxx-framework\src\traditional\math\fxd1616s.asm
                 FXD1616S   0x003c1c    program     extern E:\3.46\pic18-lt\cxx-framework\src\traditional\math\fxd1616s.asm
                 FXD1616U   0x003dfc    program     extern E:\3.46\pic18-lt\cxx-framework\src\traditional\math\fxd1616u.c
                 FXM1616S   0x003c68    program     extern E:\3.46\pic18-lt\cxx-framework\src\traditional\math\fxm1616s.asm
                 High_ISR   0x000008    program     extern C:\Users\ISSOU_Kitahara\Documents\_Revive_Mini\ReviveMicro_FW_MAT_ver001\main.c
         InitializeSystem   0x001070    program     static C:\Users\ISSOU_Kitahara\Documents\_Revive_Mini\ReviveMicro_FW_MAT_ver001\main.c
                  Low_ISR   0x000018    program     extern C:\Users\ISSOU_Kitahara\Documents\_Revive_Mini\ReviveMicro_FW_MAT_ver001\main.c
                ProcessIO   0x0012e2    program     extern C:\Users\ISSOU_Kitahara\Documents\_Revive_Mini\ReviveMicro_FW_MAT_ver001\main.c
               ReadEEPROM   0x003db0    program     extern C:\Users\ISSOU_Kitahara\Documents\_Revive_Mini\ReviveMicro_FW_MAT_ver001\eeprom.c
        Remapped_High_ISR   0x001008    program     extern C:\Users\ISSOU_Kitahara\Documents\_Revive_Mini\ReviveMicro_FW_MAT_ver001\main.c
         Remapped_Low_ISR   0x001018    program     extern C:\Users\ISSOU_Kitahara\Documents\_Revive_Mini\ReviveMicro_FW_MAT_ver001\main.c
               TSIGN1616A   0x003cb4    program     static E:\3.46\pic18-lt\cxx-framework\src\traditional\math\fxm1616s.asm
       USBCBCheckOtherReq   0x002710    program     extern C:\Users\ISSOU_Kitahara\Documents\_Revive_Mini\ReviveMicro_FW_MAT_ver001\main.c
        USBCBErrorHandler   0x00270e    program     extern C:\Users\ISSOU_Kitahara\Documents\_Revive_Mini\ReviveMicro_FW_MAT_ver001\main.c
              USBCBInitEP   0x002716    program     extern C:\Users\ISSOU_Kitahara\Documents\_Revive_Mini\ReviveMicro_FW_MAT_ver001\main.c
          USBCBSendResume   0x002758    program     extern C:\Users\ISSOU_Kitahara\Documents\_Revive_Mini\ReviveMicro_FW_MAT_ver001\main.c
    USBCBStdSetDscHandler   0x002714    program     extern C:\Users\ISSOU_Kitahara\Documents\_Revive_Mini\ReviveMicro_FW_MAT_ver001\main.c
             USBCBSuspend   0x002708    program     extern C:\Users\ISSOU_Kitahara\Documents\_Revive_Mini\ReviveMicro_FW_MAT_ver001\main.c
     USBCBWakeFromSuspend   0x00270a    program     extern C:\Users\ISSOU_Kitahara\Documents\_Revive_Mini\ReviveMicro_FW_MAT_ver001\main.c
        USBCB_SOF_Handler   0x00270c    program     extern C:\Users\ISSOU_Kitahara\Documents\_Revive_Mini\ReviveMicro_FW_MAT_ver001\main.c
              USBCancelIO   0x003850    program     extern C:\Users\ISSOU_Kitahara\Documents\_Revive_Mini\ReviveMicro_FW_MAT_ver001\Microchip\USB\usb_device.c
       USBCheckHIDRequest   0x003a9e    program     extern C:\Users\ISSOU_Kitahara\Documents\_Revive_Mini\ReviveMicro_FW_MAT_ver001\Microchip\USB\HID Device Driver\usb_function_hid.c
       USBCheckStdRequest   0x002d1a    program     extern C:\Users\ISSOU_Kitahara\Documents\_Revive_Mini\ReviveMicro_FW_MAT_ver001\Microchip\USB\usb_device.c
     USBConfigureEndpoint   0x00353e    program     extern C:\Users\ISSOU_Kitahara\Documents\_Revive_Mini\ReviveMicro_FW_MAT_ver001\Microchip\USB\usb_device.c
         USBCtrlEPService   0x002aa8    program     extern C:\Users\ISSOU_Kitahara\Documents\_Revive_Mini\ReviveMicro_FW_MAT_ver001\Microchip\USB\usb_device.c
 USBCtrlEPServiceComplete   0x003070    program     extern C:\Users\ISSOU_Kitahara\Documents\_Revive_Mini\ReviveMicro_FW_MAT_ver001\Microchip\USB\usb_device.c
      USBCtrlTrfInHandler   0x002c14    program     extern C:\Users\ISSOU_Kitahara\Documents\_Revive_Mini\ReviveMicro_FW_MAT_ver001\Microchip\USB\usb_device.c
     USBCtrlTrfOutHandler   0x002bc8    program     extern C:\Users\ISSOU_Kitahara\Documents\_Revive_Mini\ReviveMicro_FW_MAT_ver001\Microchip\USB\usb_device.c
      USBCtrlTrfRxService   0x003330    program     extern C:\Users\ISSOU_Kitahara\Documents\_Revive_Mini\ReviveMicro_FW_MAT_ver001\Microchip\USB\usb_device.c
   USBCtrlTrfSetupHandler   0x002b82    program     extern C:\Users\ISSOU_Kitahara\Documents\_Revive_Mini\ReviveMicro_FW_MAT_ver001\Microchip\USB\usb_device.c
      USBCtrlTrfTxService   0x00321a    program     extern C:\Users\ISSOU_Kitahara\Documents\_Revive_Mini\ReviveMicro_FW_MAT_ver001\Microchip\USB\usb_device.c
            USBDeviceInit   0x00280a    program     extern C:\Users\ISSOU_Kitahara\Documents\_Revive_Mini\ReviveMicro_FW_MAT_ver001\Microchip\USB\usb_device.c
           USBDeviceTasks   0x0028aa    program     extern C:\Users\ISSOU_Kitahara\Documents\_Revive_Mini\ReviveMicro_FW_MAT_ver001\Microchip\USB\usb_device.c
        USBEnableEndpoint   0x003612    program     extern C:\Users\ISSOU_Kitahara\Documents\_Revive_Mini\ReviveMicro_FW_MAT_ver001\Microchip\USB\usb_device.c
USBPrepareForNextSetupTrf   0x002cb4    program     extern C:\Users\ISSOU_Kitahara\Documents\_Revive_Mini\ReviveMicro_FW_MAT_ver001\Microchip\USB\usb_device.c
         USBStallEndpoint   0x00367e    program     extern C:\Users\ISSOU_Kitahara\Documents\_Revive_Mini\ReviveMicro_FW_MAT_ver001\Microchip\USB\usb_device.c
          USBStallHandler   0x002a26    program     extern C:\Users\ISSOU_Kitahara\Documents\_Revive_Mini\ReviveMicro_FW_MAT_ver001\Microchip\USB\usb_device.c
  USBStdFeatureReqHandler   0x002de2    program     extern C:\Users\ISSOU_Kitahara\Documents\_Revive_Mini\ReviveMicro_FW_MAT_ver001\Microchip\USB\usb_device.c
      USBStdGetDscHandler   0x002efa    program     extern C:\Users\ISSOU_Kitahara\Documents\_Revive_Mini\ReviveMicro_FW_MAT_ver001\Microchip\USB\usb_device.c
   USBStdGetStatusHandler   0x002fae    program     extern C:\Users\ISSOU_Kitahara\Documents\_Revive_Mini\ReviveMicro_FW_MAT_ver001\Microchip\USB\usb_device.c
      USBStdSetCfgHandler   0x00346c    program     extern C:\Users\ISSOU_Kitahara\Documents\_Revive_Mini\ReviveMicro_FW_MAT_ver001\Microchip\USB\usb_device.c
               USBSuspend   0x002a5a    program     extern C:\Users\ISSOU_Kitahara\Documents\_Revive_Mini\ReviveMicro_FW_MAT_ver001\Microchip\USB\usb_device.c
     USBTransferOnePacket   0x00375e    program     extern C:\Users\ISSOU_Kitahara\Documents\_Revive_Mini\ReviveMicro_FW_MAT_ver001\Microchip\USB\usb_device.c
       USBWakeFromSuspend   0x002a7e    program     extern C:\Users\ISSOU_Kitahara\Documents\_Revive_Mini\ReviveMicro_FW_MAT_ver001\Microchip\USB\usb_device.c
               USB_CD_Ptr   0x003a95    program     extern C:\Users\ISSOU_Kitahara\Documents\_Revive_Mini\ReviveMicro_FW_MAT_ver001\usb_descriptors.c
               USB_SD_Ptr   0x003a97    program     extern C:\Users\ISSOU_Kitahara\Documents\_Revive_Mini\ReviveMicro_FW_MAT_ver001\usb_descriptors.c
USER_USB_CALLBACK_EVENT_HANDLER   0x002774    program     extern C:\Users\ISSOU_Kitahara\Documents\_Revive_Mini\ReviveMicro_FW_MAT_ver001\main.c
                 UserInit   0x00107a    program     extern C:\Users\ISSOU_Kitahara\Documents\_Revive_Mini\ReviveMicro_FW_MAT_ver001\main.c
              WriteEEPROM   0x003dce    program     extern C:\Users\ISSOU_Kitahara\Documents\_Revive_Mini\ReviveMicro_FW_MAT_ver001\eeprom.c
  YourHighPriorityISRCode   0x00102c    program     extern C:\Users\ISSOU_Kitahara\Documents\_Revive_Mini\ReviveMicro_FW_MAT_ver001\main.c
   YourLowPriorityISRCode   0x00103e    program     extern C:\Users\ISSOU_Kitahara\Documents\_Revive_Mini\ReviveMicro_FW_MAT_ver001\main.c
              _2jContinue   0x003d80    program     static E:\3.46\pic18-lt\cxx-framework\src\traditional\stdclib\memset.asm
                   _3jEnd   0x003d8a    program     static E:\3.46\pic18-lt\cxx-framework\src\traditional\stdclib\memset.asm
           ___?:_lbl00104   0x001610    program     static                          
           ___?:_lbl00105   0x00160e    program     static                          
           ___?:_lbl00143   0x001ca8    program     static                          
           ___?:_lbl00144   0x001c98    program     static                          
           ___?:_lbl00165   0x00201a    program     static                          
           ___?:_lbl00166   0x00200a    program     static                          
           ___?:_lbl00169   0x0020ae    program     static                          
           ___?:_lbl00170   0x00209e    program     static                          
           ___?:_lbl00173   0x002126    program     static                          
           ___?:_lbl00174   0x002116    program     static                          
           ___?:_lbl00178   0x0022b4    program     static                          
           ___?:_lbl00179   0x0022a4    program     static                          
           ___?:_lbl00181   0x0022fe    program     static                          
           ___?:_lbl00182   0x0022ee    program     static                          
           ___?:_lbl00189   0x0023f6    program     static                          
           ___?:_lbl00190   0x0023e6    program     static                          
           ___?:_lbl00194   0x002440    program     static                          
           ___?:_lbl00195   0x002430    program     static                          
           ___?:_lbl00202   0x002540    program     static                          
           ___?:_lbl00203   0x002530    program     static                          
           ___?:_lbl00220   0x0026a0    program     static                          
           ___?:_lbl00221   0x002690    program     static                          
       ___case_0_lbl00131   0x001650    program     static                          
     ___case_114_lbl00244   0x0027f8    program     static                          
     ___case_115_lbl00240   0x0027e8    program     static                          
     ___case_116_lbl00242   0x0027f0    program     static                          
     ___case_117_lbl00241   0x0027ec    program     static                          
     ___case_128_lbl00176   0x002154    program     static                          
     ___case_129_lbl00177   0x002256    program     static                          
       ___case_1_lbl00134   0x001a8a    program     static                          
       ___case_1_lbl00237   0x0027dc    program     static                          
       ___case_2_lbl00140   0x001b32    program     static                          
       ___case_2_lbl00238   0x0027e0    program     static                          
   ___case_32767_lbl00243   0x0027f4    program     static                          
       ___case_3_lbl00239   0x0027e4    program     static                          
      ___case_55_lbl00193   0x0022e2    program     static                          
      ___case_56_lbl00206   0x002424    program     static                          
      ___case_85_lbl00207   0x00256e    program     static                          
      ___case_86_lbl00213   0x0025aa    program     static                          
      ___default_lbl00141   0x001c80    program     static                          
      ___default_lbl00245   0x0027fc    program     static                          
         ___else_lbl00031   0x001324    program     static                          
         ___else_lbl00033   0x001332    program     static                          
         ___else_lbl00035   0x001340    program     static                          
         ___else_lbl00037   0x00134e    program     static                          
         ___else_lbl00039   0x00135c    program     static                          
         ___else_lbl00041   0x00136a    program     static                          
         ___else_lbl00043   0x001384    program     static                          
         ___else_lbl00045   0x001392    program     static                          
         ___else_lbl00047   0x0013a0    program     static                          
         ___else_lbl00049   0x0013ae    program     static                          
         ___else_lbl00051   0x0013bc    program     static                          
         ___else_lbl00053   0x0013ca    program     static                          
         ___else_lbl00055   0x0013e4    program     static                          
         ___else_lbl00057   0x0013f2    program     static                          
         ___else_lbl00059   0x001400    program     static                          
         ___else_lbl00061   0x00140e    program     static                          
         ___else_lbl00063   0x00141c    program     static                          
         ___else_lbl00065   0x00142a    program     static                          
         ___else_lbl00067   0x001444    program     static                          
         ___else_lbl00069   0x001452    program     static                          
         ___else_lbl00071   0x001460    program     static                          
         ___else_lbl00073   0x00146e    program     static                          
         ___else_lbl00075   0x00147c    program     static                          
         ___else_lbl00077   0x00148a    program     static                          
         ___else_lbl00079   0x0014a4    program     static                          
         ___else_lbl00081   0x0014b2    program     static                          
         ___else_lbl00083   0x0014c0    program     static                          
         ___else_lbl00085   0x0014ce    program     static                          
         ___else_lbl00087   0x0014dc    program     static                          
         ___else_lbl00089   0x0014ea    program     static                          
         ___else_lbl00091   0x001504    program     static                          
         ___else_lbl00093   0x001512    program     static                          
         ___else_lbl00095   0x001520    program     static                          
         ___else_lbl00097   0x00152e    program     static                          
         ___else_lbl00099   0x00153c    program     static                          
         ___else_lbl00101   0x00154a    program     static                          
         ___else_lbl00113   0x001990    program     static                          
         ___else_lbl00115   0x001926    program     static                          
         ___else_lbl00117   0x0018bc    program     static                          
         ___else_lbl00119   0x00184c    program     static                          
         ___else_lbl00121   0x0017dc    program     static                          
         ___else_lbl00123   0x00176c    program     static                          
         ___else_lbl00125   0x0016fc    program     static                          
         ___else_lbl00127   0x0016c4    program     static                          
         ___else_lbl00129   0x00168e    program     static                          
         ___else_lbl00147   0x001d32    program     static                          
         ___else_lbl00150   0x001da4    program     static                          
         ___else_lbl00153   0x001e2e    program     static                          
         ___else_lbl00156   0x001ea0    program     static                          
         ___else_lbl00159   0x001f16    program     static                          
         ___else_lbl00162   0x001fa4    program     static                          
         ___else_lbl00219   0x002680    program     static                          
          ___for_lbl00102   0x001c82    program     static                          
          ___for_lbl00103   0x001c8c    program     static                          
          ___for_lbl00142   0x00158a    program     static                          
          ___for_lbl00183   0x0023d0    program     static                          
          ___for_lbl00184   0x0023da    program     static                          
          ___for_lbl00185   0x0023c4    program     static                          
          ___for_lbl00186   0x0023d0    program     static                          
          ___for_lbl00187   0x00232e    program     static                          
          ___for_lbl00188   0x00230e    program     static                          
          ___for_lbl00196   0x00251a    program     static                          
          ___for_lbl00197   0x002524    program     static                          
          ___for_lbl00198   0x00250e    program     static                          
          ___for_lbl00199   0x00251a    program     static                          
          ___for_lbl00200   0x002470    program     static                          
          ___for_lbl00201   0x002450    program     static                          
          ___for_lbl00208   0x00259c    program     static                          
          ___for_lbl00209   0x0025a6    program     static                          
          ___for_lbl00212   0x002576    program     static                          
          ___for_lbl00215   0x00265a    program     static                          
          ___for_lbl00216   0x002664    program     static                          
          ___for_lbl00217   0x0025fe    program     static                          
           ___if_lbl00029   0x00130e    program     static                          
           ___if_lbl00030   0x001328    program     static                          
           ___if_lbl00032   0x001336    program     static                          
           ___if_lbl00034   0x001344    program     static                          
           ___if_lbl00036   0x001352    program     static                          
           ___if_lbl00038   0x001360    program     static                          
           ___if_lbl00040   0x00136e    program     static                          
           ___if_lbl00042   0x001388    program     static                          
           ___if_lbl00044   0x001396    program     static                          
           ___if_lbl00046   0x0013a4    program     static                          
           ___if_lbl00048   0x0013b2    program     static                          
           ___if_lbl00050   0x0013c0    program     static                          
           ___if_lbl00052   0x0013ce    program     static                          
           ___if_lbl00054   0x0013e8    program     static                          
           ___if_lbl00056   0x0013f6    program     static                          
           ___if_lbl00058   0x001404    program     static                          
           ___if_lbl00060   0x001412    program     static                          
           ___if_lbl00062   0x001420    program     static                          
           ___if_lbl00064   0x00142e    program     static                          
           ___if_lbl00066   0x001448    program     static                          
           ___if_lbl00068   0x001456    program     static                          
           ___if_lbl00070   0x001464    program     static                          
           ___if_lbl00072   0x001472    program     static                          
           ___if_lbl00074   0x001480    program     static                          
           ___if_lbl00076   0x00148e    program     static                          
           ___if_lbl00078   0x0014a8    program     static                          
           ___if_lbl00080   0x0014b6    program     static                          
           ___if_lbl00082   0x0014c4    program     static                          
           ___if_lbl00084   0x0014d2    program     static                          
           ___if_lbl00086   0x0014e0    program     static                          
           ___if_lbl00088   0x0014ee    program     static                          
           ___if_lbl00090   0x001508    program     static                          
           ___if_lbl00092   0x001516    program     static                          
           ___if_lbl00094   0x001524    program     static                          
           ___if_lbl00096   0x001532    program     static                          
           ___if_lbl00098   0x001540    program     static                          
           ___if_lbl00100   0x00154e    program     static                          
           ___if_lbl00107   0x00176a    program     static                          
           ___if_lbl00108   0x0017da    program     static                          
           ___if_lbl00109   0x00184a    program     static                          
           ___if_lbl00110   0x0018ba    program     static                          
           ___if_lbl00111   0x001a82    program     static                          
           ___if_lbl00112   0x001a82    program     static                          
           ___if_lbl00114   0x001a82    program     static                          
           ___if_lbl00116   0x001a82    program     static                          
           ___if_lbl00118   0x001a82    program     static                          
           ___if_lbl00120   0x001a82    program     static                          
           ___if_lbl00122   0x001a82    program     static                          
           ___if_lbl00124   0x001a82    program     static                          
           ___if_lbl00126   0x001a82    program     static                          
           ___if_lbl00128   0x001a82    program     static                          
           ___if_lbl00130   0x001a88    program     static                          
           ___if_lbl00132   0x001b2a    program     static                          
           ___if_lbl00133   0x001b30    program     static                          
           ___if_lbl00135   0x001b70    program     static                          
           ___if_lbl00136   0x001ba6    program     static                          
           ___if_lbl00137   0x001bdc    program     static                          
           ___if_lbl00138   0x001c12    program     static                          
           ___if_lbl00139   0x001c7e    program     static                          
           ___if_lbl00145   0x001d30    program     static                          
           ___if_lbl00146   0x001d38    program     static                          
           ___if_lbl00148   0x001da2    program     static                          
           ___if_lbl00149   0x001daa    program     static                          
           ___if_lbl00151   0x001e2c    program     static                          
           ___if_lbl00152   0x001e34    program     static                          
           ___if_lbl00154   0x001e9e    program     static                          
           ___if_lbl00155   0x001ea6    program     static                          
           ___if_lbl00157   0x001f14    program     static                          
           ___if_lbl00158   0x001f1c    program     static                          
           ___if_lbl00160   0x001fa2    program     static                          
           ___if_lbl00161   0x001faa    program     static                          
           ___if_lbl00163   0x001ffe    program     static                          
           ___if_lbl00164   0x001ffe    program     static                          
           ___if_lbl00167   0x002092    program     static                          
           ___if_lbl00168   0x002092    program     static                          
           ___if_lbl00171   0x00210a    program     static                          
           ___if_lbl00172   0x00210a    program     static                          
           ___if_lbl00180   0x0022e0    program     static                          
           ___if_lbl00191   0x002422    program     static                          
           ___if_lbl00192   0x002422    program     static                          
           ___if_lbl00204   0x00256c    program     static                          
           ___if_lbl00205   0x00256c    program     static                          
           ___if_lbl00218   0x002684    program     static                          
           ___if_lbl00222   0x0026cc    program     static                          
           ___if_lbl00223   0x0026f4    program     static                          
       ___return_lbl00000   0x000004    program     static                          
       ___return_lbl00000   0x003e26    program     static                          
       ___return_lbl00000   0x001004    program     static                          
       ___return_lbl00001   0x00100c    program     static                          
       ___return_lbl00001   0x003e62    program     static                          
       ___return_lbl00002   0x003d5e    program     static                          
       ___return_lbl00002   0x00101c    program     static                          
       ___return_lbl00003   0x00000c    program     static                          
       ___return_lbl00004   0x00001c    program     static                          
       ___return_lbl00027   0x0026f4    program     static                          
       ___return_lbl00235   0x002802    program     static                          
   ___switchexit_lbl00106   0x001c82    program     static                          
   ___switchexit_lbl00175   0x0026ce    program     static                          
   ___switchexit_lbl00236   0x0027fe    program     static                          
        ___while_lbl00210   0x002590    program     static                          
        ___while_lbl00211   0x00259c    program     static                          
               __config_0   0x300000    program     static C:\Users\ISSOU_Kitahara\Documents\_Revive_Mini\ReviveMicro_FW_MAT_ver001\main.c
               __config_1   0x300001    program     static C:\Users\ISSOU_Kitahara\Documents\_Revive_Mini\ReviveMicro_FW_MAT_ver001\main.c
              __config_10   0x30000c    program     static C:\Users\ISSOU_Kitahara\Documents\_Revive_Mini\ReviveMicro_FW_MAT_ver001\main.c
              __config_11   0x30000d    program     static C:\Users\ISSOU_Kitahara\Documents\_Revive_Mini\ReviveMicro_FW_MAT_ver001\main.c
               __config_2   0x300002    program     static C:\Users\ISSOU_Kitahara\Documents\_Revive_Mini\ReviveMicro_FW_MAT_ver001\main.c
               __config_3   0x300003    program     static C:\Users\ISSOU_Kitahara\Documents\_Revive_Mini\ReviveMicro_FW_MAT_ver001\main.c
               __config_4   0x300005    program     static C:\Users\ISSOU_Kitahara\Documents\_Revive_Mini\ReviveMicro_FW_MAT_ver001\main.c
               __config_5   0x300006    program     static C:\Users\ISSOU_Kitahara\Documents\_Revive_Mini\ReviveMicro_FW_MAT_ver001\main.c
               __config_6   0x300008    program     static C:\Users\ISSOU_Kitahara\Documents\_Revive_Mini\ReviveMicro_FW_MAT_ver001\main.c
               __config_7   0x300009    program     static C:\Users\ISSOU_Kitahara\Documents\_Revive_Mini\ReviveMicro_FW_MAT_ver001\main.c
               __config_8   0x30000a    program     static C:\Users\ISSOU_Kitahara\Documents\_Revive_Mini\ReviveMicro_FW_MAT_ver001\main.c
               __config_9   0x30000b    program     static C:\Users\ISSOU_Kitahara\Documents\_Revive_Mini\ReviveMicro_FW_MAT_ver001\main.c
                   __init   0x001006    program     extern E:\3.46\pic18-lt\cxx-framework\src\traditional\stdclib\__init.c
              __tmplbl_10   0x0027b0    program     static                          
              __tmplbl_11   0x0027ba    program     static                          
              __tmplbl_12   0x0027c4    program     static                          
              __tmplbl_13   0x0027ce    program     static                          
              __tmplbl_14   0x0027d8    program     static                          
              __tmplbl_15   0x0012fe    program     static                          
              __tmplbl_16   0x0025d8    program     static                          
              __tmplbl_17   0x0025f2    program     static                          
              __tmplbl_18   0x00261e    program     static                          
               __tmplbl_3   0x00130a    program     static                          
               __tmplbl_4   0x001304    program     static                          
               __tmplbl_5   0x0025fa    program     static                          
               __tmplbl_6   0x0025de    program     static                          
               __tmplbl_7   0x002790    program     static                          
               __tmplbl_8   0x00279c    program     static                          
               __tmplbl_9   0x0027a6    program     static                          
            __zero_memory   0x003e28    program     extern E:\3.46\pic18-lt\cxx-framework\src\traditional\proc\p18f14k50.asm
                _do_cinit   0x003cc2    program     extern E:\3.46\pic18-lt\cxx-framework\src\traditional\startup\c018i.c
                   _entry   0x000000    program     extern E:\3.46\pic18-lt\cxx-framework\src\traditional\startup\c018i.c
                   _reset   0x001000    program     extern C:\Users\ISSOU_Kitahara\Documents\_Revive_Mini\ReviveMicro_FW_MAT_ver001\main.c
                 _startup   0x003e48    program     extern E:\3.46\pic18-lt\cxx-framework\src\traditional\startup\c018i.c
                compare_l   0x003e3e    program     static E:\3.46\pic18-lt\cxx-framework\src\traditional\proc\p18f14k50.asm
        configDescriptor1   0x003912    program     extern C:\Users\ISSOU_Kitahara\Documents\_Revive_Mini\ReviveMicro_FW_MAT_ver001\usb_descriptors.c
                copy_loop   0x003d34    program     static                          
            copy_one_byte   0x003d3a    program     static                          
               device_dsc   0x003900    program     extern C:\Users\ISSOU_Kitahara\Documents\_Revive_Mini\ReviveMicro_FW_MAT_ver001\usb_descriptors.c
                     done   0x003d5e    program     static                          
             done_copying   0x003d48    program     static                          
                  endloop   0x003e22    program     static                          
                hid_rpt01   0x003994    program     extern C:\Users\ISSOU_Kitahara\Documents\_Revive_Mini\ReviveMicro_FW_MAT_ver001\usb_descriptors.c
                hid_rpt02   0x0039c8    program     extern C:\Users\ISSOU_Kitahara\Documents\_Revive_Mini\ReviveMicro_FW_MAT_ver001\usb_descriptors.c
                hid_rpt03   0x0039f9    program     extern C:\Users\ISSOU_Kitahara\Documents\_Revive_Mini\ReviveMicro_FW_MAT_ver001\usb_descriptors.c
                hid_rpt04   0x003a38    program     extern C:\Users\ISSOU_Kitahara\Documents\_Revive_Mini\ReviveMicro_FW_MAT_ver001\usb_descriptors.c
                     jEnd   0x003d92    program     static E:\3.46\pic18-lt\cxx-framework\src\traditional\stdclib\memset.asm
                     jEnd   0x003dae    program     static E:\3.46\pic18-lt\cxx-framework\src\traditional\stdclib\strlen.asm
                    jLoop   0x003d74    program     static E:\3.46\pic18-lt\cxx-framework\src\traditional\stdclib\memset.asm
                    jLoop   0x003da4    program     static E:\3.46\pic18-lt\cxx-framework\src\traditional\stdclib\strlen.asm
                     loop   0x003e06    program     static                          
                     loop   0x003e58    program     static                          
                   loop_h   0x003e36    program     static E:\3.46\pic18-lt\cxx-framework\src\traditional\proc\p18f14k50.asm
                   loop_l   0x003e40    program     static E:\3.46\pic18-lt\cxx-framework\src\traditional\proc\p18f14k50.asm
                     main   0x001064    program     extern C:\Users\ISSOU_Kitahara\Documents\_Revive_Mini\ReviveMicro_FW_MAT_ver001\main.c
                   memset   0x003d60    program     extern E:\3.46\pic18-lt\cxx-framework\src\traditional\stdclib\memset.asm
                    sd000   0x003a55    program     extern C:\Users\ISSOU_Kitahara\Documents\_Revive_Mini\ReviveMicro_FW_MAT_ver001\usb_descriptors.c
                    sd001   0x003a59    program     extern C:\Users\ISSOU_Kitahara\Documents\_Revive_Mini\ReviveMicro_FW_MAT_ver001\usb_descriptors.c
                    sd002   0x003a7f    program     extern C:\Users\ISSOU_Kitahara\Documents\_Revive_Mini\ReviveMicro_FW_MAT_ver001\usb_descriptors.c
                   strlen   0x003d94    program     extern E:\3.46\pic18-lt\cxx-framework\src\traditional\stdclib\strlen.asm
                     test   0x003cdc    program     static                          
               zero_block   0x003e36    program     static E:\3.46\pic18-lt\cxx-framework\src\traditional\proc\p18f14k50.asm
                   ADCON0   0x000fc2       data     extern E:\3.46\pic18-lt\cxx-framework\src\traditional\proc\p18f14k50.asm
               ADCON0bits   0x000fc2       data     extern E:\3.46\pic18-lt\cxx-framework\src\traditional\proc\p18f14k50.asm
                   ADCON1   0x000fc1       data     extern E:\3.46\pic18-lt\cxx-framework\src\traditional\proc\p18f14k50.asm
               ADCON1bits   0x000fc1       data     extern E:\3.46\pic18-lt\cxx-framework\src\traditional\proc\p18f14k50.asm
                   ADCON2   0x000fc0       data     extern E:\3.46\pic18-lt\cxx-framework\src\traditional\proc\p18f14k50.asm
               ADCON2bits   0x000fc0       data     extern E:\3.46\pic18-lt\cxx-framework\src\traditional\proc\p18f14k50.asm
                    ADRES   0x000fc3       data     extern E:\3.46\pic18-lt\cxx-framework\src\traditional\proc\p18f14k50.asm
                   ADRESH   0x000fc4       data     extern E:\3.46\pic18-lt\cxx-framework\src\traditional\proc\p18f14k50.asm
                   ADRESL   0x000fc3       data     extern E:\3.46\pic18-lt\cxx-framework\src\traditional\proc\p18f14k50.asm
                    ANSEL   0x000f7e       data     extern E:\3.46\pic18-lt\cxx-framework\src\traditional\proc\p18f14k50.asm
                   ANSELH   0x000f7f       data     extern E:\3.46\pic18-lt\cxx-framework\src\traditional\proc\p18f14k50.asm
               ANSELHbits   0x000f7f       data     extern E:\3.46\pic18-lt\cxx-framework\src\traditional\proc\p18f14k50.asm
                ANSELbits   0x000f7e       data     extern E:\3.46\pic18-lt\cxx-framework\src\traditional\proc\p18f14k50.asm
                  BAUDCON   0x000fb8       data     extern E:\3.46\pic18-lt\cxx-framework\src\traditional\proc\p18f14k50.asm
              BAUDCONbits   0x000fb8       data     extern E:\3.46\pic18-lt\cxx-framework\src\traditional\proc\p18f14k50.asm
                  BAUDCTL   0x000fb8       data     extern E:\3.46\pic18-lt\cxx-framework\src\traditional\proc\p18f14k50.asm
              BAUDCTLbits   0x000fb8       data     extern E:\3.46\pic18-lt\cxx-framework\src\traditional\proc\p18f14k50.asm
                      BDT   0x000200       data     extern C:\Users\ISSOU_Kitahara\Documents\_Revive_Mini\ReviveMicro_FW_MAT_ver001\Microchip\USB\usb_device.c
                      BSR   0x000fe0       data     extern E:\3.46\pic18-lt\cxx-framework\src\traditional\proc\p18f14k50.asm
       BothEP0OutUOWNsSet   0x00016d       data     extern C:\Users\ISSOU_Kitahara\Documents\_Revive_Mini\ReviveMicro_FW_MAT_ver001\Microchip\USB\usb_device.c
                  CCP1CON   0x000fbd       data     extern E:\3.46\pic18-lt\cxx-framework\src\traditional\proc\p18f14k50.asm
              CCP1CONbits   0x000fbd       data     extern E:\3.46\pic18-lt\cxx-framework\src\traditional\proc\p18f14k50.asm
                    CCPR1   0x000fbe       data     extern E:\3.46\pic18-lt\cxx-framework\src\traditional\proc\p18f14k50.asm
                   CCPR1H   0x000fbf       data     extern E:\3.46\pic18-lt\cxx-framework\src\traditional\proc\p18f14k50.asm
                   CCPR1L   0x000fbe       data     extern E:\3.46\pic18-lt\cxx-framework\src\traditional\proc\p18f14k50.asm
                  CM1CON0   0x000f6d       data     extern E:\3.46\pic18-lt\cxx-framework\src\traditional\proc\p18f14k50.asm
              CM1CON0bits   0x000f6d       data     extern E:\3.46\pic18-lt\cxx-framework\src\traditional\proc\p18f14k50.asm
                  CM2CON0   0x000f6b       data     extern E:\3.46\pic18-lt\cxx-framework\src\traditional\proc\p18f14k50.asm
              CM2CON0bits   0x000f6b       data     extern E:\3.46\pic18-lt\cxx-framework\src\traditional\proc\p18f14k50.asm
                  CM2CON1   0x000f6c       data     extern E:\3.46\pic18-lt\cxx-framework\src\traditional\proc\p18f14k50.asm
              CM2CON1bits   0x000f6c       data     extern E:\3.46\pic18-lt\cxx-framework\src\traditional\proc\p18f14k50.asm
              CtrlTrfData   0x000258       data     extern C:\Users\ISSOU_Kitahara\Documents\_Revive_Mini\ReviveMicro_FW_MAT_ver001\Microchip\USB\usb_device.c
                     DDRA   0x000f92       data     extern E:\3.46\pic18-lt\cxx-framework\src\traditional\proc\p18f14k50.asm
                 DDRAbits   0x000f92       data     extern E:\3.46\pic18-lt\cxx-framework\src\traditional\proc\p18f14k50.asm
                     DDRB   0x000f93       data     extern E:\3.46\pic18-lt\cxx-framework\src\traditional\proc\p18f14k50.asm
                 DDRBbits   0x000f93       data     extern E:\3.46\pic18-lt\cxx-framework\src\traditional\proc\p18f14k50.asm
                     DDRC   0x000f94       data     extern E:\3.46\pic18-lt\cxx-framework\src\traditional\proc\p18f14k50.asm
                 DDRCbits   0x000f94       data     extern E:\3.46\pic18-lt\cxx-framework\src\traditional\proc\p18f14k50.asm
                  ECCP1AS   0x000fb6       data     extern E:\3.46\pic18-lt\cxx-framework\src\traditional\proc\p18f14k50.asm
              ECCP1ASbits   0x000fb6       data     extern E:\3.46\pic18-lt\cxx-framework\src\traditional\proc\p18f14k50.asm
                    EEADR   0x000fa9       data     extern E:\3.46\pic18-lt\cxx-framework\src\traditional\proc\p18f14k50.asm
                EEADRbits   0x000fa9       data     extern E:\3.46\pic18-lt\cxx-framework\src\traditional\proc\p18f14k50.asm
                   EECON1   0x000fa6       data     extern E:\3.46\pic18-lt\cxx-framework\src\traditional\proc\p18f14k50.asm
               EECON1bits   0x000fa6       data     extern E:\3.46\pic18-lt\cxx-framework\src\traditional\proc\p18f14k50.asm
                   EECON2   0x000fa7       data     extern E:\3.46\pic18-lt\cxx-framework\src\traditional\proc\p18f14k50.asm
                   EEDATA   0x000fa8       data     extern E:\3.46\pic18-lt\cxx-framework\src\traditional\proc\p18f14k50.asm
                     FSR0   0x000fe9       data     extern E:\3.46\pic18-lt\cxx-framework\src\traditional\proc\p18f14k50.asm
                    FSR0H   0x000fea       data     extern E:\3.46\pic18-lt\cxx-framework\src\traditional\proc\p18f14k50.asm
                    FSR0L   0x000fe9       data     extern E:\3.46\pic18-lt\cxx-framework\src\traditional\proc\p18f14k50.asm
                     FSR1   0x000fe1       data     extern E:\3.46\pic18-lt\cxx-framework\src\traditional\proc\p18f14k50.asm
                    FSR1H   0x000fe2       data     extern E:\3.46\pic18-lt\cxx-framework\src\traditional\proc\p18f14k50.asm
                    FSR1L   0x000fe1       data     extern E:\3.46\pic18-lt\cxx-framework\src\traditional\proc\p18f14k50.asm
                     FSR2   0x000fd9       data     extern E:\3.46\pic18-lt\cxx-framework\src\traditional\proc\p18f14k50.asm
                    FSR2H   0x000fda       data     extern E:\3.46\pic18-lt\cxx-framework\src\traditional\proc\p18f14k50.asm
                    FSR2L   0x000fd9       data     extern E:\3.46\pic18-lt\cxx-framework\src\traditional\proc\p18f14k50.asm
                    INDF0   0x000fef       data     extern E:\3.46\pic18-lt\cxx-framework\src\traditional\proc\p18f14k50.asm
                    INDF1   0x000fe7       data     extern E:\3.46\pic18-lt\cxx-framework\src\traditional\proc\p18f14k50.asm
                    INDF2   0x000fdf       data     extern E:\3.46\pic18-lt\cxx-framework\src\traditional\proc\p18f14k50.asm
                   INTCON   0x000ff2       data     extern E:\3.46\pic18-lt\cxx-framework\src\traditional\proc\p18f14k50.asm
                  INTCON2   0x000ff1       data     extern E:\3.46\pic18-lt\cxx-framework\src\traditional\proc\p18f14k50.asm
              INTCON2bits   0x000ff1       data     extern E:\3.46\pic18-lt\cxx-framework\src\traditional\proc\p18f14k50.asm
                  INTCON3   0x000ff0       data     extern E:\3.46\pic18-lt\cxx-framework\src\traditional\proc\p18f14k50.asm
              INTCON3bits   0x000ff0       data     extern E:\3.46\pic18-lt\cxx-framework\src\traditional\proc\p18f14k50.asm
               INTCONbits   0x000ff2       data     extern E:\3.46\pic18-lt\cxx-framework\src\traditional\proc\p18f14k50.asm
                     IOCA   0x000f79       data     extern E:\3.46\pic18-lt\cxx-framework\src\traditional\proc\p18f14k50.asm
                 IOCAbits   0x000f79       data     extern E:\3.46\pic18-lt\cxx-framework\src\traditional\proc\p18f14k50.asm
                     IOCB   0x000f7a       data     extern E:\3.46\pic18-lt\cxx-framework\src\traditional\proc\p18f14k50.asm
                 IOCBbits   0x000f7a       data     extern E:\3.46\pic18-lt\cxx-framework\src\traditional\proc\p18f14k50.asm
                     IPR1   0x000f9f       data     extern E:\3.46\pic18-lt\cxx-framework\src\traditional\proc\p18f14k50.asm
                 IPR1bits   0x000f9f       data     extern E:\3.46\pic18-lt\cxx-framework\src\traditional\proc\p18f14k50.asm
                     IPR2   0x000fa2       data     extern E:\3.46\pic18-lt\cxx-framework\src\traditional\proc\p18f14k50.asm
                 IPR2bits   0x000fa2       data     extern E:\3.46\pic18-lt\cxx-framework\src\traditional\proc\p18f14k50.asm
                     LATA   0x000f89       data     extern E:\3.46\pic18-lt\cxx-framework\src\traditional\proc\p18f14k50.asm
                 LATAbits   0x000f89       data     extern E:\3.46\pic18-lt\cxx-framework\src\traditional\proc\p18f14k50.asm
                     LATB   0x000f8a       data     extern E:\3.46\pic18-lt\cxx-framework\src\traditional\proc\p18f14k50.asm
                 LATBbits   0x000f8a       data     extern E:\3.46\pic18-lt\cxx-framework\src\traditional\proc\p18f14k50.asm
                     LATC   0x000f8b       data     extern E:\3.46\pic18-lt\cxx-framework\src\traditional\proc\p18f14k50.asm
                 LATCbits   0x000f8b       data     extern E:\3.46\pic18-lt\cxx-framework\src\traditional\proc\p18f14k50.asm
                   OSCCON   0x000fd3       data     extern E:\3.46\pic18-lt\cxx-framework\src\traditional\proc\p18f14k50.asm
                  OSCCON2   0x000fd2       data     extern E:\3.46\pic18-lt\cxx-framework\src\traditional\proc\p18f14k50.asm
              OSCCON2bits   0x000fd2       data     extern E:\3.46\pic18-lt\cxx-framework\src\traditional\proc\p18f14k50.asm
               OSCCONbits   0x000fd3       data     extern E:\3.46\pic18-lt\cxx-framework\src\traditional\proc\p18f14k50.asm
                  OSCTUNE   0x000f9b       data     extern E:\3.46\pic18-lt\cxx-framework\src\traditional\proc\p18f14k50.asm
              OSCTUNEbits   0x000f9b       data     extern E:\3.46\pic18-lt\cxx-framework\src\traditional\proc\p18f14k50.asm
                       PC   0x000ff9       data     extern E:\3.46\pic18-lt\cxx-framework\src\traditional\proc\p18f14k50.asm
                      PCL   0x000ff9       data     extern E:\3.46\pic18-lt\cxx-framework\src\traditional\proc\p18f14k50.asm
                   PCLATH   0x000ffa       data     extern E:\3.46\pic18-lt\cxx-framework\src\traditional\proc\p18f14k50.asm
                   PCLATU   0x000ffb       data     extern E:\3.46\pic18-lt\cxx-framework\src\traditional\proc\p18f14k50.asm
                     PIE1   0x000f9d       data     extern E:\3.46\pic18-lt\cxx-framework\src\traditional\proc\p18f14k50.asm
                 PIE1bits   0x000f9d       data     extern E:\3.46\pic18-lt\cxx-framework\src\traditional\proc\p18f14k50.asm
                     PIE2   0x000fa0       data     extern E:\3.46\pic18-lt\cxx-framework\src\traditional\proc\p18f14k50.asm
                 PIE2bits   0x000fa0       data     extern E:\3.46\pic18-lt\cxx-framework\src\traditional\proc\p18f14k50.asm
                     PIR1   0x000f9e       data     extern E:\3.46\pic18-lt\cxx-framework\src\traditional\proc\p18f14k50.asm
                 PIR1bits   0x000f9e       data     extern E:\3.46\pic18-lt\cxx-framework\src\traditional\proc\p18f14k50.asm
                     PIR2   0x000fa1       data     extern E:\3.46\pic18-lt\cxx-framework\src\traditional\proc\p18f14k50.asm
                 PIR2bits   0x000fa1       data     extern E:\3.46\pic18-lt\cxx-framework\src\traditional\proc\p18f14k50.asm
                   PLUSW0   0x000feb       data     extern E:\3.46\pic18-lt\cxx-framework\src\traditional\proc\p18f14k50.asm
                   PLUSW1   0x000fe3       data     extern E:\3.46\pic18-lt\cxx-framework\src\traditional\proc\p18f14k50.asm
                   PLUSW2   0x000fdb       data     extern E:\3.46\pic18-lt\cxx-framework\src\traditional\proc\p18f14k50.asm
                    PORTA   0x000f80       data     extern E:\3.46\pic18-lt\cxx-framework\src\traditional\proc\p18f14k50.asm
                PORTAbits   0x000f80       data     extern E:\3.46\pic18-lt\cxx-framework\src\traditional\proc\p18f14k50.asm
                    PORTB   0x000f81       data     extern E:\3.46\pic18-lt\cxx-framework\src\traditional\proc\p18f14k50.asm
                PORTBbits   0x000f81       data     extern E:\3.46\pic18-lt\cxx-framework\src\traditional\proc\p18f14k50.asm
                    PORTC   0x000f82       data     extern E:\3.46\pic18-lt\cxx-framework\src\traditional\proc\p18f14k50.asm
                PORTCbits   0x000f82       data     extern E:\3.46\pic18-lt\cxx-framework\src\traditional\proc\p18f14k50.asm
                 POSTDEC0   0x000fed       data     extern E:\3.46\pic18-lt\cxx-framework\src\traditional\proc\p18f14k50.asm
                 POSTDEC1   0x000fe5       data     extern E:\3.46\pic18-lt\cxx-framework\src\traditional\proc\p18f14k50.asm
                 POSTDEC2   0x000fdd       data     extern E:\3.46\pic18-lt\cxx-framework\src\traditional\proc\p18f14k50.asm
                 POSTINC0   0x000fee       data     extern E:\3.46\pic18-lt\cxx-framework\src\traditional\proc\p18f14k50.asm
                 POSTINC1   0x000fe6       data     extern E:\3.46\pic18-lt\cxx-framework\src\traditional\proc\p18f14k50.asm
                 POSTINC2   0x000fde       data     extern E:\3.46\pic18-lt\cxx-framework\src\traditional\proc\p18f14k50.asm
                      PR2   0x000fcb       data     extern E:\3.46\pic18-lt\cxx-framework\src\traditional\proc\p18f14k50.asm
                  PREINC0   0x000fec       data     extern E:\3.46\pic18-lt\cxx-framework\src\traditional\proc\p18f14k50.asm
                  PREINC1   0x000fe4       data     extern E:\3.46\pic18-lt\cxx-framework\src\traditional\proc\p18f14k50.asm
                  PREINC2   0x000fdc       data     extern E:\3.46\pic18-lt\cxx-framework\src\traditional\proc\p18f14k50.asm
                     PROD   0x000ff3       data     extern E:\3.46\pic18-lt\cxx-framework\src\traditional\proc\p18f14k50.asm
                    PRODH   0x000ff4       data     extern E:\3.46\pic18-lt\cxx-framework\src\traditional\proc\p18f14k50.asm
                    PRODL   0x000ff3       data     extern E:\3.46\pic18-lt\cxx-framework\src\traditional\proc\p18f14k50.asm
                  PSTRCON   0x000fb9       data     extern E:\3.46\pic18-lt\cxx-framework\src\traditional\proc\p18f14k50.asm
              PSTRCONbits   0x000fb9       data     extern E:\3.46\pic18-lt\cxx-framework\src\traditional\proc\p18f14k50.asm
                  PWM1CON   0x000fb7       data     extern E:\3.46\pic18-lt\cxx-framework\src\traditional\proc\p18f14k50.asm
              PWM1CONbits   0x000fb7       data     extern E:\3.46\pic18-lt\cxx-framework\src\traditional\proc\p18f14k50.asm
                     RCON   0x000fd0       data     extern E:\3.46\pic18-lt\cxx-framework\src\traditional\proc\p18f14k50.asm
                 RCONbits   0x000fd0       data     extern E:\3.46\pic18-lt\cxx-framework\src\traditional\proc\p18f14k50.asm
                    RCREG   0x000fae       data     extern E:\3.46\pic18-lt\cxx-framework\src\traditional\proc\p18f14k50.asm
                    RCSTA   0x000fab       data     extern E:\3.46\pic18-lt\cxx-framework\src\traditional\proc\p18f14k50.asm
                RCSTAbits   0x000fab       data     extern E:\3.46\pic18-lt\cxx-framework\src\traditional\proc\p18f14k50.asm
                  REFCON0   0x000fba       data     extern E:\3.46\pic18-lt\cxx-framework\src\traditional\proc\p18f14k50.asm
              REFCON0bits   0x000fba       data     extern E:\3.46\pic18-lt\cxx-framework\src\traditional\proc\p18f14k50.asm
                  REFCON1   0x000fbb       data     extern E:\3.46\pic18-lt\cxx-framework\src\traditional\proc\p18f14k50.asm
              REFCON1bits   0x000fbb       data     extern E:\3.46\pic18-lt\cxx-framework\src\traditional\proc\p18f14k50.asm
                  REFCON2   0x000fbc       data     extern E:\3.46\pic18-lt\cxx-framework\src\traditional\proc\p18f14k50.asm
              REFCON2bits   0x000fbc       data     extern E:\3.46\pic18-lt\cxx-framework\src\traditional\proc\p18f14k50.asm
       ReceivedDataBuffer   0x000279       data     extern C:\Users\ISSOU_Kitahara\Documents\_Revive_Mini\ReviveMicro_FW_MAT_ver001\main.c
             RemoteWakeup   0x00016b       data     extern C:\Users\ISSOU_Kitahara\Documents\_Revive_Mini\ReviveMicro_FW_MAT_ver001\Microchip\USB\usb_device.c
                     SIGN   0x000000       data     extern E:\3.46\pic18-lt\cxx-framework\src\traditional\math\cmath18.asm
                   SLRCON   0x000f76       data     extern E:\3.46\pic18-lt\cxx-framework\src\traditional\proc\p18f14k50.asm
               SLRCONbits   0x000f76       data     extern E:\3.46\pic18-lt\cxx-framework\src\traditional\proc\p18f14k50.asm
                    SPBRG   0x000faf       data     extern E:\3.46\pic18-lt\cxx-framework\src\traditional\proc\p18f14k50.asm
                   SPBRGH   0x000fb0       data     extern E:\3.46\pic18-lt\cxx-framework\src\traditional\proc\p18f14k50.asm
                   SRCON0   0x000f68       data     extern E:\3.46\pic18-lt\cxx-framework\src\traditional\proc\p18f14k50.asm
               SRCON0bits   0x000f68       data     extern E:\3.46\pic18-lt\cxx-framework\src\traditional\proc\p18f14k50.asm
                   SRCON1   0x000f69       data     extern E:\3.46\pic18-lt\cxx-framework\src\traditional\proc\p18f14k50.asm
               SRCON1bits   0x000f69       data     extern E:\3.46\pic18-lt\cxx-framework\src\traditional\proc\p18f14k50.asm
                   SSPADD   0x000fc8       data     extern E:\3.46\pic18-lt\cxx-framework\src\traditional\proc\p18f14k50.asm
                   SSPBUF   0x000fc9       data     extern E:\3.46\pic18-lt\cxx-framework\src\traditional\proc\p18f14k50.asm
                  SSPCON1   0x000fc6       data     extern E:\3.46\pic18-lt\cxx-framework\src\traditional\proc\p18f14k50.asm
              SSPCON1bits   0x000fc6       data     extern E:\3.46\pic18-lt\cxx-framework\src\traditional\proc\p18f14k50.asm
                  SSPCON2   0x000fc5       data     extern E:\3.46\pic18-lt\cxx-framework\src\traditional\proc\p18f14k50.asm
              SSPCON2bits   0x000fc5       data     extern E:\3.46\pic18-lt\cxx-framework\src\traditional\proc\p18f14k50.asm
                   SSPMSK   0x000f6f       data     extern E:\3.46\pic18-lt\cxx-framework\src\traditional\proc\p18f14k50.asm
               SSPMSKbits   0x000f6f       data     extern E:\3.46\pic18-lt\cxx-framework\src\traditional\proc\p18f14k50.asm
                  SSPSTAT   0x000fc7       data     extern E:\3.46\pic18-lt\cxx-framework\src\traditional\proc\p18f14k50.asm
              SSPSTATbits   0x000fc7       data     extern E:\3.46\pic18-lt\cxx-framework\src\traditional\proc\p18f14k50.asm
                   STATUS   0x000fd8       data     extern E:\3.46\pic18-lt\cxx-framework\src\traditional\proc\p18f14k50.asm
               STATUSbits   0x000fd8       data     extern E:\3.46\pic18-lt\cxx-framework\src\traditional\proc\p18f14k50.asm
                   STKPTR   0x000ffc       data     extern E:\3.46\pic18-lt\cxx-framework\src\traditional\proc\p18f14k50.asm
               STKPTRbits   0x000ffc       data     extern E:\3.46\pic18-lt\cxx-framework\src\traditional\proc\p18f14k50.asm
                 SetupPkt   0x000250       data     extern C:\Users\ISSOU_Kitahara\Documents\_Revive_Mini\ReviveMicro_FW_MAT_ver001\Microchip\USB\usb_device.c
                    T0CON   0x000fd5       data     extern E:\3.46\pic18-lt\cxx-framework\src\traditional\proc\p18f14k50.asm
                T0CONbits   0x000fd5       data     extern E:\3.46\pic18-lt\cxx-framework\src\traditional\proc\p18f14k50.asm
                    T1CON   0x000fcd       data     extern E:\3.46\pic18-lt\cxx-framework\src\traditional\proc\p18f14k50.asm
                T1CONbits   0x000fcd       data     extern E:\3.46\pic18-lt\cxx-framework\src\traditional\proc\p18f14k50.asm
                    T2CON   0x000fca       data     extern E:\3.46\pic18-lt\cxx-framework\src\traditional\proc\p18f14k50.asm
                T2CONbits   0x000fca       data     extern E:\3.46\pic18-lt\cxx-framework\src\traditional\proc\p18f14k50.asm
                    T3CON   0x000fb1       data     extern E:\3.46\pic18-lt\cxx-framework\src\traditional\proc\p18f14k50.asm
                T3CONbits   0x000fb1       data     extern E:\3.46\pic18-lt\cxx-framework\src\traditional\proc\p18f14k50.asm
                   TABLAT   0x000ff5       data     extern E:\3.46\pic18-lt\cxx-framework\src\traditional\proc\p18f14k50.asm
                   TBLPTR   0x000ff6       data     extern E:\3.46\pic18-lt\cxx-framework\src\traditional\proc\p18f14k50.asm
                  TBLPTRH   0x000ff7       data     extern E:\3.46\pic18-lt\cxx-framework\src\traditional\proc\p18f14k50.asm
                  TBLPTRL   0x000ff6       data     extern E:\3.46\pic18-lt\cxx-framework\src\traditional\proc\p18f14k50.asm
                  TBLPTRU   0x000ff8       data     extern E:\3.46\pic18-lt\cxx-framework\src\traditional\proc\p18f14k50.asm
                    TMR0H   0x000fd7       data     extern E:\3.46\pic18-lt\cxx-framework\src\traditional\proc\p18f14k50.asm
                    TMR0L   0x000fd6       data     extern E:\3.46\pic18-lt\cxx-framework\src\traditional\proc\p18f14k50.asm
                    TMR1H   0x000fcf       data     extern E:\3.46\pic18-lt\cxx-framework\src\traditional\proc\p18f14k50.asm
                    TMR1L   0x000fce       data     extern E:\3.46\pic18-lt\cxx-framework\src\traditional\proc\p18f14k50.asm
                     TMR2   0x000fcc       data     extern E:\3.46\pic18-lt\cxx-framework\src\traditional\proc\p18f14k50.asm
                    TMR3H   0x000fb3       data     extern E:\3.46\pic18-lt\cxx-framework\src\traditional\proc\p18f14k50.asm
                    TMR3L   0x000fb2       data     extern E:\3.46\pic18-lt\cxx-framework\src\traditional\proc\p18f14k50.asm
                      TOS   0x000ffd       data     extern E:\3.46\pic18-lt\cxx-framework\src\traditional\proc\p18f14k50.asm
                     TOSH   0x000ffe       data     extern E:\3.46\pic18-lt\cxx-framework\src\traditional\proc\p18f14k50.asm
                     TOSL   0x000ffd       data     extern E:\3.46\pic18-lt\cxx-framework\src\traditional\proc\p18f14k50.asm
                     TOSU   0x000fff       data     extern E:\3.46\pic18-lt\cxx-framework\src\traditional\proc\p18f14k50.asm
                    TRISA   0x000f92       data     extern E:\3.46\pic18-lt\cxx-framework\src\traditional\proc\p18f14k50.asm
                TRISAbits   0x000f92       data     extern E:\3.46\pic18-lt\cxx-framework\src\traditional\proc\p18f14k50.asm
                    TRISB   0x000f93       data     extern E:\3.46\pic18-lt\cxx-framework\src\traditional\proc\p18f14k50.asm
                TRISBbits   0x000f93       data     extern E:\3.46\pic18-lt\cxx-framework\src\traditional\proc\p18f14k50.asm
                    TRISC   0x000f94       data     extern E:\3.46\pic18-lt\cxx-framework\src\traditional\proc\p18f14k50.asm
                TRISCbits   0x000f94       data     extern E:\3.46\pic18-lt\cxx-framework\src\traditional\proc\p18f14k50.asm
                    TXREG   0x000fad       data     extern E:\3.46\pic18-lt\cxx-framework\src\traditional\proc\p18f14k50.asm
                    TXSTA   0x000fac       data     extern E:\3.46\pic18-lt\cxx-framework\src\traditional\proc\p18f14k50.asm
                TXSTAbits   0x000fac       data     extern E:\3.46\pic18-lt\cxx-framework\src\traditional\proc\p18f14k50.asm
         ToSendDataBuffer   0x0002b9       data     extern C:\Users\ISSOU_Kitahara\Documents\_Revive_Mini\ReviveMicro_FW_MAT_ver001\main.c
                    UADDR   0x000f5c       data     extern E:\3.46\pic18-lt\cxx-framework\src\traditional\proc\p18f14k50.asm
                UADDRbits   0x000f5c       data     extern E:\3.46\pic18-lt\cxx-framework\src\traditional\proc\p18f14k50.asm
                     UCFG   0x000f61       data     extern E:\3.46\pic18-lt\cxx-framework\src\traditional\proc\p18f14k50.asm
                 UCFGbits   0x000f61       data     extern E:\3.46\pic18-lt\cxx-framework\src\traditional\proc\p18f14k50.asm
                     UCON   0x000f64       data     extern E:\3.46\pic18-lt\cxx-framework\src\traditional\proc\p18f14k50.asm
                 UCONbits   0x000f64       data     extern E:\3.46\pic18-lt\cxx-framework\src\traditional\proc\p18f14k50.asm
                     UEIE   0x000f5b       data     extern E:\3.46\pic18-lt\cxx-framework\src\traditional\proc\p18f14k50.asm
                 UEIEbits   0x000f5b       data     extern E:\3.46\pic18-lt\cxx-framework\src\traditional\proc\p18f14k50.asm
                     UEIR   0x000f5f       data     extern E:\3.46\pic18-lt\cxx-framework\src\traditional\proc\p18f14k50.asm
                 UEIRbits   0x000f5f       data     extern E:\3.46\pic18-lt\cxx-framework\src\traditional\proc\p18f14k50.asm
                     UEP0   0x000f53       data     extern E:\3.46\pic18-lt\cxx-framework\src\traditional\proc\p18f14k50.asm
                 UEP0bits   0x000f53       data     extern E:\3.46\pic18-lt\cxx-framework\src\traditional\proc\p18f14k50.asm
                     UEP1   0x000f54       data     extern E:\3.46\pic18-lt\cxx-framework\src\traditional\proc\p18f14k50.asm
                 UEP1bits   0x000f54       data     extern E:\3.46\pic18-lt\cxx-framework\src\traditional\proc\p18f14k50.asm
                     UEP2   0x000f55       data     extern E:\3.46\pic18-lt\cxx-framework\src\traditional\proc\p18f14k50.asm
                 UEP2bits   0x000f55       data     extern E:\3.46\pic18-lt\cxx-framework\src\traditional\proc\p18f14k50.asm
                     UEP3   0x000f56       data     extern E:\3.46\pic18-lt\cxx-framework\src\traditional\proc\p18f14k50.asm
                 UEP3bits   0x000f56       data     extern E:\3.46\pic18-lt\cxx-framework\src\traditional\proc\p18f14k50.asm
                     UEP4   0x000f57       data     extern E:\3.46\pic18-lt\cxx-framework\src\traditional\proc\p18f14k50.asm
                 UEP4bits   0x000f57       data     extern E:\3.46\pic18-lt\cxx-framework\src\traditional\proc\p18f14k50.asm
                     UEP5   0x000f58       data     extern E:\3.46\pic18-lt\cxx-framework\src\traditional\proc\p18f14k50.asm
                 UEP5bits   0x000f58       data     extern E:\3.46\pic18-lt\cxx-framework\src\traditional\proc\p18f14k50.asm
                     UEP6   0x000f59       data     extern E:\3.46\pic18-lt\cxx-framework\src\traditional\proc\p18f14k50.asm
                 UEP6bits   0x000f59       data     extern E:\3.46\pic18-lt\cxx-framework\src\traditional\proc\p18f14k50.asm
                     UEP7   0x000f5a       data     extern E:\3.46\pic18-lt\cxx-framework\src\traditional\proc\p18f14k50.asm
                 UEP7bits   0x000f5a       data     extern E:\3.46\pic18-lt\cxx-framework\src\traditional\proc\p18f14k50.asm
                    UFRMH   0x000f5e       data     extern E:\3.46\pic18-lt\cxx-framework\src\traditional\proc\p18f14k50.asm
                UFRMHbits   0x000f5e       data     extern E:\3.46\pic18-lt\cxx-framework\src\traditional\proc\p18f14k50.asm
                    UFRML   0x000f5d       data     extern E:\3.46\pic18-lt\cxx-framework\src\traditional\proc\p18f14k50.asm
                UFRMLbits   0x000f5d       data     extern E:\3.46\pic18-lt\cxx-framework\src\traditional\proc\p18f14k50.asm
                      UIE   0x000f60       data     extern E:\3.46\pic18-lt\cxx-framework\src\traditional\proc\p18f14k50.asm
                  UIEbits   0x000f60       data     extern E:\3.46\pic18-lt\cxx-framework\src\traditional\proc\p18f14k50.asm
                      UIR   0x000f62       data     extern E:\3.46\pic18-lt\cxx-framework\src\traditional\proc\p18f14k50.asm
                  UIRbits   0x000f62       data     extern E:\3.46\pic18-lt\cxx-framework\src\traditional\proc\p18f14k50.asm
   USBActiveConfiguration   0x000141       data     extern C:\Users\ISSOU_Kitahara\Documents\_Revive_Mini\ReviveMicro_FW_MAT_ver001\Microchip\USB\usb_device.c
    USBAlternateInterface   0x000142       data     extern C:\Users\ISSOU_Kitahara\Documents\_Revive_Mini\ReviveMicro_FW_MAT_ver001\Microchip\USB\usb_device.c
           USBDeviceState   0x000140       data     extern C:\Users\ISSOU_Kitahara\Documents\_Revive_Mini\ReviveMicro_FW_MAT_ver001\Microchip\USB\usb_device.c
                USBInData   0x000176       data     extern C:\Users\ISSOU_Kitahara\Documents\_Revive_Mini\ReviveMicro_FW_MAT_ver001\Microchip\USB\usb_device.c
              USBInHandle   0x000069       data     extern C:\Users\ISSOU_Kitahara\Documents\_Revive_Mini\ReviveMicro_FW_MAT_ver001\main.c
       USBInMaxPacketSize   0x00016e       data     extern C:\Users\ISSOU_Kitahara\Documents\_Revive_Mini\ReviveMicro_FW_MAT_ver001\Microchip\USB\usb_device.c
             USBOutHandle   0x000067       data     extern C:\Users\ISSOU_Kitahara\Documents\_Revive_Mini\ReviveMicro_FW_MAT_ver001\main.c
                    USTAT   0x000f63       data     extern E:\3.46\pic18-lt\cxx-framework\src\traditional\proc\p18f14k50.asm
                USTATbits   0x000f63       data     extern E:\3.46\pic18-lt\cxx-framework\src\traditional\proc\p18f14k50.asm
                USTATcopy   0x00016c       data     extern C:\Users\ISSOU_Kitahara\Documents\_Revive_Mini\ReviveMicro_FW_MAT_ver001\Microchip\USB\usb_device.c
                 VREFCON0   0x000fba       data     extern E:\3.46\pic18-lt\cxx-framework\src\traditional\proc\p18f14k50.asm
             VREFCON0bits   0x000fba       data     extern E:\3.46\pic18-lt\cxx-framework\src\traditional\proc\p18f14k50.asm
                 VREFCON1   0x000fbb       data     extern E:\3.46\pic18-lt\cxx-framework\src\traditional\proc\p18f14k50.asm
             VREFCON1bits   0x000fbb       data     extern E:\3.46\pic18-lt\cxx-framework\src\traditional\proc\p18f14k50.asm
                 VREFCON2   0x000fbc       data     extern E:\3.46\pic18-lt\cxx-framework\src\traditional\proc\p18f14k50.asm
             VREFCON2bits   0x000fbc       data     extern E:\3.46\pic18-lt\cxx-framework\src\traditional\proc\p18f14k50.asm
                        W   0x000fe8       data     extern E:\3.46\pic18-lt\cxx-framework\src\traditional\proc\p18f14k50.asm
                   WDTCON   0x000fd1       data     extern E:\3.46\pic18-lt\cxx-framework\src\traditional\proc\p18f14k50.asm
               WDTCONbits   0x000fd1       data     extern E:\3.46\pic18-lt\cxx-framework\src\traditional\proc\p18f14k50.asm
                     WPUA   0x000f77       data     extern E:\3.46\pic18-lt\cxx-framework\src\traditional\proc\p18f14k50.asm
                 WPUAbits   0x000f77       data     extern E:\3.46\pic18-lt\cxx-framework\src\traditional\proc\p18f14k50.asm
                     WPUB   0x000f78       data     extern E:\3.46\pic18-lt\cxx-framework\src\traditional\proc\p18f14k50.asm
                 WPUBbits   0x000f78       data     extern E:\3.46\pic18-lt\cxx-framework\src\traditional\proc\p18f14k50.asm
                     WREG   0x000fe8       data     extern E:\3.46\pic18-lt\cxx-framework\src\traditional\proc\p18f14k50.asm
                 __AARGB0   0x000009       data     extern E:\3.46\pic18-lt\cxx-framework\src\traditional\math\aarg.asm
                 __AARGB1   0x000008       data     extern E:\3.46\pic18-lt\cxx-framework\src\traditional\math\aarg.asm
                 __AARGB2   0x000007       data     extern E:\3.46\pic18-lt\cxx-framework\src\traditional\math\aarg.asm
                 __AARGB3   0x000006       data     extern E:\3.46\pic18-lt\cxx-framework\src\traditional\math\aarg.asm
                 __AARGB4   0x000005       data     extern E:\3.46\pic18-lt\cxx-framework\src\traditional\math\aarg.asm
                 __AARGB5   0x000004       data     extern E:\3.46\pic18-lt\cxx-framework\src\traditional\math\aarg.asm
                 __AARGB6   0x000003       data     extern E:\3.46\pic18-lt\cxx-framework\src\traditional\math\aarg.asm
                 __AARGB7   0x000002       data     extern E:\3.46\pic18-lt\cxx-framework\src\traditional\math\aarg.asm
                   __AEXP   0x00000a       data     extern E:\3.46\pic18-lt\cxx-framework\src\traditional\math\aarg.asm
                 __BARGB0   0x00000e       data     extern E:\3.46\pic18-lt\cxx-framework\src\traditional\math\barg.asm
                 __BARGB1   0x00000d       data     extern E:\3.46\pic18-lt\cxx-framework\src\traditional\math\barg.asm
                 __BARGB2   0x00000c       data     extern E:\3.46\pic18-lt\cxx-framework\src\traditional\math\barg.asm
                 __BARGB3   0x00000b       data     extern E:\3.46\pic18-lt\cxx-framework\src\traditional\math\barg.asm
                   __BEXP   0x00000f       data     extern E:\3.46\pic18-lt\cxx-framework\src\traditional\math\barg.asm
                __FPFLAGS   0x000001       data     extern E:\3.46\pic18-lt\cxx-framework\src\traditional\math\cmath18.asm
            __FPFLAGSbits   0x000001       data     extern E:\3.46\pic18-lt\cxx-framework\src\traditional\math\cmath18.asm
                  __REMB0   0x000005       data     extern E:\3.46\pic18-lt\cxx-framework\src\traditional\math\aarg.asm
                  __REMB1   0x000004       data     extern E:\3.46\pic18-lt\cxx-framework\src\traditional\math\aarg.asm
                  __REMB2   0x000003       data     extern E:\3.46\pic18-lt\cxx-framework\src\traditional\math\aarg.asm
                  __REMB3   0x000002       data     extern E:\3.46\pic18-lt\cxx-framework\src\traditional\math\aarg.asm
                   __TEMP   0x000013       data     extern E:\3.46\pic18-lt\cxx-framework\src\traditional\math\temparg.asm
                 __TEMPB0   0x000013       data     extern E:\3.46\pic18-lt\cxx-framework\src\traditional\math\temparg.asm
                 __TEMPB1   0x000012       data     extern E:\3.46\pic18-lt\cxx-framework\src\traditional\math\temparg.asm
                 __TEMPB2   0x000011       data     extern E:\3.46\pic18-lt\cxx-framework\src\traditional\math\temparg.asm
                 __TEMPB3   0x000010       data     extern E:\3.46\pic18-lt\cxx-framework\src\traditional\math\temparg.asm
                  __tmp_0   0x000014       data     static C:\Users\ISSOU_Kitahara\Documents\_Revive_Mini\ReviveMicro_FW_MAT_ver001\Microchip\USB\usb_device.c
                  __tmp_0   0x000014       data     static C:\Users\ISSOU_Kitahara\Documents\_Revive_Mini\ReviveMicro_FW_MAT_ver001\main.c
          active_protocol   0x0000f7       data     extern C:\Users\ISSOU_Kitahara\Documents\_Revive_Mini\ReviveMicro_FW_MAT_ver001\Microchip\USB\HID Device Driver\usb_function_hid.c
                c_version   0x000060       data     extern C:\Users\ISSOU_Kitahara\Documents\_Revive_Mini\ReviveMicro_FW_MAT_ver001\main.c
     controlTransferState   0x00015c       data     extern C:\Users\ISSOU_Kitahara\Documents\_Revive_Mini\ReviveMicro_FW_MAT_ver001\Microchip\USB\usb_device.c
                curr_byte   0x0000ef       data     static E:\3.46\pic18-lt\cxx-framework\src\traditional\startup\c018i.c
               curr_entry   0x0000f1       data     static E:\3.46\pic18-lt\cxx-framework\src\traditional\startup\c018i.c
                 data_ptr   0x0000f3       data     static E:\3.46\pic18-lt\cxx-framework\src\traditional\startup\c018i.c
              delay_count   0x0001a2       data     static C:\Users\ISSOU_Kitahara\Documents\_Revive_Mini\ReviveMicro_FW_MAT_ver001\main.c
              eeprom_data   0x00007d       data     extern C:\Users\ISSOU_Kitahara\Documents\_Revive_Mini\ReviveMicro_FW_MAT_ver001\main.c
               hid_report   0x000271       data     extern C:\Users\ISSOU_Kitahara\Documents\_Revive_Mini\ReviveMicro_FW_MAT_ver001\main.c
            hid_report_in   0x000261       data     extern C:\Users\ISSOU_Kitahara\Documents\_Revive_Mini\ReviveMicro_FW_MAT_ver001\Microchip\USB\usb_device.c
           hid_report_out   0x000260       data     extern C:\Users\ISSOU_Kitahara\Documents\_Revive_Mini\ReviveMicro_FW_MAT_ver001\Microchip\USB\usb_device.c
      hid_report_out_flag   0x0000eb       data     extern C:\Users\ISSOU_Kitahara\Documents\_Revive_Mini\ReviveMicro_FW_MAT_ver001\main.c
                idle_rate   0x0000f6       data     extern C:\Users\ISSOU_Kitahara\Documents\_Revive_Mini\ReviveMicro_FW_MAT_ver001\Microchip\USB\HID Device Driver\usb_function_hid.c
                  inPipes   0x00015d       data     extern C:\Users\ISSOU_Kitahara\Documents\_Revive_Mini\ReviveMicro_FW_MAT_ver001\Microchip\USB\usb_device.c
          joystick_buffer   0x000182       data     extern C:\Users\ISSOU_Kitahara\Documents\_Revive_Mini\ReviveMicro_FW_MAT_ver001\main.c
           joystick_input   0x000269       data     extern C:\Users\ISSOU_Kitahara\Documents\_Revive_Mini\ReviveMicro_FW_MAT_ver001\main.c
  joystick_input_out_flag   0x0000e9       data     extern C:\Users\ISSOU_Kitahara\Documents\_Revive_Mini\ReviveMicro_FW_MAT_ver001\main.c
          keyboard_buffer   0x000186       data     extern C:\Users\ISSOU_Kitahara\Documents\_Revive_Mini\ReviveMicro_FW_MAT_ver001\main.c
lastINTransmissionKeyboard   0x000192       data     extern C:\Users\ISSOU_Kitahara\Documents\_Revive_Mini\ReviveMicro_FW_MAT_ver001\main.c
lastOUTTransmissionKeyboard   0x000194       data     extern C:\Users\ISSOU_Kitahara\Documents\_Revive_Mini\ReviveMicro_FW_MAT_ver001\main.c
         lastTransmission   0x00018e       data     extern C:\Users\ISSOU_Kitahara\Documents\_Revive_Mini\ReviveMicro_FW_MAT_ver001\main.c
        lastTransmission2   0x000190       data     extern C:\Users\ISSOU_Kitahara\Documents\_Revive_Mini\ReviveMicro_FW_MAT_ver001\main.c
             mouse_buffer   0x00017e       data     extern C:\Users\ISSOU_Kitahara\Documents\_Revive_Mini\ReviveMicro_FW_MAT_ver001\main.c
              mouse_input   0x00026d       data     extern C:\Users\ISSOU_Kitahara\Documents\_Revive_Mini\ReviveMicro_FW_MAT_ver001\main.c
     mouse_input_out_flag   0x0000ea       data     extern C:\Users\ISSOU_Kitahara\Documents\_Revive_Mini\ReviveMicro_FW_MAT_ver001\main.c
          mouse_move_down   0x000197       data     extern C:\Users\ISSOU_Kitahara\Documents\_Revive_Mini\ReviveMicro_FW_MAT_ver001\main.c
          mouse_move_left   0x000198       data     extern C:\Users\ISSOU_Kitahara\Documents\_Revive_Mini\ReviveMicro_FW_MAT_ver001\main.c
         mouse_move_right   0x000199       data     extern C:\Users\ISSOU_Kitahara\Documents\_Revive_Mini\ReviveMicro_FW_MAT_ver001\main.c
[...]
                 DDRAbits   0x000f92       data     extern E:\3.46\pic18-lt\cxx-framework\src\traditional\proc\p18f14k50.asm
                TRISBbits   0x000f93       data     extern E:\3.46\pic18-lt\cxx-framework\src\traditional\proc\p18f14k50.asm
                    TRISB   0x000f93       data     extern E:\3.46\pic18-lt\cxx-framework\src\traditional\proc\p18f14k50.asm
                     DDRB   0x000f93       data     extern E:\3.46\pic18-lt\cxx-framework\src\traditional\proc\p18f14k50.asm
                 DDRBbits   0x000f93       data     extern E:\3.46\pic18-lt\cxx-framework\src\traditional\proc\p18f14k50.asm
                TRISCbits   0x000f94       data     extern E:\3.46\pic18-lt\cxx-framework\src\traditional\proc\p18f14k50.asm
                    TRISC   0x000f94       data     extern E:\3.46\pic18-lt\cxx-framework\src\traditional\proc\p18f14k50.asm
                 DDRCbits   0x000f94       data     extern E:\3.46\pic18-lt\cxx-framework\src\traditional\proc\p18f14k50.asm
                     DDRC   0x000f94       data     extern E:\3.46\pic18-lt\cxx-framework\src\traditional\proc\p18f14k50.asm
                  OSCTUNE   0x000f9b       data     extern E:\3.46\pic18-lt\cxx-framework\src\traditional\proc\p18f14k50.asm
              OSCTUNEbits   0x000f9b       data     extern E:\3.46\pic18-lt\cxx-framework\src\traditional\proc\p18f14k50.asm
                 PIE1bits   0x000f9d       data     extern E:\3.46\pic18-lt\cxx-framework\src\traditional\proc\p18f14k50.asm
                     PIE1   0x000f9d       data     extern E:\3.46\pic18-lt\cxx-framework\src\traditional\proc\p18f14k50.asm
                 PIR1bits   0x000f9e       data     extern E:\3.46\pic18-lt\cxx-framework\src\traditional\proc\p18f14k50.asm
                     PIR1   0x000f9e       data     extern E:\3.46\pic18-lt\cxx-framework\src\traditional\proc\p18f14k50.asm
                 IPR1bits   0x000f9f       data     extern E:\3.46\pic18-lt\cxx-framework\src\traditional\proc\p18f14k50.asm
                     IPR1   0x000f9f       data     extern E:\3.46\pic18-lt\cxx-framework\src\traditional\proc\p18f14k50.asm
                 PIE2bits   0x000fa0       data     extern E:\3.46\pic18-lt\cxx-framework\src\traditional\proc\p18f14k50.asm
                     PIE2   0x000fa0       data     extern E:\3.46\pic18-lt\cxx-framework\src\traditional\proc\p18f14k50.asm
                 PIR2bits   0x000fa1       data     extern E:\3.46\pic18-lt\cxx-framework\src\traditional\proc\p18f14k50.asm
                     PIR2   0x000fa1       data     extern E:\3.46\pic18-lt\cxx-framework\src\traditional\proc\p18f14k50.asm
                 IPR2bits   0x000fa2       data     extern E:\3.46\pic18-lt\cxx-framework\src\traditional\proc\p18f14k50.asm
                     IPR2   0x000fa2       data     extern E:\3.46\pic18-lt\cxx-framework\src\traditional\proc\p18f14k50.asm
               EECON1bits   0x000fa6       data     extern E:\3.46\pic18-lt\cxx-framework\src\traditional\proc\p18f14k50.asm
                   EECON1   0x000fa6       data     extern E:\3.46\pic18-lt\cxx-framework\src\traditional\proc\p18f14k50.asm
                   EECON2   0x000fa7       data     extern E:\3.46\pic18-lt\cxx-framework\src\traditional\proc\p18f14k50.asm
                   EEDATA   0x000fa8       data     extern E:\3.46\pic18-lt\cxx-framework\src\traditional\proc\p18f14k50.asm
                EEADRbits   0x000fa9       data     extern E:\3.46\pic18-lt\cxx-framework\src\traditional\proc\p18f14k50.asm
                    EEADR   0x000fa9       data     extern E:\3.46\pic18-lt\cxx-framework\src\traditional\proc\p18f14k50.asm
                    RCSTA   0x000fab       data     extern E:\3.46\pic18-lt\cxx-framework\src\traditional\proc\p18f14k50.asm
                RCSTAbits   0x000fab       data     extern E:\3.46\pic18-lt\cxx-framework\src\traditional\proc\p18f14k50.asm
                TXSTAbits   0x000fac       data     extern E:\3.46\pic18-lt\cxx-framework\src\traditional\proc\p18f14k50.asm
                    TXSTA   0x000fac       data     extern E:\3.46\pic18-lt\cxx-framework\src\traditional\proc\p18f14k50.asm
                    TXREG   0x000fad       data     extern E:\3.46\pic18-lt\cxx-framework\src\traditional\proc\p18f14k50.asm
                    RCREG   0x000fae       data     extern E:\3.46\pic18-lt\cxx-framework\src\traditional\proc\p18f14k50.asm
                    SPBRG   0x000faf       data     extern E:\3.46\pic18-lt\cxx-framework\src\traditional\proc\p18f14k50.asm
                   SPBRGH   0x000fb0       data     extern E:\3.46\pic18-lt\cxx-framework\src\traditional\proc\p18f14k50.asm
                    T3CON   0x000fb1       data     extern E:\3.46\pic18-lt\cxx-framework\src\traditional\proc\p18f14k50.asm
                T3CONbits   0x000fb1       data     extern E:\3.46\pic18-lt\cxx-framework\src\traditional\proc\p18f14k50.asm
                    TMR3L   0x000fb2       data     extern E:\3.46\pic18-lt\cxx-framework\src\traditional\proc\p18f14k50.asm
                    TMR3H   0x000fb3       data     extern E:\3.46\pic18-lt\cxx-framework\src\traditional\proc\p18f14k50.asm
                  ECCP1AS   0x000fb6       data     extern E:\3.46\pic18-lt\cxx-framework\src\traditional\proc\p18f14k50.asm
              ECCP1ASbits   0x000fb6       data     extern E:\3.46\pic18-lt\cxx-framework\src\traditional\proc\p18f14k50.asm
                  PWM1CON   0x000fb7       data     extern E:\3.46\pic18-lt\cxx-framework\src\traditional\proc\p18f14k50.asm
              PWM1CONbits   0x000fb7       data     extern E:\3.46\pic18-lt\cxx-framework\src\traditional\proc\p18f14k50.asm
              BAUDCONbits   0x000fb8       data     extern E:\3.46\pic18-lt\cxx-framework\src\traditional\proc\p18f14k50.asm
                  BAUDCON   0x000fb8       data     extern E:\3.46\pic18-lt\cxx-framework\src\traditional\proc\p18f14k50.asm
              BAUDCTLbits   0x000fb8       data     extern E:\3.46\pic18-lt\cxx-framework\src\traditional\proc\p18f14k50.asm
                  BAUDCTL   0x000fb8       data     extern E:\3.46\pic18-lt\cxx-framework\src\traditional\proc\p18f14k50.asm
                  PSTRCON   0x000fb9       data     extern E:\3.46\pic18-lt\cxx-framework\src\traditional\proc\p18f14k50.asm
              PSTRCONbits   0x000fb9       data     extern E:\3.46\pic18-lt\cxx-framework\src\traditional\proc\p18f14k50.asm
             VREFCON0bits   0x000fba       data     extern E:\3.46\pic18-lt\cxx-framework\src\traditional\proc\p18f14k50.asm
                 VREFCON0   0x000fba       data     extern E:\3.46\pic18-lt\cxx-framework\src\traditional\proc\p18f14k50.asm
              REFCON0bits   0x000fba       data     extern E:\3.46\pic18-lt\cxx-framework\src\traditional\proc\p18f14k50.asm
                  REFCON0   0x000fba       data     extern E:\3.46\pic18-lt\cxx-framework\src\traditional\proc\p18f14k50.asm
                  REFCON1   0x000fbb       data     extern E:\3.46\pic18-lt\cxx-framework\src\traditional\proc\p18f14k50.asm
              REFCON1bits   0x000fbb       data     extern E:\3.46\pic18-lt\cxx-framework\src\traditional\proc\p18f14k50.asm
             VREFCON1bits   0x000fbb       data     extern E:\3.46\pic18-lt\cxx-framework\src\traditional\proc\p18f14k50.asm
                 VREFCON1   0x000fbb       data     extern E:\3.46\pic18-lt\cxx-framework\src\traditional\proc\p18f14k50.asm
                  REFCON2   0x000fbc       data     extern E:\3.46\pic18-lt\cxx-framework\src\traditional\proc\p18f14k50.asm
              REFCON2bits   0x000fbc       data     extern E:\3.46\pic18-lt\cxx-framework\src\traditional\proc\p18f14k50.asm
             VREFCON2bits   0x000fbc       data     extern E:\3.46\pic18-lt\cxx-framework\src\traditional\proc\p18f14k50.asm
                 VREFCON2   0x000fbc       data     extern E:\3.46\pic18-lt\cxx-framework\src\traditional\proc\p18f14k50.asm
                  CCP1CON   0x000fbd       data     extern E:\3.46\pic18-lt\cxx-framework\src\traditional\proc\p18f14k50.asm
              CCP1CONbits   0x000fbd       data     extern E:\3.46\pic18-lt\cxx-framework\src\traditional\proc\p18f14k50.asm
                    CCPR1   0x000fbe       data     extern E:\3.46\pic18-lt\cxx-framework\src\traditional\proc\p18f14k50.asm
                   CCPR1L   0x000fbe       data     extern E:\3.46\pic18-lt\cxx-framework\src\traditional\proc\p18f14k50.asm
                   CCPR1H   0x000fbf       data     extern E:\3.46\pic18-lt\cxx-framework\src\traditional\proc\p18f14k50.asm
                   ADCON2   0x000fc0       data     extern E:\3.46\pic18-lt\cxx-framework\src\traditional\proc\p18f14k50.asm
               ADCON2bits   0x000fc0       data     extern E:\3.46\pic18-lt\cxx-framework\src\traditional\proc\p18f14k50.asm
               ADCON1bits   0x000fc1       data     extern E:\3.46\pic18-lt\cxx-framework\src\traditional\proc\p18f14k50.asm
                   ADCON1   0x000fc1       data     extern E:\3.46\pic18-lt\cxx-framework\src\traditional\proc\p18f14k50.asm
                   ADCON0   0x000fc2       data     extern E:\3.46\pic18-lt\cxx-framework\src\traditional\proc\p18f14k50.asm
               ADCON0bits   0x000fc2       data     extern E:\3.46\pic18-lt\cxx-framework\src\traditional\proc\p18f14k50.asm
                   ADRESL   0x000fc3       data     extern E:\3.46\pic18-lt\cxx-framework\src\traditional\proc\p18f14k50.asm
                    ADRES   0x000fc3       data     extern E:\3.46\pic18-lt\cxx-framework\src\traditional\proc\p18f14k50.asm
                   ADRESH   0x000fc4       data     extern E:\3.46\pic18-lt\cxx-framework\src\traditional\proc\p18f14k50.asm
                  SSPCON2   0x000fc5       data     extern E:\3.46\pic18-lt\cxx-framework\src\traditional\proc\p18f14k50.asm
              SSPCON2bits   0x000fc5       data     extern E:\3.46\pic18-lt\cxx-framework\src\traditional\proc\p18f14k50.asm
              SSPCON1bits   0x000fc6       data     extern E:\3.46\pic18-lt\cxx-framework\src\traditional\proc\p18f14k50.asm
                  SSPCON1   0x000fc6       data     extern E:\3.46\pic18-lt\cxx-framework\src\traditional\proc\p18f14k50.asm
                  SSPSTAT   0x000fc7       data     extern E:\3.46\pic18-lt\cxx-framework\src\traditional\proc\p18f14k50.asm
              SSPSTATbits   0x000fc7       data     extern E:\3.46\pic18-lt\cxx-framework\src\traditional\proc\p18f14k50.asm
                   SSPADD   0x000fc8       data     extern E:\3.46\pic18-lt\cxx-framework\src\traditional\proc\p18f14k50.asm
                   SSPBUF   0x000fc9       data     extern E:\3.46\pic18-lt\cxx-framework\src\traditional\proc\p18f14k50.asm
                T2CONbits   0x000fca       data     extern E:\3.46\pic18-lt\cxx-framework\src\traditional\proc\p18f14k50.asm
                    T2CON   0x000fca       data     extern E:\3.46\pic18-lt\cxx-framework\src\traditional\proc\p18f14k50.asm
                      PR2   0x000fcb       data     extern E:\3.46\pic18-lt\cxx-framework\src\traditional\proc\p18f14k50.asm
                     TMR2   0x000fcc       data     extern E:\3.46\pic18-lt\cxx-framework\src\traditional\proc\p18f14k50.asm
                T1CONbits   0x000fcd       data     extern E:\3.46\pic18-lt\cxx-framework\src\traditional\proc\p18f14k50.asm
                    T1CON   0x000fcd       data     extern E:\3.46\pic18-lt\cxx-framework\src\traditional\proc\p18f14k50.asm
                    TMR1L   0x000fce       data     extern E:\3.46\pic18-lt\cxx-framework\src\traditional\proc\p18f14k50.asm
                    TMR1H   0x000fcf       data     extern E:\3.46\pic18-lt\cxx-framework\src\traditional\proc\p18f14k50.asm
                     RCON   0x000fd0       data     extern E:\3.46\pic18-lt\cxx-framework\src\traditional\proc\p18f14k50.asm
                 RCONbits   0x000fd0       data     extern E:\3.46\pic18-lt\cxx-framework\src\traditional\proc\p18f14k50.asm
               WDTCONbits   0x000fd1       data     extern E:\3.46\pic18-lt\cxx-framework\src\traditional\proc\p18f14k50.asm
                   WDTCON   0x000fd1       data     extern E:\3.46\pic18-lt\cxx-framework\src\traditional\proc\p18f14k50.asm
                  OSCCON2   0x000fd2       data     extern E:\3.46\pic18-lt\cxx-framework\src\traditional\proc\p18f14k50.asm
              OSCCON2bits   0x000fd2       data     extern E:\3.46\pic18-lt\cxx-framework\src\traditional\proc\p18f14k50.asm
               OSCCONbits   0x000fd3       data     extern E:\3.46\pic18-lt\cxx-framework\src\traditional\proc\p18f14k50.asm
                   OSCCON   0x000fd3       data     extern E:\3.46\pic18-lt\cxx-framework\src\traditional\proc\p18f14k50.asm
                T0CONbits   0x000fd5       data     extern E:\3.46\pic18-lt\cxx-framework\src\traditional\proc\p18f14k50.asm
                    T0CON   0x000fd5       data     extern E:\3.46\pic18-lt\cxx-framework\src\traditional\proc\p18f14k50.asm
                    TMR0L   0x000fd6       data     extern E:\3.46\pic18-lt\cxx-framework\src\traditional\proc\p18f14k50.asm
                    TMR0H   0x000fd7       data     extern E:\3.46\pic18-lt\cxx-framework\src\traditional\proc\p18f14k50.asm
                   STATUS   0x000fd8       data     extern E:\3.46\pic18-lt\cxx-framework\src\traditional\proc\p18f14k50.asm
               STATUSbits   0x000fd8       data     extern E:\3.46\pic18-lt\cxx-framework\src\traditional\proc\p18f14k50.asm
                     FSR2   0x000fd9       data     extern E:\3.46\pic18-lt\cxx-framework\src\traditional\proc\p18f14k50.asm
                    FSR2L   0x000fd9       data     extern E:\3.46\pic18-lt\cxx-framework\src\traditional\proc\p18f14k50.asm
                    FSR2H   0x000fda       data     extern E:\3.46\pic18-lt\cxx-framework\src\traditional\proc\p18f14k50.asm
                   PLUSW2   0x000fdb       data     extern E:\3.46\pic18-lt\cxx-framework\src\traditional\proc\p18f14k50.asm
                  PREINC2   0x000fdc       data     extern E:\3.46\pic18-lt\cxx-framework\src\traditional\proc\p18f14k50.asm
                 POSTDEC2   0x000fdd       data     extern E:\3.46\pic18-lt\cxx-framework\src\traditional\proc\p18f14k50.asm
                 POSTINC2   0x000fde       data     extern E:\3.46\pic18-lt\cxx-framework\src\traditional\proc\p18f14k50.asm
                    INDF2   0x000fdf       data     extern E:\3.46\pic18-lt\cxx-framework\src\traditional\proc\p18f14k50.asm
                      BSR   0x000fe0       data     extern E:\3.46\pic18-lt\cxx-framework\src\traditional\proc\p18f14k50.asm
                     FSR1   0x000fe1       data     extern E:\3.46\pic18-lt\cxx-framework\src\traditional\proc\p18f14k50.asm
                    FSR1L   0x000fe1       data     extern E:\3.46\pic18-lt\cxx-framework\src\traditional\proc\p18f14k50.asm
                    FSR1H   0x000fe2       data     extern E:\3.46\pic18-lt\cxx-framework\src\traditional\proc\p18f14k50.asm
                   PLUSW1   0x000fe3       data     extern E:\3.46\pic18-lt\cxx-framework\src\traditional\proc\p18f14k50.asm
                  PREINC1   0x000fe4       data     extern E:\3.46\pic18-lt\cxx-framework\src\traditional\proc\p18f14k50.asm
                 POSTDEC1   0x000fe5       data     extern E:\3.46\pic18-lt\cxx-framework\src\traditional\proc\p18f14k50.asm
                 POSTINC1   0x000fe6       data     extern E:\3.46\pic18-lt\cxx-framework\src\traditional\proc\p18f14k50.asm
                    INDF1   0x000fe7       data     extern E:\3.46\pic18-lt\cxx-framework\src\traditional\proc\p18f14k50.asm
                        W   0x000fe8       data     extern E:\3.46\pic18-lt\cxx-framework\src\traditional\proc\p18f14k50.asm
                     WREG   0x000fe8       data     extern E:\3.46\pic18-lt\cxx-framework\src\traditional\proc\p18f14k50.asm
                     FSR0   0x000fe9       data     extern E:\3.46\pic18-lt\cxx-framework\src\traditional\proc\p18f14k50.asm
                    FSR0L   0x000fe9       data     extern E:\3.46\pic18-lt\cxx-framework\src\traditional\proc\p18f14k50.asm
                    FSR0H   0x000fea       data     extern E:\3.46\pic18-lt\cxx-framework\src\traditional\proc\p18f14k50.asm
                   PLUSW0   0x000feb       data     extern E:\3.46\pic18-lt\cxx-framework\src\traditional\proc\p18f14k50.asm
                  PREINC0   0x000fec       data     extern E:\3.46\pic18-lt\cxx-framework\src\traditional\proc\p18f14k50.asm
                 POSTDEC0   0x000fed       data     extern E:\3.46\pic18-lt\cxx-framework\src\traditional\proc\p18f14k50.asm
                 POSTINC0   0x000fee       data     extern E:\3.46\pic18-lt\cxx-framework\src\traditional\proc\p18f14k50.asm
                    INDF0   0x000fef       data     extern E:\3.46\pic18-lt\cxx-framework\src\traditional\proc\p18f14k50.asm
                  INTCON3   0x000ff0       data     extern E:\3.46\pic18-lt\cxx-framework\src\traditional\proc\p18f14k50.asm
              INTCON3bits   0x000ff0       data     extern E:\3.46\pic18-lt\cxx-framework\src\traditional\proc\p18f14k50.asm
                  INTCON2   0x000ff1       data     extern E:\3.46\pic18-lt\cxx-framework\src\traditional\proc\p18f14k50.asm
              INTCON2bits   0x000ff1       data     extern E:\3.46\pic18-lt\cxx-framework\src\traditional\proc\p18f14k50.asm
               INTCONbits   0x000ff2       data     extern E:\3.46\pic18-lt\cxx-framework\src\traditional\proc\p18f14k50.asm
                   INTCON   0x000ff2       data     extern E:\3.46\pic18-lt\cxx-framework\src\traditional\proc\p18f14k50.asm
                     PROD   0x000ff3       data     extern E:\3.46\pic18-lt\cxx-framework\src\traditional\proc\p18f14k50.asm
                    PRODL   0x000ff3       data     extern E:\3.46\pic18-lt\cxx-framework\src\traditional\proc\p18f14k50.asm
                    PRODH   0x000ff4       data     extern E:\3.46\pic18-lt\cxx-framework\src\traditional\proc\p18f14k50.asm
                   TABLAT   0x000ff5       data     extern E:\3.46\pic18-lt\cxx-framework\src\traditional\proc\p18f14k50.asm
                  TBLPTRL   0x000ff6       data     extern E:\3.46\pic18-lt\cxx-framework\src\traditional\proc\p18f14k50.asm
                   TBLPTR   0x000ff6       data     extern E:\3.46\pic18-lt\cxx-framework\src\traditional\proc\p18f14k50.asm
                  TBLPTRH   0x000ff7       data     extern E:\3.46\pic18-lt\cxx-framework\src\traditional\proc\p18f14k50.asm
                  TBLPTRU   0x000ff8       data     extern E:\3.46\pic18-lt\cxx-framework\src\traditional\proc\p18f14k50.asm
                      PCL   0x000ff9       data     extern E:\3.46\pic18-lt\cxx-framework\src\traditional\proc\p18f14k50.asm
                       PC   0x000ff9       data     extern E:\3.46\pic18-lt\cxx-framework\src\traditional\proc\p18f14k50.asm
                   PCLATH   0x000ffa       data     extern E:\3.46\pic18-lt\cxx-framework\src\traditional\proc\p18f14k50.asm
                   PCLATU   0x000ffb       data     extern E:\3.46\pic18-lt\cxx-framework\src\traditional\proc\p18f14k50.asm
               STKPTRbits   0x000ffc       data     extern E:\3.46\pic18-lt\cxx-framework\src\traditional\proc\p18f14k50.asm
                   STKPTR   0x000ffc       data     extern E:\3.46\pic18-lt\cxx-framework\src\traditional\proc\p18f14k50.asm
                      TOS   0x000ffd       data     extern E:\3.46\pic18-lt\cxx-framework\src\traditional\proc\p18f14k50.asm
                     TOSL   0x000ffd       data     extern E:\3.46\pic18-lt\cxx-framework\src\traditional\proc\p18f14k50.asm
                     TOSH   0x000ffe       data     extern E:\3.46\pic18-lt\cxx-framework\src\traditional\proc\p18f14k50.asm
                     TOSU   0x000fff       data     extern E:\3.46\pic18-lt\cxx-framework\src\traditional\proc\p18f14k50.asm


